#
# A fatal error has been detected by the Java Runtime Environment:
#
#  EXCEPTION_ACCESS_VIOLATION (0xc0000005) at pc=0x00007ffe25b1cf90, pid=11468, tid=6004
#
# JRE version: OpenJDK Runtime Environment Temurin-21.0.6+7 (21.0.6+7) (build 21.0.6+7-LTS)
# Java VM: OpenJDK 64-Bit Server VM Temurin-21.0.6+7 (21.0.6+7-LTS, mixed mode, emulated-client, sharing, tiered, compressed oops, compressed class ptrs, g1 gc, windows-amd64)
# Problematic frame:
# V  [jvm.dll+0x43cf90]
#
# No core dump will be written. Minidumps are not enabled by default on client versions of Windows
#
# If you would like to submit a bug report, please visit:
#   https://github.com/adoptium/adoptium-support/issues
#

---------------  S U M M A R Y ------------

Command Line: -XX:+ShowCodeDetailsInExceptionMessages -agentlib:jdwp=transport=dt_socket,suspend=y,address=localhost:49499 -Dcom.sun.management.jmxremote -Dcom.sun.management.jmxremote.port=49498 -Dcom.sun.management.jmxremote.authenticate=false -Dcom.sun.management.jmxremote.ssl=false -Djava.rmi.server.hostname=localhost -Dspring.jmx.enabled=true -Dmanagement.endpoints.jmx.exposure.include=* -Dspring.application.admin.enabled=true -Dspring.output.ansi.enabled=always -XX:TieredStopAtLevel=1 -Dspring.boot.project.name=broker-service -javaagent:C:\Users\gowda\OneDrive\Documents\sts-4.30.0.RELEASE\configuration\org.eclipse.osgi\270\0\.cp\lib\javaagent-shaded.jar -Dfile.encoding=UTF-8 -Dstdout.encoding=UTF-8 -Dstderr.encoding=UTF-8 com.algotrade.broker_service.BrokerServiceApplication

Host: Intel(R) Core(TM) i5-1035G1 CPU @ 1.00GHz, 8 cores, 7G,  Windows 11 , 64 bit Build 26100 (10.0.26100.8737)
Time: Sun Jun 28 12:20:07 2026 India Standard Time elapsed time: 814.436506 seconds (0d 0h 13m 34s)

---------------  T H R E A D  ---------------

Current thread (0x00000249f5c5eb00):  JavaThread "JDWP Event Helper Thread" daemon [_thread_in_vm, id=6004, stack(0x000000cbb4000000,0x000000cbb4100000) (1024K)]

Stack: [0x000000cbb4000000,0x000000cbb4100000],  sp=0x000000cbb40ff7a0,  free space=1021k
Native frames: (J=compiled Java code, j=interpreted, Vv=VM code, C=native code)
V  [jvm.dll+0x43cf90]
C  [jdwp.dll+0x28e12]


siginfo: EXCEPTION_ACCESS_VIOLATION (0xc0000005), reading address 0x0000024a0530ff18


Registers:
RAX=0x00000249fc215c60, RBX=0x00000249f5c5eb00, RCX=0x0000000000000038, RDX=0x0000000000000010
RSP=0x000000cbb40ff7a0, RBP=0x000002498000e740, RSI=0x00000249fa77e5fa, RDI=0x00000249fa77e500
R8 =0x0000024a0530fee0, R9 =0x00000249fa77e5fa, R10=0x00007ffe912c0000, R11=0x000000000000ff00
R12=0x00007ffe8d130250, R13=0x00007ffe8d130d38, R14=0x00000249f5a9be8a, R15=0x00007ffe8d12c408
RIP=0x00007ffe25b1cf90, EFLAGS=0x0000000000010202

XMM[0]=0x0000000000000000 0x0000000000000000
XMM[1]=0x0000000000000000 0x42c9b6cc2207f800
XMM[2]=0x0000000000000000 0x0000000000000000
XMM[3]=0x0000000000000000 0x0000000000000000
XMM[4]=0x0000000000000000 0x0000000000000000
XMM[5]=0x0000000000000000 0x0000000000000000
XMM[6]=0x0000000000000000 0x0000000000000000
XMM[7]=0x0000000000000000 0x0000000000000000
XMM[8]=0x0000000000000000 0x0000000000000000
XMM[9]=0x0000000000000000 0x0000000000000000
XMM[10]=0x0000000000000000 0x0000000000000000
XMM[11]=0x0000000000000000 0x0000000000000000
XMM[12]=0x0000000000000000 0x0000000000000000
XMM[13]=0x0000000000000000 0x0000000000000000
XMM[14]=0x0000000000000000 0x0000000000000000
XMM[15]=0x0000000000000000 0x0000000000000000
  MXCSR=0x00001fa0


Register to memory mapping:

RAX=0x00000249fc215c60 points into unknown readable memory: 0x00000000871cbe00 | 00 be 1c 87 00 00 00 00
RBX=0x00000249f5c5eb00 is a thread
RCX=0x0000000000000038 is an unknown value
RDX=0x0000000000000010 is an unknown value
RSP=0x000000cbb40ff7a0 is pointing into the stack for thread: 0x00000249f5c5eb00
RBP=0x000002498000e740 is a pointer to class: 
java.lang.String {0x000002498000e748}
 - instance size:     3
 - klass size:        82
 - access:            public final synchronized 
 - flags:             rewritten has_nonstatic_fields has_nonstatic_concrete_methods is_shared_boot_class has_localvariable_table has_resolved_methods 
 - state:             fully_initialized
 - name:              'java/lang/String'
 - super:             'java/lang/Object'
 - sub:               
 - arrays:            'java/lang/String'[]
 - methods:           Array<T>(0x0000024980624fb8)
 - method ordering:   Array<T>(0x0000024980625500)
 - local interfaces:  Array<T>(0x00000249806221c8)
 - trans. interfaces: Array<T>(0x00000249806221c8)
 - constants:         constant pool [1443]/operands[28] {0x0000024980622220} for 'java/lang/String' cache=0x0000024980452078
 - class loader data:  loader data: 0x00000249f5947de0 of 'bootstrap'
 - source file:       'String.java'
 - field annotations:       Array<T>(0x0000024980beab60)
 - generic signature: 'Ljava/lang/Object;Ljava/io/Serializable;Ljava/lang/Comparable<Ljava/lang/String;>;Ljava/lang/CharSequence;Ljava/lang/constant/Constable;Ljava/lang/constant/ConstantDesc;'
 - inner classes:     Array<T>(0x0000024980624f78)
 - nest members:     Array<T>(0x0000024980625808)
 - permitted subclasses:     Array<T>(0x00000249806114d0)
 - java mirror:       a 'java/lang/Class'{0x0000000083e87260} = 'java/lang/String'
 - vtable length      5  (start addr: 0x000002498000e900)
 - itable length      20 (start addr: 0x000002498000e928)
 - ---- static fields (3 words):
 - private static final 'serialVersionUID' 'J' @120 
 - static final 'COMPACT_STRINGS' 'Z' @130 
 - private static final 'serialPersistentFields' '[Ljava/io/ObjectStreamField;' @112 
 - private static final 'REPL' 'C' @128 
 - public static final 'CASE_INSENSITIVE_ORDER' 'Ljava/util/Comparator;' @116 
 - static final 'LATIN1' 'B' @131 
 - static final 'UTF16' 'B' @132 
 - ---- non-static fields (3 words):
 - private 'hash' 'I' @12 
 - private final 'coder' 'B' @16 
 - private 'hashIsZero' 'Z' @17 
 - injected 'flags' 'B' @18 
 - private final 'value' '[B' @20 
 - non-static oop maps: 20-20 
RSI=0x00000249fa77e5fa is a global jni handle
RDI=0x00000249fa77e500 points into unknown readable memory: 0xffffffffffffffff | ff ff ff ff ff ff ff ff
R8 =0x0000024a0530fee0 is an unknown value
R9 =0x00000249fa77e5fa is a global jni handle
R10=0x00007ffe912c0000 VCRUNTIME140.dll
R11=0x000000000000ff00 is an unknown value
R12=0x00007ffe8d130250 jdwp.dll
R13=0x00007ffe8d130d38 jdwp.dll
R14=0x00000249f5a9be8a is a global jni handle
R15=0x00007ffe8d12c408 jdwp.dll

Top of Stack: (sp=0x000000cbb40ff7a0)
0x000000cbb40ff7a0:   0000024900000015 0000000000000000
0x000000cbb40ff7b0:   0000024900000000 0000000000000000
0x000000cbb40ff7c0:   00000249fa77e5fa 00007ffe8d128e12
0x000000cbb40ff7d0:   00007ffe8d132bb0 00007ffe8d12c3f0
0x000000cbb40ff7e0:   00000249f5c5eeb8 000000000000004c
0x000000cbb40ff7f0:   00007ffe8d130c01 00000249f5c5eeb8
0x000000cbb40ff800:   0000000000000001 00007ffe8d11bc1b
0x000000cbb40ff810:   00000249fa77e5fa 000000cbb40ff980
0x000000cbb40ff820:   000000cbb40ff8b0 000000000000000e
0x000000cbb40ff830:   00007ffe8d130c01 00000249f5c5eeb8
0x000000cbb40ff840:   0000000000000001 00007ffe8d11b8cb
0x000000cbb40ff850:   00000249fc79a918 000000cbb40ff980
0x000000cbb40ff860:   00007ffe8d130c01 00000249f5c5eeb8
0x000000cbb40ff870:   00000249fc79a948 00007ffe8d117da9
0x000000cbb40ff880:   00000249fc79a918 0000000000000001
0x000000cbb40ff890:   0000000000000001 00000249fa77e5fa
0x000000cbb40ff8a0:   0000000000000064 0000000000000000
0x000000cbb40ff8b0:   000000cbb40ff92b 0000000000000101
0x000000cbb40ff8c0:   000000cbb40ff8c8 00007ffe0000002b
0x000000cbb40ff8d0:   000000cbb40ff900 0000000000000000
0x000000cbb40ff8e0:   0000020000000000 000001ea00000000
0x000000cbb40ff8f0:   756e654700644000 00007ffe25ace715
0x000000cbb40ff900:   00002a0100000001 0000000000008000
0x000000cbb40ff910:   0000000000012301 fb490200007c0000
0x000000cbb40ff920:   0000000000f07073 00007ffe250e0000
0x000000cbb40ff930:   ffffffffffffffff 00007ffe25c78e6e
0x000000cbb40ff940:   00000249f5c5eb00 ffffffffffffffff
0x000000cbb40ff950:   00000249f5c5eb00 00007ffe25c7877f
0x000000cbb40ff960:   0000000000000000 0000000000000000
0x000000cbb40ff970:   00000249f5c34e00 0000000100000000
0x000000cbb40ff980:   00000249f5c3f660 00007ffe25c7893d
0x000000cbb40ff990:   00000249f5c5eb00 00007ffe8d132bb0 

Instructions: (pc=0x00007ffe25b1cf90)
0x00007ffe25b1ce90:   08 48 8b cb e8 57 fe fa ff 80 3d e6 8b 85 00 00
0x00007ffe25b1cea0:   c7 83 44 04 00 00 06 00 00 00 75 06 e8 3f 17 28
0x00007ffe25b1ceb0:   00 90 48 8b 83 48 04 00 00 a8 01 74 0d 45 33 c0
0x00007ffe25b1cec0:   b2 01 48 8b cb e8 e6 2a 2f 00 8b 83 40 04 00 00
0x00007ffe25b1ced0:   a8 0c 74 08 48 8b cb e8 c4 12 fb ff c7 83 44 04
0x00007ffe25b1cee0:   00 00 06 00 00 00 40 b7 01 48 85 f6 0f 84 c1 00
0x00007ffe25b1cef0:   00 00 49 8b c6 48 89 6c 24 30 83 e0 03 40 32 ff
0x00007ffe25b1cf00:   48 83 f8 01 75 0c 49 8d 4e ff ff 15 d0 ba 7e 00
0x00007ffe25b1cf10:   eb 15 48 83 f8 02 75 0c 49 8d 4e fe ff 15 fe 30
0x00007ffe25b1cf20:   7e 00 eb 03 49 8b 06 8b 15 53 9a 85 00 48 8b c8
0x00007ffe25b1cf30:   e8 1b b7 27 00 48 8b e8 48 85 c0 74 71 48 8b c6
0x00007ffe25b1cf40:   83 e0 03 48 83 f8 01 75 0c 48 8d 4e ff ff 15 8d
0x00007ffe25b1cf50:   ba 7e 00 eb 15 48 83 f8 02 75 0c 48 8d 4e fe ff
0x00007ffe25b1cf60:   15 bb 30 7e 00 eb 03 48 8b 06 40 38 3d a9 d6 7e
0x00007ffe25b1cf70:   00 74 16 44 8b 40 08 8b 0d 3b c0 7e 00 49 d3 e0
0x00007ffe25b1cf80:   4c 03 05 29 c0 7e 00 eb 04 4c 8b 40 08 8b 4d 14
0x00007ffe25b1cf90:   4a 39 2c 01 75 05 40 b7 01 eb 13 83 f9 20 75 0e
0x00007ffe25b1cfa0:   48 8b d5 49 8b c8 e8 c5 09 17 00 0f b6 f8 48 8b
0x00007ffe25b1cfb0:   6c 24 30 48 8b b3 98 01 00 00 4c 8b 74 24 38 48
0x00007ffe25b1cfc0:   8b 46 10 48 83 38 00 74 08 48 8b ce e8 af 21 f6
0x00007ffe25b1cfd0:   ff 48 8b 56 08 48 8b 4e 10 48 89 4a 10 48 8b 56
0x00007ffe25b1cfe0:   08 48 8b 4e 18 48 89 4a 18 48 8b 4e 20 48 8b 56
0x00007ffe25b1cff0:   08 48 89 4a 20 48 8d 8b 98 03 00 00 e8 3f 8e ed
0x00007ffe25b1d000:   ff 48 8b 74 24 48 90 c7 83 44 04 00 00 04 00 00
0x00007ffe25b1d010:   00 40 0f b6 c7 48 8b 5c 24 40 48 83 c4 20 5f c3
0x00007ffe25b1d020:   48 89 5c 24 08 48 89 6c 24 10 48 89 74 24 18 48
0x00007ffe25b1d030:   89 7c 24 20 41 56 48 83 ec 50 8b 81 b0 00 00 00
0x00007ffe25b1d040:   48 8d 99 48 fc ff ff 05 53 21 ff ff 49 8b f1 49
0x00007ffe25b1d050:   8b e8 4c 8b f2 48 8b f9 83 f8 01 77 08 48 8b cb
0x00007ffe25b1d060:   e8 8b fc fa ff 80 3d 1a 8a 85 00 00 c7 83 44 04
0x00007ffe25b1d070:   00 00 06 00 00 00 75 06 e8 73 15 28 00 90 48 8b
0x00007ffe25b1d080:   83 48 04 00 00 a8 01 74 0d 45 33 c0 b2 01 48 8b 


Stack slot to memory mapping:

stack at sp + 0 slots: 0x0000024900000015 is an unknown value
stack at sp + 1 slots: 0x0 is null
stack at sp + 2 slots: 0x0000024900000000 is an unknown value
stack at sp + 3 slots: 0x0 is null
stack at sp + 4 slots: 0x00000249fa77e5fa is a global jni handle
stack at sp + 5 slots: 0x00007ffe8d128e12 jdwp.dll
stack at sp + 6 slots: 0x00007ffe8d132bb0 jdwp.dll
stack at sp + 7 slots: 0x00007ffe8d12c3f0 jdwp.dll


---------------  P R O C E S S  ---------------

Threads class SMR info:
_java_thread_list=0x00000249fcdb5ee0, length=33, elements={
0x00000249f5aa8e70, 0x00000249f5ab4920, 0x00000249f5ab7c30, 0x00000249f5ab85f0,
0x00000249f5abd710, 0x00000249f5ac02a0, 0x00000249f5ac0cf0, 0x00000249f5a7a0c0,
0x00000249f5c58340, 0x00000249f5c5eb00, 0x00000249f5c5f180, 0x00000249fa668560,
0x00000249fa800c10, 0x00000249fa829c20, 0x00000249fa8c9ce0, 0x00000249fadce0e0,
0x00000249fae12500, 0x00000249fc135680, 0x00000249fc1363a0, 0x00000249fc134ff0,
0x00000249fc136a30, 0x00000249fc133c40, 0x00000249fc1335b0, 0x00000249fc1342d0,
0x00000249fa72a950, 0x00000249fa728880, 0x00000249fa72bd00, 0x00000249fa72b670,
0x00000249fa72c390, 0x00000249fa7295a0, 0x00000249fa72a2c0, 0x00000249fa728f10,
0x00000249fa729c30
}

Java Threads: ( => current thread )
  0x00000249f5aa8e70 JavaThread "Reference Handler"          daemon [_thread_blocked, id=2548, stack(0x000000cbb3500000,0x000000cbb3600000) (1024K)]
  0x00000249f5ab4920 JavaThread "Finalizer"                  daemon [_thread_blocked, id=6224, stack(0x000000cbb3600000,0x000000cbb3700000) (1024K)]
  0x00000249f5ab7c30 JavaThread "Signal Dispatcher"          daemon [_thread_blocked, id=10448, stack(0x000000cbb3700000,0x000000cbb3800000) (1024K)]
  0x00000249f5ab85f0 JavaThread "Attach Listener"            daemon [_thread_blocked, id=6116, stack(0x000000cbb3800000,0x000000cbb3900000) (1024K)]
  0x00000249f5abd710 JavaThread "Service Thread"             daemon [_thread_blocked, id=11116, stack(0x000000cbb3900000,0x000000cbb3a00000) (1024K)]
  0x00000249f5ac02a0 JavaThread "Monitor Deflation Thread"   daemon [_thread_blocked, id=19648, stack(0x000000cbb3a00000,0x000000cbb3b00000) (1024K)]
  0x00000249f5ac0cf0 JavaThread "C1 CompilerThread0"         daemon [_thread_blocked, id=11804, stack(0x000000cbb3b00000,0x000000cbb3c00000) (1024K)]
  0x00000249f5a7a0c0 JavaThread "Common-Cleaner"             daemon [_thread_blocked, id=17600, stack(0x000000cbb3c00000,0x000000cbb3d00000) (1024K)]
  0x00000249f5c58340 JavaThread "JDWP Transport Listener: dt_socket" daemon [_thread_blocked, id=10860, stack(0x000000cbb3f00000,0x000000cbb4000000) (1024K)]
=>0x00000249f5c5eb00 JavaThread "JDWP Event Helper Thread"   daemon [_thread_in_vm, id=6004, stack(0x000000cbb4000000,0x000000cbb4100000) (1024K)]
  0x00000249f5c5f180 JavaThread "JDWP Command Reader"        daemon [_thread_in_native, id=9628, stack(0x000000cbb4100000,0x000000cbb4200000) (1024K)]
  0x00000249fa668560 JavaThread "Notification Thread"        daemon [_thread_blocked, id=17640, stack(0x000000cbb4200000,0x000000cbb4300000) (1024K)]
  0x00000249fa800c10 JavaThread "RMI TCP Accept-0"           daemon [_thread_in_native, id=8676, stack(0x000000cbb4300000,0x000000cbb4400000) (1024K)]
  0x00000249fa829c20 JavaThread "RMI TCP Accept-49498"       daemon [_thread_in_native, id=16060, stack(0x000000cbb4400000,0x000000cbb4500000) (1024K)]
  0x00000249fa8c9ce0 JavaThread "RMI TCP Accept-0"           daemon [_thread_in_native, id=18360, stack(0x000000cbb4c00000,0x000000cbb4d00000) (1024K)]
  0x00000249fadce0e0 JavaThread "RMI Scheduler(0)"           daemon [_thread_blocked, id=6772, stack(0x000000cbb4f00000,0x000000cbb5000000) (1024K)]
  0x00000249fae12500 JavaThread "JMX server connection timeout 38" daemon [_thread_blocked, id=3792, stack(0x000000cbb5100000,0x000000cbb5200000) (1024K)]
  0x00000249fc135680 JavaThread "Catalina-utility-1"                [_thread_blocked, id=11148, stack(0x000000cbb5200000,0x000000cbb5300000) (1024K)]
  0x00000249fc1363a0 JavaThread "Catalina-utility-2"                [_thread_blocked, id=1856, stack(0x000000cbb5400000,0x000000cbb5500000) (1024K)]
  0x00000249fc134ff0 JavaThread "container-0"                       [_thread_blocked, id=15292, stack(0x000000cbb5500000,0x000000cbb5600000) (1024K)]
  0x00000249fc136a30 JavaThread "lettuce-timer-3-1"          daemon [_thread_blocked, id=5728, stack(0x000000cbb5600000,0x000000cbb5700000) (1024K)]
  0x00000249fc133c40 JavaThread "http-nio-8082-Poller"       daemon [_thread_in_native, id=16664, stack(0x000000cbb5700000,0x000000cbb5800000) (1024K)]
  0x00000249fc1335b0 JavaThread "http-nio-8082-Acceptor"     daemon [_thread_in_native, id=16520, stack(0x000000cbb5800000,0x000000cbb5900000) (1024K)]
  0x00000249fc1342d0 JavaThread "DestroyJavaVM"                     [_thread_blocked, id=19264, stack(0x000000cbb2d00000,0x000000cbb2e00000) (1024K)]
  0x00000249fa72a950 JavaThread "RMI TCP Connection(10)-127.0.0.1" daemon [_thread_in_native, id=12996, stack(0x000000cbb6200000,0x000000cbb6300000) (1024K)]
  0x00000249fa728880 JavaThread "JMX server connection timeout 62" daemon [_thread_blocked, id=16456, stack(0x000000cbb5900000,0x000000cbb5a00000) (1024K)]
  0x00000249fa72bd00 JavaThread "Read-Poller"                daemon [_thread_in_native, id=9068, stack(0x000000cbb3d00000,0x000000cbb3e00000) (1024K)]
  0x00000249fa72b670 JavaThread "Read-Updater"               daemon [_thread_blocked, id=9496, stack(0x000000cbb5b00000,0x000000cbb5c00000) (1024K)]
  0x00000249fa72c390 JavaThread "Write-Poller"               daemon [_thread_in_native, id=1936, stack(0x000000cbb5c00000,0x000000cbb5d00000) (1024K)]
  0x00000249fa7295a0 JavaThread "Write-Updater"              daemon [_thread_blocked, id=6996, stack(0x000000cbb5d00000,0x000000cbb5e00000) (1024K)]
  0x00000249fa72a2c0 JavaThread "RMI TCP Connection(idle)"   daemon [_thread_blocked, id=22368, stack(0x000000cbb2c00000,0x000000cbb2d00000) (1024K)]
  0x00000249fa728f10 JavaThread "ForkJoinPool-1-worker-10"   daemon [_thread_blocked, id=12936, stack(0x000000cbb2a00000,0x000000cbb2b00000) (1024K)]
  0x00000249fa729c30 JavaThread "ForkJoinPool-1-worker-11"   daemon [_thread_blocked, id=14156, stack(0x000000cbb2b00000,0x000000cbb2c00000) (1024K)]
Total: 33

Other Threads:
  0x00000249f5a8e2d0 VMThread "VM Thread"                           [id=9440, stack(0x000000cbb3400000,0x000000cbb3500000) (1024K)]
  0x00000249f5a79850 WatcherThread "VM Periodic Task Thread"        [id=15224, stack(0x000000cbb3300000,0x000000cbb3400000) (1024K)]
  0x00000249e9f3aa80 WorkerThread "GC Thread#0"                     [id=14740, stack(0x000000cbb2e00000,0x000000cbb2f00000) (1024K)]
  0x00000249fa830610 WorkerThread "GC Thread#1"                     [id=8144, stack(0x000000cbb4500000,0x000000cbb4600000) (1024K)]
  0x00000249fa8309b0 WorkerThread "GC Thread#2"                     [id=8768, stack(0x000000cbb4600000,0x000000cbb4700000) (1024K)]
  0x00000249fa84acb0 WorkerThread "GC Thread#3"                     [id=18404, stack(0x000000cbb4700000,0x000000cbb4800000) (1024K)]
  0x00000249fa84b050 WorkerThread "GC Thread#4"                     [id=19284, stack(0x000000cbb4800000,0x000000cbb4900000) (1024K)]
  0x00000249fa84d400 WorkerThread "GC Thread#5"                     [id=15480, stack(0x000000cbb4900000,0x000000cbb4a00000) (1024K)]
  0x00000249fa84d7a0 WorkerThread "GC Thread#6"                     [id=3204, stack(0x000000cbb4a00000,0x000000cbb4b00000) (1024K)]
  0x00000249fa87db70 WorkerThread "GC Thread#7"                     [id=20736, stack(0x000000cbb4b00000,0x000000cbb4c00000) (1024K)]
  0x00000249e9f4b230 ConcurrentGCThread "G1 Main Marker"            [id=7848, stack(0x000000cbb2f00000,0x000000cbb3000000) (1024K)]
  0x00000249e9f4d260 WorkerThread "G1 Conc#0"                       [id=14916, stack(0x000000cbb3000000,0x000000cbb3100000) (1024K)]
  0x00000249fae0c970 WorkerThread "G1 Conc#1"                       [id=21048, stack(0x000000cbb5300000,0x000000cbb5400000) (1024K)]
  0x00000249f594b990 ConcurrentGCThread "G1 Refine#0"               [id=14232, stack(0x000000cbb3100000,0x000000cbb3200000) (1024K)]
  0x00000249f594c310 ConcurrentGCThread "G1 Service"                [id=16984, stack(0x000000cbb3200000,0x000000cbb3300000) (1024K)]
Total: 15

Threads with active compile tasks:
Total: 0

VM state: not at safepoint (normal execution)

VM Mutex/Monitor currently owned by a thread: None

Heap address: 0x0000000083a00000, size: 1990 MB, Compressed Oops mode: 32-bit

CDS archive(s) mapped at: [0x0000024980000000-0x0000024980c80000-0x0000024980c80000), size 13107200, SharedBaseAddress: 0x0000024980000000, ArchiveRelocationMode: 1.
Compressed class space mapped at: 0x0000024981000000-0x00000249c1000000, reserved size: 1073741824
Narrow klass base: 0x0000024980000000, Narrow klass shift: 0, Narrow klass range: 0x100000000

GC Precious Log:
 CardTable entry size: 512
 Card Set container configuration: InlinePtr #cards 5 size 8 Array Of Cards #cards 12 size 40 Howl #buckets 4 coarsen threshold 1843 Howl Bitmap #cards 512 size 80 coarsen threshold 460 Card regions per heap region 1 cards per card region 2048
 CPUs: 8 total, 8 available
 Memory: 7959M
 Large Page Support: Disabled
 NUMA Support: Disabled
 Compressed Oops: Enabled (32-bit)
 Heap Region Size: 1M
 Heap Min Capacity: 8M
 Heap Initial Capacity: 126M
 Heap Max Capacity: 1990M
 Pre-touch: Disabled
 Parallel Workers: 8
 Concurrent Workers: 2
 Concurrent Refinement Workers: 8
 Periodic GC: Disabled

Heap:
 garbage-first heap   total 87040K, used 62727K [0x0000000083a00000, 0x0000000100000000)
  region size 1024K, 35 young (35840K), 4 survivors (4096K)
 Metaspace       used 57778K, committed 58624K, reserved 1114112K
  class space    used 8110K, committed 8512K, reserved 1048576K

Heap Regions: E=young(eden), S=young(survivor), O=old, HS=humongous(starts), HC=humongous(continues), CS=collection set, F=free, TAMS=top-at-mark-start, PB=parsable bottom
|   0|0x0000000083a00000, 0x0000000083b00000, 0x0000000083b00000|100%| O|  |TAMS 0x0000000083a00000| PB 0x0000000083a00000| Untracked 
|   1|0x0000000083b00000, 0x0000000083c00000, 0x0000000083c00000|100%| O|  |TAMS 0x0000000083b00000| PB 0x0000000083b00000| Untracked 
|   2|0x0000000083c00000, 0x0000000083d00000, 0x0000000083d00000|100%| O|  |TAMS 0x0000000083c00000| PB 0x0000000083c00000| Untracked 
|   3|0x0000000083d00000, 0x0000000083e00000, 0x0000000083e00000|100%| O|  |TAMS 0x0000000083d00000| PB 0x0000000083d00000| Untracked 
|   4|0x0000000083e00000, 0x0000000083f00000, 0x0000000083f00000|100%| O|  |TAMS 0x0000000083e00000| PB 0x0000000083e00000| Untracked 
|   5|0x0000000083f00000, 0x0000000084000000, 0x0000000084000000|100%| O|  |TAMS 0x0000000083f00000| PB 0x0000000083f00000| Untracked 
|   6|0x0000000084000000, 0x0000000084100000, 0x0000000084100000|100%| O|  |TAMS 0x0000000084000000| PB 0x0000000084000000| Untracked 
|   7|0x0000000084100000, 0x0000000084200000, 0x0000000084200000|100%| O|  |TAMS 0x0000000084100000| PB 0x0000000084100000| Untracked 
|   8|0x0000000084200000, 0x0000000084300000, 0x0000000084300000|100%| O|  |TAMS 0x0000000084200000| PB 0x0000000084200000| Untracked 
|   9|0x0000000084300000, 0x0000000084400000, 0x0000000084400000|100%| O|  |TAMS 0x0000000084300000| PB 0x0000000084300000| Untracked 
|  10|0x0000000084400000, 0x0000000084500000, 0x0000000084500000|100%| O|  |TAMS 0x0000000084400000| PB 0x0000000084400000| Untracked 
|  11|0x0000000084500000, 0x0000000084600000, 0x0000000084600000|100%| O|  |TAMS 0x0000000084500000| PB 0x0000000084500000| Untracked 
|  12|0x0000000084600000, 0x0000000084700000, 0x0000000084700000|100%| O|  |TAMS 0x0000000084600000| PB 0x0000000084600000| Untracked 
|  13|0x0000000084700000, 0x0000000084700000, 0x0000000084800000|  0%| F|  |TAMS 0x0000000084700000| PB 0x0000000084700000| Untracked 
|  14|0x0000000084800000, 0x0000000084900000, 0x0000000084900000|100%| O|  |TAMS 0x0000000084800000| PB 0x0000000084800000| Untracked 
|  15|0x0000000084900000, 0x0000000084a00000, 0x0000000084a00000|100%| O|  |TAMS 0x0000000084900000| PB 0x0000000084900000| Untracked 
|  16|0x0000000084a00000, 0x0000000084b00000, 0x0000000084b00000|100%| O|  |TAMS 0x0000000084a00000| PB 0x0000000084a00000| Untracked 
|  17|0x0000000084b00000, 0x0000000084c00000, 0x0000000084c00000|100%| O|  |TAMS 0x0000000084b00000| PB 0x0000000084b00000| Untracked 
|  18|0x0000000084c00000, 0x0000000084d00000, 0x0000000084d00000|100%| O|  |TAMS 0x0000000084c00000| PB 0x0000000084c00000| Untracked 
|  19|0x0000000084d00000, 0x0000000084e00000, 0x0000000084e00000|100%| O|  |TAMS 0x0000000084d00000| PB 0x0000000084d00000| Untracked 
|  20|0x0000000084e00000, 0x0000000084f00000, 0x0000000084f00000|100%| O|  |TAMS 0x0000000084e00000| PB 0x0000000084e00000| Untracked 
|  21|0x0000000084f00000, 0x0000000085000000, 0x0000000085000000|100%| O|  |TAMS 0x0000000084f00000| PB 0x0000000084f00000| Untracked 
|  22|0x0000000085000000, 0x0000000085100000, 0x0000000085100000|100%| O|  |TAMS 0x0000000085000000| PB 0x0000000085000000| Untracked 
|  23|0x0000000085100000, 0x0000000085200000, 0x0000000085200000|100%| O|  |TAMS 0x0000000085100000| PB 0x0000000085100000| Untracked 
|  24|0x0000000085200000, 0x0000000085300000, 0x0000000085300000|100%| O|  |TAMS 0x0000000085200000| PB 0x0000000085200000| Untracked 
|  25|0x0000000085300000, 0x0000000085400000, 0x0000000085400000|100%| O|  |TAMS 0x0000000085300000| PB 0x0000000085300000| Untracked 
|  26|0x0000000085400000, 0x0000000085500000, 0x0000000085500000|100%| O|  |TAMS 0x0000000085400000| PB 0x0000000085400000| Untracked 
|  27|0x0000000085500000, 0x0000000085600000, 0x0000000085600000|100%| O|  |TAMS 0x0000000085500000| PB 0x0000000085500000| Untracked 
|  28|0x0000000085600000, 0x0000000085600000, 0x0000000085700000|  0%| F|  |TAMS 0x0000000085600000| PB 0x0000000085600000| Untracked 
|  29|0x0000000085700000, 0x0000000085700000, 0x0000000085800000|  0%| F|  |TAMS 0x0000000085700000| PB 0x0000000085700000| Untracked 
|  30|0x0000000085800000, 0x0000000085800000, 0x0000000085900000|  0%| F|  |TAMS 0x0000000085800000| PB 0x0000000085800000| Untracked 
|  31|0x0000000085900000, 0x0000000085900000, 0x0000000085a00000|  0%| F|  |TAMS 0x0000000085900000| PB 0x0000000085900000| Untracked 
|  32|0x0000000085a00000, 0x0000000085a00000, 0x0000000085b00000|  0%| F|  |TAMS 0x0000000085a00000| PB 0x0000000085a00000| Untracked 
|  33|0x0000000085b00000, 0x0000000085b00000, 0x0000000085c00000|  0%| F|  |TAMS 0x0000000085b00000| PB 0x0000000085b00000| Untracked 
|  34|0x0000000085c00000, 0x0000000085c00000, 0x0000000085d00000|  0%| F|  |TAMS 0x0000000085c00000| PB 0x0000000085c00000| Untracked 
|  35|0x0000000085d00000, 0x0000000085e00000, 0x0000000085e00000|100%| O|  |TAMS 0x0000000085d00000| PB 0x0000000085d00000| Untracked 
|  36|0x0000000085e00000, 0x0000000085e7f880, 0x0000000085f00000| 49%| O|  |TAMS 0x0000000085e00000| PB 0x0000000085e00000| Untracked 
|  37|0x0000000085f00000, 0x0000000085f00000, 0x0000000086000000|  0%| F|  |TAMS 0x0000000085f00000| PB 0x0000000085f00000| Untracked 
|  38|0x0000000086000000, 0x0000000086000000, 0x0000000086100000|  0%| F|  |TAMS 0x0000000086000000| PB 0x0000000086000000| Untracked 
|  39|0x0000000086100000, 0x0000000086100000, 0x0000000086200000|  0%| F|  |TAMS 0x0000000086100000| PB 0x0000000086100000| Untracked 
|  40|0x0000000086200000, 0x0000000086200000, 0x0000000086300000|  0%| F|  |TAMS 0x0000000086200000| PB 0x0000000086200000| Untracked 
|  41|0x0000000086300000, 0x00000000863c2580, 0x0000000086400000| 75%| S|CS|TAMS 0x0000000086300000| PB 0x0000000086300000| Complete 
|  42|0x0000000086400000, 0x0000000086500000, 0x0000000086500000|100%| S|CS|TAMS 0x0000000086400000| PB 0x0000000086400000| Complete 
|  43|0x0000000086500000, 0x0000000086600000, 0x0000000086600000|100%| S|CS|TAMS 0x0000000086500000| PB 0x0000000086500000| Complete 
|  44|0x0000000086600000, 0x0000000086700000, 0x0000000086700000|100%| S|CS|TAMS 0x0000000086600000| PB 0x0000000086600000| Complete 
|  45|0x0000000086700000, 0x0000000086700000, 0x0000000086800000|  0%| F|  |TAMS 0x0000000086700000| PB 0x0000000086700000| Untracked 
|  46|0x0000000086800000, 0x0000000086800000, 0x0000000086900000|  0%| F|  |TAMS 0x0000000086800000| PB 0x0000000086800000| Untracked 
|  47|0x0000000086900000, 0x0000000086900000, 0x0000000086a00000|  0%| F|  |TAMS 0x0000000086900000| PB 0x0000000086900000| Untracked 
|  48|0x0000000086a00000, 0x0000000086a00000, 0x0000000086b00000|  0%| F|  |TAMS 0x0000000086a00000| PB 0x0000000086a00000| Untracked 
|  49|0x0000000086b00000, 0x0000000086b00000, 0x0000000086c00000|  0%| F|  |TAMS 0x0000000086b00000| PB 0x0000000086b00000| Untracked 
|  50|0x0000000086c00000, 0x0000000086c00000, 0x0000000086d00000|  0%| F|  |TAMS 0x0000000086c00000| PB 0x0000000086c00000| Untracked 
|  51|0x0000000086d00000, 0x0000000086d00000, 0x0000000086e00000|  0%| F|  |TAMS 0x0000000086d00000| PB 0x0000000086d00000| Untracked 
|  52|0x0000000086e00000, 0x0000000086e00000, 0x0000000086f00000|  0%| F|  |TAMS 0x0000000086e00000| PB 0x0000000086e00000| Untracked 
|  53|0x0000000086f00000, 0x0000000086f00000, 0x0000000087000000|  0%| F|  |TAMS 0x0000000086f00000| PB 0x0000000086f00000| Untracked 
|  54|0x0000000087000000, 0x0000000087045e18, 0x0000000087100000| 27%| E|  |TAMS 0x0000000087000000| PB 0x0000000087000000| Complete 
|  55|0x0000000087100000, 0x0000000087200000, 0x0000000087200000|100%| E|CS|TAMS 0x0000000087100000| PB 0x0000000087100000| Complete 
|  56|0x0000000087200000, 0x0000000087300000, 0x0000000087300000|100%| E|CS|TAMS 0x0000000087200000| PB 0x0000000087200000| Complete 
|  57|0x0000000087300000, 0x0000000087400000, 0x0000000087400000|100%| E|CS|TAMS 0x0000000087300000| PB 0x0000000087300000| Complete 
|  58|0x0000000087400000, 0x0000000087500000, 0x0000000087500000|100%| E|CS|TAMS 0x0000000087400000| PB 0x0000000087400000| Complete 
|  59|0x0000000087500000, 0x0000000087600000, 0x0000000087600000|100%| E|CS|TAMS 0x0000000087500000| PB 0x0000000087500000| Complete 
|  60|0x0000000087600000, 0x0000000087700000, 0x0000000087700000|100%| E|CS|TAMS 0x0000000087600000| PB 0x0000000087600000| Complete 
|  61|0x0000000087700000, 0x0000000087800000, 0x0000000087800000|100%| E|CS|TAMS 0x0000000087700000| PB 0x0000000087700000| Complete 
|  62|0x0000000087800000, 0x0000000087900000, 0x0000000087900000|100%| E|CS|TAMS 0x0000000087800000| PB 0x0000000087800000| Complete 
|  63|0x0000000087900000, 0x0000000087a00000, 0x0000000087a00000|100%| E|CS|TAMS 0x0000000087900000| PB 0x0000000087900000| Complete 
|  64|0x0000000087a00000, 0x0000000087b00000, 0x0000000087b00000|100%| E|CS|TAMS 0x0000000087a00000| PB 0x0000000087a00000| Complete 
|  65|0x0000000087b00000, 0x0000000087c00000, 0x0000000087c00000|100%| E|CS|TAMS 0x0000000087b00000| PB 0x0000000087b00000| Complete 
|  66|0x0000000087c00000, 0x0000000087d00000, 0x0000000087d00000|100%| E|CS|TAMS 0x0000000087c00000| PB 0x0000000087c00000| Complete 
|  67|0x0000000087d00000, 0x0000000087e00000, 0x0000000087e00000|100%| E|CS|TAMS 0x0000000087d00000| PB 0x0000000087d00000| Complete 
|  68|0x0000000087e00000, 0x0000000087f00000, 0x0000000087f00000|100%| E|CS|TAMS 0x0000000087e00000| PB 0x0000000087e00000| Complete 
|  69|0x0000000087f00000, 0x0000000088000000, 0x0000000088000000|100%| E|CS|TAMS 0x0000000087f00000| PB 0x0000000087f00000| Complete 
|  70|0x0000000088000000, 0x0000000088100000, 0x0000000088100000|100%| E|CS|TAMS 0x0000000088000000| PB 0x0000000088000000| Complete 
|  71|0x0000000088100000, 0x0000000088200000, 0x0000000088200000|100%| E|CS|TAMS 0x0000000088100000| PB 0x0000000088100000| Complete 
|  72|0x0000000088200000, 0x0000000088300000, 0x0000000088300000|100%| E|CS|TAMS 0x0000000088200000| PB 0x0000000088200000| Complete 
|  73|0x0000000088300000, 0x0000000088400000, 0x0000000088400000|100%| E|  |TAMS 0x0000000088300000| PB 0x0000000088300000| Complete 
|  74|0x0000000088400000, 0x0000000088500000, 0x0000000088500000|100%| E|CS|TAMS 0x0000000088400000| PB 0x0000000088400000| Complete 
|  75|0x0000000088500000, 0x0000000088600000, 0x0000000088600000|100%| E|CS|TAMS 0x0000000088500000| PB 0x0000000088500000| Complete 
|  76|0x0000000088600000, 0x0000000088700000, 0x0000000088700000|100%| E|CS|TAMS 0x0000000088600000| PB 0x0000000088600000| Complete 
|  77|0x0000000088700000, 0x0000000088800000, 0x0000000088800000|100%| E|CS|TAMS 0x0000000088700000| PB 0x0000000088700000| Complete 
|  78|0x0000000088800000, 0x0000000088900000, 0x0000000088900000|100%| E|CS|TAMS 0x0000000088800000| PB 0x0000000088800000| Complete 
| 119|0x000000008b100000, 0x000000008b200000, 0x000000008b200000|100%| E|CS|TAMS 0x000000008b100000| PB 0x000000008b100000| Complete 
| 120|0x000000008b200000, 0x000000008b300000, 0x000000008b300000|100%| E|CS|TAMS 0x000000008b200000| PB 0x000000008b200000| Complete 
| 121|0x000000008b300000, 0x000000008b400000, 0x000000008b400000|100%| E|CS|TAMS 0x000000008b300000| PB 0x000000008b300000| Complete 
| 122|0x000000008b400000, 0x000000008b500000, 0x000000008b500000|100%| E|CS|TAMS 0x000000008b400000| PB 0x000000008b400000| Complete 
| 124|0x000000008b600000, 0x000000008b700000, 0x000000008b700000|100%| E|CS|TAMS 0x000000008b600000| PB 0x000000008b600000| Complete 
| 125|0x000000008b700000, 0x000000008b800000, 0x000000008b800000|100%| E|CS|TAMS 0x000000008b700000| PB 0x000000008b700000| Complete 

Card table byte_map: [0x00000249f0d60000,0x00000249f1150000] _byte_map_base: 0x00000249f0943000

Marking Bits: (CMBitMap*) 0x00000249e9f3b090
 Bits: [0x00000249f1150000, 0x00000249f3068000)

Polling page: 0x00000249e81e0000

Metaspace:

Usage:
  Non-class:     48.50 MB used.
      Class:      7.92 MB used.
       Both:     56.42 MB used.

Virtual space:
  Non-class space:       64.00 MB reserved,      48.94 MB ( 76%) committed,  1 nodes.
      Class space:        1.00 GB reserved,       8.31 MB ( <1%) committed,  1 nodes.
             Both:        1.06 GB reserved,      57.25 MB (  5%) committed. 

Chunk freelists:
   Non-Class:  14.22 MB
       Class:  7.70 MB
        Both:  21.92 MB

MaxMetaspaceSize: unlimited
CompressedClassSpaceSize: 1.00 GB
Initial GC threshold: 21.00 MB
Current GC threshold: 80.31 MB
CDS: on
 - commit_granule_bytes: 65536.
 - commit_granule_words: 8192.
 - virtual_space_node_default_size: 8388608.
 - enlarge_chunks_in_place: 1.
 - use_allocation_guard: 0.


Internal statistics:

num_allocs_failed_limit: 6.
num_arena_births: 1268.
num_arena_deaths: 0.
num_vsnodes_births: 2.
num_vsnodes_deaths: 0.
num_space_committed: 916.
num_space_uncommitted: 0.
num_chunks_returned_to_freelist: 6.
num_chunks_taken_from_freelist: 3357.
num_chunk_merges: 6.
num_chunk_splits: 2336.
num_chunks_enlarged: 1729.
num_inconsistent_stats: 0.

CodeCache: size=49152Kb used=13224Kb max_used=14752Kb free=35927Kb
 bounds [0x00000249ed860000, 0x00000249ee740000, 0x00000249f0860000]
 total_blobs=7471 nmethods=6833 adapters=562
 compilation: enabled
              stopped_count=0, restarted_count=0
 full_count=0

Compilation events (20 events):
Event: 772.362 Thread 0x00000249f5ac0cf0 6883       1       org.apache.catalina.connector.Response::getCoyoteResponse (5 bytes)
Event: 772.362 Thread 0x00000249f5ac0cf0 nmethod 6883 0x00000249eda1a190 code [0x00000249eda1a320, 0x00000249eda1a3e8]
Event: 772.362 Thread 0x00000249f5ac0cf0 6884       1       org.apache.tomcat.util.http.MimeHeaders::getName (26 bytes)
Event: 772.363 Thread 0x00000249f5ac0cf0 nmethod 6884 0x00000249eda19d90 code [0x00000249eda19f40, 0x00000249eda1a080]
Event: 772.363 Thread 0x00000249f5ac0cf0 6885       1       java.lang.Character::hashCode (8 bytes)
Event: 772.363 Thread 0x00000249f5ac0cf0 nmethod 6885 0x00000249eda19a90 code [0x00000249eda19c20, 0x00000249eda19ce8]
Event: 772.363 Thread 0x00000249f5ac0cf0 6886       1       java.lang.Character::hashCode (2 bytes)
Event: 772.363 Thread 0x00000249f5ac0cf0 nmethod 6886 0x00000249eda19790 code [0x00000249eda19920, 0x00000249eda199c8]
Event: 772.364 Thread 0x00000249f5ac0cf0 6887       1       io.micrometer.core.instrument.Tags::empty (4 bytes)
Event: 772.364 Thread 0x00000249f5ac0cf0 nmethod 6887 0x00000249eda19490 code [0x00000249eda19620, 0x00000249eda196d0]
Event: 772.364 Thread 0x00000249f5ac0cf0 6888       1       io.micrometer.core.instrument.Meter$Id::<init> (38 bytes)
Event: 772.365 Thread 0x00000249f5ac0cf0 nmethod 6888 0x00000249eda18f90 code [0x00000249eda19140, 0x00000249eda19430]
Event: 772.369 Thread 0x00000249f5ac0cf0 6889 %     1       java.math.BigInteger::implMultiplyToLen @ 135 (216 bytes)
Event: 772.371 Thread 0x00000249f5ac0cf0 nmethod 6889% 0x00000249eda18310 code [0x00000249eda184e0, 0x00000249eda18af0]
Event: 772.374 Thread 0x00000249f5ac0cf0 6890       1       org.springframework.util.MimeType::getType (5 bytes)
Event: 772.375 Thread 0x00000249f5ac0cf0 nmethod 6890 0x00000249eda18010 code [0x00000249eda181a0, 0x00000249eda18268]
Event: 772.375 Thread 0x00000249f5ac0cf0 6891       1       org.springframework.http.server.DefaultPathContainer::elements (5 bytes)
Event: 772.375 Thread 0x00000249f5ac0cf0 nmethod 6891 0x00000249eda17d10 code [0x00000249eda17ea0, 0x00000249eda17f68]
Event: 772.375 Thread 0x00000249f5ac0cf0 6892       1       java.util.Collections$UnmodifiableList::get (11 bytes)
Event: 772.375 Thread 0x00000249f5ac0cf0 nmethod 6892 0x00000249eda17990 code [0x00000249eda17b40, 0x00000249eda17c48]

GC Heap History (20 events):
Event: 3.876 GC heap before
{Heap before GC invocations=14 (full 0):
 garbage-first heap   total 59392K, used 51389K [0x0000000083a00000, 0x0000000100000000)
  region size 1024K, 34 young (34816K), 2 survivors (2048K)
 Metaspace       used 30486K, committed 30912K, reserved 1114112K
  class space    used 4073K, committed 4288K, reserved 1048576K
}
Event: 3.884 GC heap after
{Heap after GC invocations=15 (full 0):
 garbage-first heap   total 59392K, used 20830K [0x0000000083a00000, 0x0000000100000000)
  region size 1024K, 3 young (3072K), 3 survivors (3072K)
 Metaspace       used 30486K, committed 30912K, reserved 1114112K
  class space    used 4073K, committed 4288K, reserved 1048576K
}
Event: 4.152 GC heap before
{Heap before GC invocations=15 (full 0):
 garbage-first heap   total 59392K, used 51550K [0x0000000083a00000, 0x0000000100000000)
  region size 1024K, 33 young (33792K), 3 survivors (3072K)
 Metaspace       used 32658K, committed 33216K, reserved 1114112K
  class space    used 4341K, committed 4608K, reserved 1048576K
}
Event: 4.157 GC heap after
{Heap after GC invocations=16 (full 0):
 garbage-first heap   total 59392K, used 21150K [0x0000000083a00000, 0x0000000100000000)
  region size 1024K, 3 young (3072K), 3 survivors (3072K)
 Metaspace       used 32658K, committed 33216K, reserved 1114112K
  class space    used 4341K, committed 4608K, reserved 1048576K
}
Event: 4.414 GC heap before
{Heap before GC invocations=16 (full 0):
 garbage-first heap   total 59392K, used 51870K [0x0000000083a00000, 0x0000000100000000)
  region size 1024K, 33 young (33792K), 3 survivors (3072K)
 Metaspace       used 34556K, committed 35072K, reserved 1114112K
  class space    used 4604K, committed 4864K, reserved 1048576K
}
Event: 4.423 GC heap after
{Heap after GC invocations=17 (full 0):
 garbage-first heap   total 71680K, used 22295K [0x0000000083a00000, 0x0000000100000000)
  region size 1024K, 4 young (4096K), 4 survivors (4096K)
 Metaspace       used 34556K, committed 35072K, reserved 1114112K
  class space    used 4604K, committed 4864K, reserved 1048576K
}
Event: 4.997 GC heap before
{Heap before GC invocations=17 (full 0):
 garbage-first heap   total 71680K, used 61207K [0x0000000083a00000, 0x0000000100000000)
  region size 1024K, 42 young (43008K), 4 survivors (4096K)
 Metaspace       used 38017K, committed 38592K, reserved 1114112K
  class space    used 5095K, committed 5376K, reserved 1048576K
}
Event: 5.008 GC heap after
{Heap after GC invocations=18 (full 0):
 garbage-first heap   total 71680K, used 24629K [0x0000000083a00000, 0x0000000100000000)
  region size 1024K, 5 young (5120K), 5 survivors (5120K)
 Metaspace       used 38017K, committed 38592K, reserved 1114112K
  class space    used 5095K, committed 5376K, reserved 1048576K
}
Event: 5.596 GC heap before
{Heap before GC invocations=18 (full 0):
 garbage-first heap   total 71680K, used 61493K [0x0000000083a00000, 0x0000000100000000)
  region size 1024K, 41 young (41984K), 5 survivors (5120K)
 Metaspace       used 40870K, committed 41600K, reserved 1114112K
  class space    used 5531K, committed 5888K, reserved 1048576K
}
Event: 5.606 GC heap after
{Heap after GC invocations=19 (full 0):
 garbage-first heap   total 71680K, used 26559K [0x0000000083a00000, 0x0000000100000000)
  region size 1024K, 5 young (5120K), 5 survivors (5120K)
 Metaspace       used 40870K, committed 41600K, reserved 1114112K
  class space    used 5531K, committed 5888K, reserved 1048576K
}
Event: 5.880 GC heap before
{Heap before GC invocations=19 (full 0):
 garbage-first heap   total 71680K, used 61375K [0x0000000083a00000, 0x0000000100000000)
  region size 1024K, 39 young (39936K), 5 survivors (5120K)
 Metaspace       used 44411K, committed 45056K, reserved 1114112K
  class space    used 6117K, committed 6400K, reserved 1048576K
}
Event: 5.889 GC heap after
{Heap after GC invocations=20 (full 0):
 garbage-first heap   total 71680K, used 27716K [0x0000000083a00000, 0x0000000100000000)
  region size 1024K, 4 young (4096K), 4 survivors (4096K)
 Metaspace       used 44411K, committed 45056K, reserved 1114112K
  class space    used 6117K, committed 6400K, reserved 1048576K
}
Event: 6.295 GC heap before
{Heap before GC invocations=20 (full 0):
 garbage-first heap   total 71680K, used 62532K [0x0000000083a00000, 0x0000000100000000)
  region size 1024K, 38 young (38912K), 4 survivors (4096K)
 Metaspace       used 47064K, committed 47872K, reserved 1114112K
  class space    used 6512K, committed 6848K, reserved 1048576K
}
Event: 6.305 GC heap after
{Heap after GC invocations=21 (full 0):
 garbage-first heap   total 87040K, used 29165K [0x0000000083a00000, 0x0000000100000000)
  region size 1024K, 3 young (3072K), 3 survivors (3072K)
 Metaspace       used 47064K, committed 47872K, reserved 1114112K
  class space    used 6512K, committed 6848K, reserved 1048576K
}
Event: 6.449 GC heap before
{Heap before GC invocations=21 (full 0):
 garbage-first heap   total 87040K, used 48621K [0x0000000083a00000, 0x0000000100000000)
  region size 1024K, 23 young (23552K), 3 survivors (3072K)
 Metaspace       used 48455K, committed 49216K, reserved 1114112K
  class space    used 6735K, committed 7104K, reserved 1048576K
}
Event: 6.456 GC heap after
{Heap after GC invocations=22 (full 0):
 garbage-first heap   total 87040K, used 30047K [0x0000000083a00000, 0x0000000100000000)
  region size 1024K, 4 young (4096K), 4 survivors (4096K)
 Metaspace       used 48455K, committed 49216K, reserved 1114112K
  class space    used 6735K, committed 7104K, reserved 1048576K
}
Event: 6.937 GC heap before
{Heap before GC invocations=23 (full 0):
 garbage-first heap   total 87040K, used 77151K [0x0000000083a00000, 0x0000000100000000)
  region size 1024K, 50 young (51200K), 4 survivors (4096K)
 Metaspace       used 51905K, committed 52736K, reserved 1114112K
  class space    used 7233K, committed 7616K, reserved 1048576K
}
Event: 6.947 GC heap after
{Heap after GC invocations=24 (full 0):
 garbage-first heap   total 87040K, used 32875K [0x0000000083a00000, 0x0000000100000000)
  region size 1024K, 7 young (7168K), 7 survivors (7168K)
 Metaspace       used 51905K, committed 52736K, reserved 1114112K
  class space    used 7233K, committed 7616K, reserved 1048576K
}
Event: 134.166 GC heap before
{Heap before GC invocations=24 (full 0):
 garbage-first heap   total 87040K, used 72811K [0x0000000083a00000, 0x0000000100000000)
  region size 1024K, 47 young (48128K), 7 survivors (7168K)
 Metaspace       used 54938K, committed 55808K, reserved 1114112K
  class space    used 7672K, committed 8064K, reserved 1048576K
}
Event: 134.179 GC heap after
{Heap after GC invocations=25 (full 0):
 garbage-first heap   total 87040K, used 33031K [0x0000000083a00000, 0x0000000100000000)
  region size 1024K, 4 young (4096K), 4 survivors (4096K)
 Metaspace       used 54938K, committed 55808K, reserved 1114112K
  class space    used 7672K, committed 8064K, reserved 1048576K
}

Dll operation events (12 events):
Event: 0.012 Loaded shared library C:\Users\gowda\OneDrive\Documents\sts-4.30.0.RELEASE\plugins\org.eclipse.justj.openjdk.hotspot.jre.full.win32.x86_64_21.0.6.v20250130-0529\jre\bin\java.dll
Event: 0.059 Loaded shared library C:\Users\gowda\OneDrive\Documents\sts-4.30.0.RELEASE\plugins\org.eclipse.justj.openjdk.hotspot.jre.full.win32.x86_64_21.0.6.v20250130-0529\jre\bin\zip.dll
Event: 0.497 Loaded shared library C:\Users\gowda\OneDrive\Documents\sts-4.30.0.RELEASE\plugins\org.eclipse.justj.openjdk.hotspot.jre.full.win32.x86_64_21.0.6.v20250130-0529\jre\bin\instrument.dll
Event: 0.505 Loaded shared library C:\Users\gowda\OneDrive\Documents\sts-4.30.0.RELEASE\plugins\org.eclipse.justj.openjdk.hotspot.jre.full.win32.x86_64_21.0.6.v20250130-0529\jre\bin\net.dll
Event: 0.507 Loaded shared library C:\Users\gowda\OneDrive\Documents\sts-4.30.0.RELEASE\plugins\org.eclipse.justj.openjdk.hotspot.jre.full.win32.x86_64_21.0.6.v20250130-0529\jre\bin\nio.dll
Event: 0.511 Loaded shared library C:\Users\gowda\OneDrive\Documents\sts-4.30.0.RELEASE\plugins\org.eclipse.justj.openjdk.hotspot.jre.full.win32.x86_64_21.0.6.v20250130-0529\jre\bin\zip.dll
Event: 0.697 Loaded shared library C:\Users\gowda\OneDrive\Documents\sts-4.30.0.RELEASE\plugins\org.eclipse.justj.openjdk.hotspot.jre.full.win32.x86_64_21.0.6.v20250130-0529\jre\bin\jimage.dll
Event: 0.749 Loaded shared library C:\Users\gowda\OneDrive\Documents\sts-4.30.0.RELEASE\plugins\org.eclipse.justj.openjdk.hotspot.jre.full.win32.x86_64_21.0.6.v20250130-0529\jre\bin\management.dll
Event: 0.760 Loaded shared library C:\Users\gowda\OneDrive\Documents\sts-4.30.0.RELEASE\plugins\org.eclipse.justj.openjdk.hotspot.jre.full.win32.x86_64_21.0.6.v20250130-0529\jre\bin\management_ext.dll
Event: 0.995 Loaded shared library C:\Users\gowda\OneDrive\Documents\sts-4.30.0.RELEASE\plugins\org.eclipse.justj.openjdk.hotspot.jre.full.win32.x86_64_21.0.6.v20250130-0529\jre\bin\extnet.dll
Event: 1.031 Loaded shared library C:\Users\gowda\OneDrive\Documents\sts-4.30.0.RELEASE\plugins\org.eclipse.justj.openjdk.hotspot.jre.full.win32.x86_64_21.0.6.v20250130-0529\jre\bin\verify.dll
Event: 2.651 Loaded shared library C:\Users\gowda\OneDrive\Documents\sts-4.30.0.RELEASE\plugins\org.eclipse.justj.openjdk.hotspot.jre.full.win32.x86_64_21.0.6.v20250130-0529\jre\bin\sunmscapi.dll

Deoptimization events (20 events):
Event: 669.173 Thread 0x00000249fa72a950 DEOPT PACKING pc=0x00000249ee56c7e4 sp=0x000000cbb62fc850
Event: 669.173 Thread 0x00000249fa72a950 DEOPT UNPACKING pc=0x00000249ed8b88e2 sp=0x000000cbb62fbdb8 mode 1
Event: 669.173 Thread 0x00000249fa72a950 DEOPT PACKING pc=0x00000249ee56c7e4 sp=0x000000cbb62fc850
Event: 669.173 Thread 0x00000249fa72a950 DEOPT UNPACKING pc=0x00000249ed8b88e2 sp=0x000000cbb62fbdb8 mode 1
Event: 669.173 Thread 0x00000249fa72a950 DEOPT PACKING pc=0x00000249ee56c7e4 sp=0x000000cbb62fc850
Event: 669.173 Thread 0x00000249fa72a950 DEOPT UNPACKING pc=0x00000249ed8b88e2 sp=0x000000cbb62fbdb8 mode 1
Event: 669.173 Thread 0x00000249fa72a950 DEOPT PACKING pc=0x00000249ee56c7e4 sp=0x000000cbb62fc850
Event: 669.173 Thread 0x00000249fa72a950 DEOPT UNPACKING pc=0x00000249ed8b88e2 sp=0x000000cbb62fbdb8 mode 1
Event: 669.173 Thread 0x00000249fa72a950 DEOPT PACKING pc=0x00000249ee56c7e4 sp=0x000000cbb62fc850
Event: 669.173 Thread 0x00000249fa72a950 DEOPT UNPACKING pc=0x00000249ed8b88e2 sp=0x000000cbb62fbdb8 mode 1
Event: 669.173 Thread 0x00000249fa72a950 DEOPT PACKING pc=0x00000249ee56c7e4 sp=0x000000cbb62fc850
Event: 669.173 Thread 0x00000249fa72a950 DEOPT UNPACKING pc=0x00000249ed8b88e2 sp=0x000000cbb62fbdb8 mode 1
Event: 669.173 Thread 0x00000249fa72a950 DEOPT PACKING pc=0x00000249ee56c7e4 sp=0x000000cbb62fc850
Event: 669.173 Thread 0x00000249fa72a950 DEOPT UNPACKING pc=0x00000249ed8b88e2 sp=0x000000cbb62fbdb8 mode 1
Event: 669.173 Thread 0x00000249fa72a950 DEOPT PACKING pc=0x00000249ee56c7e4 sp=0x000000cbb62fc850
Event: 669.173 Thread 0x00000249fa72a950 DEOPT UNPACKING pc=0x00000249ed8b88e2 sp=0x000000cbb62fbdb8 mode 1
Event: 699.172 Thread 0x00000249fa7274d0 DEOPT PACKING pc=0x00000249edd8d72c sp=0x000000cbb2bfee70
Event: 699.172 Thread 0x00000249fa7274d0 DEOPT UNPACKING pc=0x00000249ed8b88e2 sp=0x000000cbb2bfe348 mode 0
Event: 786.733 Thread 0x00000249fa728f10 DEOPT PACKING pc=0x00000249edd8d72c sp=0x000000cbb2aff5b0
Event: 786.733 Thread 0x00000249fa728f10 DEOPT UNPACKING pc=0x00000249ed8b88e2 sp=0x000000cbb2afea88 mode 0

Classes loaded (20 events):
Event: 193.210 Loading class sun/nio/ch/Poller$Request
Event: 193.210 Loading class sun/nio/ch/Poller$Request done
Event: 193.210 Loading class jdk/internal/misc/VirtualThreads
Event: 193.211 Loading class jdk/internal/misc/VirtualThreads done
Event: 193.211 Loading class java/util/concurrent/ForkJoinTask$AdaptedRunnableAction
Event: 193.212 Loading class java/util/concurrent/ForkJoinTask$AdaptedRunnableAction done
Event: 193.214 Loading class sun/net/www/protocol/http/AuthenticationInfo
Event: 193.214 Loading class sun/net/www/protocol/http/AuthCacheValue
Event: 193.214 Loading class sun/net/www/protocol/http/AuthCacheValue done
Event: 193.214 Loading class sun/net/www/protocol/http/AuthenticationInfo done
Event: 193.324 Loading class sun/net/www/http/ChunkedInputStream
Event: 193.324 Loading class sun/net/www/http/Hurryable
Event: 193.324 Loading class sun/net/www/http/Hurryable done
Event: 193.324 Loading class sun/net/www/http/ChunkedInputStream done
Event: 193.325 Loading class sun/net/www/protocol/http/HttpURLConnection$HttpInputStream
Event: 193.325 Loading class sun/net/www/protocol/http/HttpURLConnection$HttpInputStream done
Event: 193.330 Loading class sun/net/www/protocol/http/HttpURLConnection$10
Event: 193.330 Loading class sun/net/www/protocol/http/HttpURLConnection$10 done
Event: 193.963 Loading class java/io/OutputStream$1
Event: 193.963 Loading class java/io/OutputStream$1 done

Classes unloaded (0 events):
No events

Classes redefined (0 events):
No events

Internal exceptions (20 events):
Event: 7.326 Thread 0x00000249fa72a950 Exception <a 'java/lang/ClassNotFoundException'{0x0000000087f91d20}: org/springframework/boot/actuate/endpoint/jmx/EndpointMBean> (0x0000000087f91d20) 
thrown [s\src\hotspot\share\classfile\systemDictionary.cpp, line 312]
Event: 7.326 Thread 0x00000249fa72a950 Exception <a 'java/lang/ClassNotFoundException'{0x0000000087f920f0}: org/springframework/boot/actuate/endpoint/jmx/DataEndpointMBean> (0x0000000087f920f0) 
thrown [s\src\hotspot\share\classfile\systemDictionary.cpp, line 312]
Event: 7.327 Thread 0x00000249fa72a950 Exception <a 'java/lang/ClassNotFoundException'{0x0000000087f924b8}: org/springframework/context/support/LiveBeansView> (0x0000000087f924b8) 
thrown [s\src\hotspot\share\classfile\systemDictionary.cpp, line 312]
Event: 7.327 Thread 0x00000249fa72a950 Exception <a 'java/lang/ClassNotFoundException'{0x0000000087f928f8}: org/springframework/boot/actuate/endpoint/jmx/EndpointMBean> (0x0000000087f928f8) 
thrown [s\src\hotspot\share\classfile\systemDictionary.cpp, line 312]
Event: 7.327 Thread 0x00000249fa72a950 Exception <a 'java/lang/ClassNotFoundException'{0x0000000087f92cc8}: org/springframework/boot/actuate/endpoint/jmx/DataEndpointMBean> (0x0000000087f92cc8) 
thrown [s\src\hotspot\share\classfile\systemDictionary.cpp, line 312]
Event: 7.327 Thread 0x00000249fa72a950 Exception <a 'java/lang/ClassNotFoundException'{0x0000000087f93090}: org/springframework/context/support/LiveBeansView> (0x0000000087f93090) 
thrown [s\src\hotspot\share\classfile\systemDictionary.cpp, line 312]
Event: 7.327 Thread 0x00000249fa72a950 Exception <a 'java/lang/ClassNotFoundException'{0x0000000087f93440}: org/springframework/boot/actuate/endpoint/jmx/EndpointMBean> (0x0000000087f93440) 
thrown [s\src\hotspot\share\classfile\systemDictionary.cpp, line 312]
Event: 7.327 Thread 0x00000249fa72a950 Exception <a 'java/lang/ClassNotFoundException'{0x0000000087f937f0}: org/springframework/boot/actuate/endpoint/jmx/DataEndpointMBean> (0x0000000087f937f0) 
thrown [s\src\hotspot\share\classfile\systemDictionary.cpp, line 312]
Event: 7.327 Thread 0x00000249fa72a950 Exception <a 'java/lang/ClassNotFoundException'{0x0000000087f93b98}: org/springframework/context/support/LiveBeansView> (0x0000000087f93b98) 
thrown [s\src\hotspot\share\classfile\systemDictionary.cpp, line 312]
Event: 7.327 Thread 0x00000249fa72a950 Exception <a 'java/lang/ClassNotFoundException'{0x0000000087f93f60}: org/springframework/boot/actuate/endpoint/jmx/EndpointMBean> (0x0000000087f93f60) 
thrown [s\src\hotspot\share\classfile\systemDictionary.cpp, line 312]
Event: 7.327 Thread 0x00000249fa72a950 Exception <a 'java/lang/ClassNotFoundException'{0x0000000087f94328}: org/springframework/boot/actuate/endpoint/jmx/DataEndpointMBean> (0x0000000087f94328) 
thrown [s\src\hotspot\share\classfile\systemDictionary.cpp, line 312]
Event: 7.327 Thread 0x00000249fa72a950 Exception <a 'java/lang/ClassNotFoundException'{0x0000000087f946e8}: org/springframework/context/support/LiveBeansView> (0x0000000087f946e8) 
thrown [s\src\hotspot\share\classfile\systemDictionary.cpp, line 312]
Event: 7.338 Thread 0x00000249fa72a950 Exception <a 'java/lang/NoSuchMethodError'{0x0000000087feef30}: 'java.lang.Object java.lang.invoke.DirectMethodHandle$Holder.newInvokeSpecial(java.lang.Object, java.lang.Object, java.lang.Object, java.lang.Object, int)'> (0x0000000087feef30) 
thrown [s\src\hotspot\share\interpreter\linkResolver.cpp, line 773]
Event: 7.338 Thread 0x00000249fa72a950 Exception <a 'java/lang/NoSuchMethodError'{0x0000000087ff2fb0}: 'java.lang.Object java.lang.invoke.DirectMethodHandle$Holder.invokeSpecial(java.lang.Object, java.lang.Object, java.lang.Object, java.lang.Object, java.lang.Object, int)'> (0x0000000087ff2fb0) 
thrown [s\src\hotspot\share\interpreter\linkResolver.cpp, line 773]
Event: 7.339 Thread 0x00000249fa72a950 Exception <a 'java/lang/NoSuchMethodError'{0x0000000087ff6840}: 'java.lang.Object java.lang.invoke.Invokers$Holder.linkToTargetMethod(java.lang.Object, java.lang.Object, java.lang.Object, int, java.lang.Object)'> (0x0000000087ff6840) 
thrown [s\src\hotspot\share\interpreter\linkResolver.cpp, line 773]
Event: 133.890 Thread 0x00000249fc1335b0 Exception <a 'java/lang/NoSuchMethodError'{0x00000000870c4210}: 'java.lang.Object java.lang.invoke.DirectMethodHandle$Holder.invokeStatic(java.lang.Object, java.lang.Object, java.lang.Object, int, int)'> (0x00000000870c4210) 
thrown [s\src\hotspot\share\interpreter\linkResolver.cpp, line 773]
Event: 133.891 Thread 0x00000249fc1335b0 Exception <a 'java/lang/NoSuchMethodError'{0x00000000870c79f0}: 'java.lang.Object java.lang.invoke.DirectMethodHandle$Holder.invokeStaticInit(java.lang.Object, java.lang.Object, java.lang.Object, int, int)'> (0x00000000870c79f0) 
thrown [s\src\hotspot\share\interpreter\linkResolver.cpp, line 773]
Event: 134.017 Thread 0x00000249fa72afe0 Exception <a 'java/lang/NoSuchMethodError'{0x0000000086cfbb78}: 'java.lang.Object java.lang.invoke.DirectMethodHandle$Holder.invokeSpecial(java.lang.Object, java.lang.Object, java.lang.Object, java.lang.Object, java.lang.Object, long)'> (0x0000000086cfbb78) 
thrown [s\src\hotspot\share\interpreter\linkResolver.cpp, line 773]
Event: 134.017 Thread 0x00000249fa72afe0 Exception <a 'java/lang/NoSuchMethodError'{0x0000000086cff358}: 'java.lang.Object java.lang.invoke.Invokers$Holder.linkToTargetMethod(java.lang.Object, java.lang.Object, java.lang.Object, long, java.lang.Object)'> (0x0000000086cff358) 
thrown [s\src\hotspot\share\interpreter\linkResolver.cpp, line 773]
Event: 669.145 Thread 0x00000249fa72a950 Exception <a 'java/lang/NoSuchMethodError'{0x00000000873a61e8}: 'double java.lang.invoke.DirectMethodHandle$Holder.invokeSpecialIFC(java.lang.Object, java.lang.Object)'> (0x00000000873a61e8) 
thrown [s\src\hotspot\share\interpreter\linkResolver.cpp, line 773]

ZGC Phase Switch (0 events):
No events

VM Operations (20 events):
Event: 786.657 Executing VM operation: virtual thread get receiver
Event: 786.657 Executing VM operation: virtual thread get receiver done
Event: 786.908 Executing VM operation: ChangeSingleStep
Event: 786.908 Executing VM operation: ChangeSingleStep done
Event: 786.909 Executing VM operation: ChangeSingleStep
Event: 786.909 Executing VM operation: ChangeSingleStep done
Event: 787.119 Executing VM operation: virtual thread get/set locals
Event: 787.119 Executing VM operation: virtual thread get/set locals done
Event: 800.297 Executing VM operation: ChangeBreakpoints
Event: 800.300 Executing VM operation: ChangeBreakpoints done
Event: 808.360 Executing VM operation: ChangeBreakpoints
Event: 808.362 Executing VM operation: ChangeBreakpoints done
Event: 808.363 Executing VM operation: ChangeBreakpoints
Event: 808.364 Executing VM operation: ChangeBreakpoints done
Event: 814.399 Executing VM operation: ChangeSingleStep
Event: 814.399 Executing VM operation: ChangeSingleStep done
Event: 814.400 Executing VM operation: ChangeSingleStep
Event: 814.400 Executing VM operation: ChangeSingleStep done
Event: 814.408 Executing VM operation: ChangeSingleStep
Event: 814.408 Executing VM operation: ChangeSingleStep done

Memory protections (0 events):
No events

Nmethod flushes (20 events):
Event: 6.480 Thread 0x00000249f5a8e2d0 flushing  nmethod 0x00000249edc38990
Event: 6.480 Thread 0x00000249f5a8e2d0 flushing  nmethod 0x00000249edcaef90
Event: 6.480 Thread 0x00000249f5a8e2d0 flushing  nmethod 0x00000249edcb0010
Event: 6.480 Thread 0x00000249f5a8e2d0 flushing  nmethod 0x00000249edcdc390
Event: 6.480 Thread 0x00000249f5a8e2d0 flushing  nmethod 0x00000249ede4f810
Event: 6.480 Thread 0x00000249f5a8e2d0 flushing  nmethod 0x00000249ee0fb110
Event: 6.480 Thread 0x00000249f5a8e2d0 flushing  nmethod 0x00000249ee0fe590
Event: 6.480 Thread 0x00000249f5a8e2d0 flushing  nmethod 0x00000249ee128710
Event: 6.480 Thread 0x00000249f5a8e2d0 flushing  nmethod 0x00000249ee151590
Event: 6.480 Thread 0x00000249f5a8e2d0 flushing  nmethod 0x00000249ee18d810
Event: 6.480 Thread 0x00000249f5a8e2d0 flushing  nmethod 0x00000249ee1a1f90
Event: 6.480 Thread 0x00000249f5a8e2d0 flushing  nmethod 0x00000249ee1a9490
Event: 6.480 Thread 0x00000249f5a8e2d0 flushing  nmethod 0x00000249ee1b5d10
Event: 6.480 Thread 0x00000249f5a8e2d0 flushing  nmethod 0x00000249edbe3110
Event: 6.480 Thread 0x00000249f5a8e2d0 flushing  nmethod 0x00000249ede48410
Event: 6.480 Thread 0x00000249f5a8e2d0 flushing  nmethod 0x00000249edeff390
Event: 6.480 Thread 0x00000249f5a8e2d0 flushing  nmethod 0x00000249ee0e8890
Event: 6.480 Thread 0x00000249f5a8e2d0 flushing  nmethod 0x00000249ee137c90
Event: 6.480 Thread 0x00000249f5a8e2d0 flushing  nmethod 0x00000249ee188f90
Event: 6.480 Thread 0x00000249f5a8e2d0 flushing  nmethod 0x00000249ee1aba10

Events (20 events):
Event: 272.083 Thread 0x00000249fa72afe0 Thread exited: 0x00000249fa72afe0
Event: 302.429 Thread 0x00000249fa728f10 Thread exited: 0x00000249fa728f10
Event: 326.351 Thread 0x00000249f5ac0cf0 Thread added: 0x00000249fac70f00
Event: 326.351 Thread 0x00000249f5ac0cf0 Thread added: 0x00000249fb762d40
Event: 326.351 Thread 0x00000249f5ac0cf0 Thread added: 0x00000249fa796c40
Event: 331.371 Thread 0x00000249fa796c40 Thread exited: 0x00000249fa796c40
Event: 331.371 Thread 0x00000249fb762d40 Thread exited: 0x00000249fb762d40
Event: 332.429 Thread 0x00000249fa72a2c0 Thread exited: 0x00000249fa72a2c0
Event: 336.380 Thread 0x00000249fac70f00 Thread exited: 0x00000249fac70f00
Event: 362.437 Thread 0x00000249fa72ca20 Thread exited: 0x00000249fa72ca20
Event: 392.443 Thread 0x00000249fa727b60 Thread exited: 0x00000249fa727b60
Event: 422.444 Thread 0x00000249fa7281f0 Thread exited: 0x00000249fa7281f0
Event: 669.160 Thread 0x00000249fa800c10 Thread added: 0x00000249fa72a2c0
Event: 683.497 Thread 0x00000249fc133c40 Thread added: 0x00000249fa728f10
Event: 683.498 Thread 0x00000249fa728f10 Thread added: 0x00000249fa7274d0
Event: 736.648 Thread 0x00000249fa729c30 Thread exited: 0x00000249fa729c30
Event: 738.262 Thread 0x00000249fa7274d0 Thread exited: 0x00000249fa7274d0
Event: 768.263 Thread 0x00000249fa728f10 Thread exited: 0x00000249fa728f10
Event: 768.717 Thread 0x00000249fc133c40 Thread added: 0x00000249fa728f10
Event: 772.359 Thread 0x00000249fc133c40 Thread added: 0x00000249fa729c30


Dynamic libraries:
0x00007ff6dde10000 - 0x00007ff6dde1e000 	C:\Users\gowda\OneDrive\Documents\sts-4.30.0.RELEASE\plugins\org.eclipse.justj.openjdk.hotspot.jre.full.win32.x86_64_21.0.6.v20250130-0529\jre\bin\javaw.exe
0x00007ffe98b40000 - 0x00007ffe98da6000 	C:\WINDOWS\SYSTEM32\ntdll.dll
0x00007ffe97f40000 - 0x00007ffe98009000 	C:\WINDOWS\System32\KERNEL32.DLL
0x00007ffe96430000 - 0x00007ffe96830000 	C:\WINDOWS\System32\KERNELBASE.dll
0x00007ffe96160000 - 0x00007ffe962ac000 	C:\WINDOWS\System32\ucrtbase.dll
0x00007ffe912c0000 - 0x00007ffe912de000 	C:\Users\gowda\OneDrive\Documents\sts-4.30.0.RELEASE\plugins\org.eclipse.justj.openjdk.hotspot.jre.full.win32.x86_64_21.0.6.v20250130-0529\jre\bin\VCRUNTIME140.dll
0x00007ffe8cc60000 - 0x00007ffe8cc78000 	C:\Users\gowda\OneDrive\Documents\sts-4.30.0.RELEASE\plugins\org.eclipse.justj.openjdk.hotspot.jre.full.win32.x86_64_21.0.6.v20250130-0529\jre\bin\jli.dll
0x00007ffe96980000 - 0x00007ffe96b47000 	C:\WINDOWS\System32\USER32.dll
0x00007ffe84040000 - 0x00007ffe842d2000 	C:\WINDOWS\WinSxS\amd64_microsoft.windows.common-controls_6595b64144ccf1df_6.0.26100.8737_none_3e092eaee333b772\COMCTL32.dll
0x00007ffe98240000 - 0x00007ffe982e9000 	C:\WINDOWS\System32\msvcrt.dll
0x00007ffe96130000 - 0x00007ffe96157000 	C:\WINDOWS\System32\win32u.dll
0x00007ffe97e10000 - 0x00007ffe97e3b000 	C:\WINDOWS\System32\GDI32.dll
0x00007ffe95d30000 - 0x00007ffe95e59000 	C:\WINDOWS\System32\gdi32full.dll
0x00007ffe962c0000 - 0x00007ffe96363000 	C:\WINDOWS\System32\msvcp_win.dll
0x00007ffe96bb0000 - 0x00007ffe96be2000 	C:\WINDOWS\System32\IMM32.DLL
0x00007ffe92630000 - 0x00007ffe9263c000 	C:\Users\gowda\OneDrive\Documents\sts-4.30.0.RELEASE\plugins\org.eclipse.justj.openjdk.hotspot.jre.full.win32.x86_64_21.0.6.v20250130-0529\jre\bin\vcruntime140_1.dll
0x00007ffe18f40000 - 0x00007ffe18fcd000 	C:\Users\gowda\OneDrive\Documents\sts-4.30.0.RELEASE\plugins\org.eclipse.justj.openjdk.hotspot.jre.full.win32.x86_64_21.0.6.v20250130-0529\jre\bin\msvcp140.dll
0x00007ffe256e0000 - 0x00007ffe26470000 	C:\Users\gowda\OneDrive\Documents\sts-4.30.0.RELEASE\plugins\org.eclipse.justj.openjdk.hotspot.jre.full.win32.x86_64_21.0.6.v20250130-0529\jre\bin\server\jvm.dll
0x00007ffe98180000 - 0x00007ffe98237000 	C:\WINDOWS\System32\ADVAPI32.dll
0x00007ffe96cb0000 - 0x00007ffe96d5a000 	C:\WINDOWS\System32\sechost.dll
0x00007ffe986d0000 - 0x00007ffe987e8000 	C:\WINDOWS\System32\RPCRT4.dll
0x00007ffe97d80000 - 0x00007ffe97e00000 	C:\WINDOWS\System32\WS2_32.dll
0x00007ffe95bb0000 - 0x00007ffe95c0e000 	C:\WINDOWS\SYSTEM32\POWRPROF.dll
0x00007ffe8d430000 - 0x00007ffe8d43b000 	C:\WINDOWS\SYSTEM32\VERSION.dll
0x00007ffe83c60000 - 0x00007ffe83c96000 	C:\WINDOWS\SYSTEM32\WINMM.dll
0x00007ffe95b90000 - 0x00007ffe95ba4000 	C:\WINDOWS\SYSTEM32\UMPDC.dll
0x00007ffe949f0000 - 0x00007ffe94a0b000 	C:\WINDOWS\SYSTEM32\kernel.appcore.dll
0x00007ffe92620000 - 0x00007ffe9262a000 	C:\Users\gowda\OneDrive\Documents\sts-4.30.0.RELEASE\plugins\org.eclipse.justj.openjdk.hotspot.jre.full.win32.x86_64_21.0.6.v20250130-0529\jre\bin\jimage.dll
0x00007ffe93210000 - 0x00007ffe93452000 	C:\WINDOWS\SYSTEM32\DBGHELP.DLL
0x00007ffe98340000 - 0x00007ffe986c3000 	C:\WINDOWS\System32\combase.dll
0x00007ffe97e60000 - 0x00007ffe97f39000 	C:\WINDOWS\System32\OLEAUT32.dll
0x00007ffe7e8e0000 - 0x00007ffe7e91b000 	C:\WINDOWS\SYSTEM32\dbgcore.DLL
0x00007ffe96070000 - 0x00007ffe9611c000 	C:\WINDOWS\System32\bcryptPrimitives.dll
0x00007ffe8d100000 - 0x00007ffe8d13c000 	C:\Users\gowda\OneDrive\Documents\sts-4.30.0.RELEASE\plugins\org.eclipse.justj.openjdk.hotspot.jre.full.win32.x86_64_21.0.6.v20250130-0529\jre\bin\jdwp.dll
0x00007ffe8d0d0000 - 0x00007ffe8d0df000 	C:\Users\gowda\OneDrive\Documents\sts-4.30.0.RELEASE\plugins\org.eclipse.justj.openjdk.hotspot.jre.full.win32.x86_64_21.0.6.v20250130-0529\jre\bin\instrument.dll
0x00007ffe7e730000 - 0x00007ffe7e74f000 	C:\Users\gowda\OneDrive\Documents\sts-4.30.0.RELEASE\plugins\org.eclipse.justj.openjdk.hotspot.jre.full.win32.x86_64_21.0.6.v20250130-0529\jre\bin\java.dll
0x00007ffe971f0000 - 0x00007ffe97982000 	C:\WINDOWS\System32\SHELL32.dll
0x00007ffe937b0000 - 0x00007ffe94042000 	C:\WINDOWS\SYSTEM32\windows.storage.dll
0x00007ffe98080000 - 0x00007ffe98177000 	C:\WINDOWS\System32\SHCORE.dll
0x00007ffe98010000 - 0x00007ffe98077000 	C:\WINDOWS\System32\shlwapi.dll
0x00007ffe95c50000 - 0x00007ffe95c79000 	C:\WINDOWS\SYSTEM32\profapi.dll
0x00007ffe2e5d0000 - 0x00007ffe2e5e8000 	C:\Users\gowda\OneDrive\Documents\sts-4.30.0.RELEASE\plugins\org.eclipse.justj.openjdk.hotspot.jre.full.win32.x86_64_21.0.6.v20250130-0529\jre\bin\zip.dll
0x00007ffe912a0000 - 0x00007ffe912ab000 	C:\Users\gowda\OneDrive\Documents\sts-4.30.0.RELEASE\plugins\org.eclipse.justj.openjdk.hotspot.jre.full.win32.x86_64_21.0.6.v20250130-0529\jre\bin\dt_socket.dll
0x00007ffe94390000 - 0x00007ffe943c3000 	C:\WINDOWS\SYSTEM32\IPHLPAPI.DLL
0x00007ffe94fc0000 - 0x00007ffe9502c000 	C:\WINDOWS\system32\mswsock.dll
0x00007ffe94480000 - 0x00007ffe945d5000 	C:\WINDOWS\SYSTEM32\DNSAPI.dll
0x00007ffe94da0000 - 0x00007ffe94dad000 	C:\WINDOWS\SYSTEM32\DSPARSE.dll
0x00007ffe982f0000 - 0x00007ffe982fa000 	C:\WINDOWS\System32\NSI.dll
0x00007ffe8e0a0000 - 0x00007ffe8e0ab000 	C:\Windows\System32\rasadhlp.dll
0x00007ffe88130000 - 0x00007ffe881b6000 	C:\WINDOWS\System32\fwpuclnt.dll
0x00007ffe83ac0000 - 0x00007ffe83ad0000 	C:\Users\gowda\OneDrive\Documents\sts-4.30.0.RELEASE\plugins\org.eclipse.justj.openjdk.hotspot.jre.full.win32.x86_64_21.0.6.v20250130-0529\jre\bin\net.dll
0x00007ffe8d140000 - 0x00007ffe8d269000 	C:\WINDOWS\SYSTEM32\WINHTTP.dll
0x00007ffe256c0000 - 0x00007ffe256d6000 	C:\Users\gowda\OneDrive\Documents\sts-4.30.0.RELEASE\plugins\org.eclipse.justj.openjdk.hotspot.jre.full.win32.x86_64_21.0.6.v20250130-0529\jre\bin\nio.dll
0x00007ffe912b0000 - 0x00007ffe912ba000 	C:\Users\gowda\OneDrive\Documents\sts-4.30.0.RELEASE\plugins\org.eclipse.justj.openjdk.hotspot.jre.full.win32.x86_64_21.0.6.v20250130-0529\jre\bin\management.dll
0x00007ffe6e300000 - 0x00007ffe6e30b000 	C:\Users\gowda\OneDrive\Documents\sts-4.30.0.RELEASE\plugins\org.eclipse.justj.openjdk.hotspot.jre.full.win32.x86_64_21.0.6.v20250130-0529\jre\bin\management_ext.dll
0x00007ffe98300000 - 0x00007ffe98308000 	C:\WINDOWS\System32\PSAPI.DLL
0x00007ffe75240000 - 0x00007ffe75258000 	C:\WINDOWS\system32\napinsp.dll
0x00007ffe71b80000 - 0x00007ffe71b93000 	C:\WINDOWS\System32\winrnr.dll
0x00007ffe71a50000 - 0x00007ffe71a72000 	C:\WINDOWS\system32\nlansp_c.dll
0x00007ffe8bde0000 - 0x00007ffe8bdf6000 	C:\WINDOWS\system32\wshbth.dll
0x00007ffe952c0000 - 0x00007ffe952db000 	C:\WINDOWS\SYSTEM32\CRYPTSP.dll
0x00007ffe94950000 - 0x00007ffe94989000 	C:\WINDOWS\system32\rsaenh.dll
0x00007ffe95080000 - 0x00007ffe950b2000 	C:\WINDOWS\SYSTEM32\USERENV.dll
0x00007ffe95c20000 - 0x00007ffe95c4a000 	C:\WINDOWS\SYSTEM32\bcrypt.dll
0x00007ffe952e0000 - 0x00007ffe952ec000 	C:\WINDOWS\SYSTEM32\CRYPTBASE.dll
0x00007ffe43320000 - 0x00007ffe43329000 	C:\Users\gowda\OneDrive\Documents\sts-4.30.0.RELEASE\plugins\org.eclipse.justj.openjdk.hotspot.jre.full.win32.x86_64_21.0.6.v20250130-0529\jre\bin\extnet.dll
0x00007ffe821d0000 - 0x00007ffe821e0000 	C:\Users\gowda\OneDrive\Documents\sts-4.30.0.RELEASE\plugins\org.eclipse.justj.openjdk.hotspot.jre.full.win32.x86_64_21.0.6.v20250130-0529\jre\bin\verify.dll
0x00007ffe57c70000 - 0x00007ffe57c7e000 	C:\Users\gowda\OneDrive\Documents\sts-4.30.0.RELEASE\plugins\org.eclipse.justj.openjdk.hotspot.jre.full.win32.x86_64_21.0.6.v20250130-0529\jre\bin\sunmscapi.dll
0x00007ffe95ef0000 - 0x00007ffe96068000 	C:\WINDOWS\System32\CRYPT32.dll
0x00007ffe95500000 - 0x00007ffe95530000 	C:\WINDOWS\SYSTEM32\ncrypt.dll
0x00007ffe954b0000 - 0x00007ffe954ef000 	C:\WINDOWS\SYSTEM32\NTASN1.dll
0x00007ffe5a1a0000 - 0x00007ffe5a1a8000 	C:\WINDOWS\system32\wshunix.dll

dbghelp: loaded successfully - version: 4.0.5 - missing functions: none
symbol engine: initialized successfully - sym options: 0x614 - pdb path: .;C:\Users\gowda\OneDrive\Documents\sts-4.30.0.RELEASE\plugins\org.eclipse.justj.openjdk.hotspot.jre.full.win32.x86_64_21.0.6.v20250130-0529\jre\bin;C:\WINDOWS\SYSTEM32;C:\WINDOWS\WinSxS\amd64_microsoft.windows.common-controls_6595b64144ccf1df_6.0.26100.8737_none_3e092eaee333b772;C:\Users\gowda\OneDrive\Documents\sts-4.30.0.RELEASE\plugins\org.eclipse.justj.openjdk.hotspot.jre.full.win32.x86_64_21.0.6.v20250130-0529\jre\bin\server

VM Arguments:
jvm_args: -XX:+ShowCodeDetailsInExceptionMessages -agentlib:jdwp=transport=dt_socket,suspend=y,address=localhost:49499 -Dcom.sun.management.jmxremote -Dcom.sun.management.jmxremote.port=49498 -Dcom.sun.management.jmxremote.authenticate=false -Dcom.sun.management.jmxremote.ssl=false -Djava.rmi.server.hostname=localhost -Dspring.jmx.enabled=true -Dmanagement.endpoints.jmx.exposure.include=* -Dspring.application.admin.enabled=true -Dspring.output.ansi.enabled=always -XX:TieredStopAtLevel=1 -Dspring.boot.project.name=broker-service -javaagent:C:\Users\gowda\OneDrive\Documents\sts-4.30.0.RELEASE\configuration\org.eclipse.osgi\270\0\.cp\lib\javaagent-shaded.jar -Dfile.encoding=UTF-8 -Dstdout.encoding=UTF-8 -Dstderr.encoding=UTF-8 
java_command: com.algotrade.broker_service.BrokerServiceApplication
java_class_path (initial): D:\Algo Trading Microservice Application\AlgoTrading springboot workspace\broker-service\target\classes;C:\Users\gowda\.m2\repository\org\springframework\boot\spring-boot-starter-web\3.5.14\spring-boot-starter-web-3.5.14.jar;C:\Users\gowda\.m2\repository\org\springframework\boot\spring-boot-starter\3.5.14\spring-boot-starter-3.5.14.jar;C:\Users\gowda\.m2\repository\org\springframework\boot\spring-boot\3.5.14\spring-boot-3.5.14.jar;C:\Users\gowda\.m2\repository\org\springframework\boot\spring-boot-autoconfigure\3.5.14\spring-boot-autoconfigure-3.5.14.jar;C:\Users\gowda\.m2\repository\org\springframework\boot\spring-boot-starter-logging\3.5.14\spring-boot-starter-logging-3.5.14.jar;C:\Users\gowda\.m2\repository\ch\qos\logback\logback-classic\1.5.32\logback-classic-1.5.32.jar;C:\Users\gowda\.m2\repository\ch\qos\logback\logback-core\1.5.32\logback-core-1.5.32.jar;C:\Users\gowda\.m2\repository\org\apache\logging\log4j\log4j-to-slf4j\2.24.3\log4j-to-slf4j-2.24.3.jar;C:\Users\gowda\.m2\repository\org\apache\logging\log4j\log4j-api\2.24.3\log4j-api-2.24.3.jar;C:\Users\gowda\.m2\repository\org\slf4j\jul-to-slf4j\2.0.17\jul-to-slf4j-2.0.17.jar;C:\Users\gowda\.m2\repository\org\yaml\snakeyaml\2.4\snakeyaml-2.4.jar;C:\Users\gowda\.m2\repository\org\springframework\boot\spring-boot-starter-json\3.5.14\spring-boot-starter-json-3.5.14.jar;C:\Users\gowda\.m2\repository\com\fasterxml\jackson\datatype\jackson-datatype-jdk8\2.21.2\jackson-datatype-jdk8-2.21.2.jar;C:\Users\gowda\.m2\repository\com\fasterxml\jackson\datatype\jackson-datatype-jsr310\2.21.2\jackson-datatype-jsr310-2.21.2.jar;C:\Users\gowda\.m2\repository\com\fasterxml\jackson\module\jackson-module-parameter-names\2.21.2\jackson-module-parameter-names-2.21.2.jar;C:\Users\gowda\.m2\repository\org\springframework\boot\spring-boot-starter-tomcat\3.5.14\spring-boot-starter-tomcat-3.5.14.jar;C:\Users\gowda\.m2\repository\org\apache\tomcat\embed\tomcat-embed-core\10.1.54\tomcat-embed-core-10.1.54.jar;C:\Users\gowda\.m2\repository\org\apache\tomcat\embed\tomcat-embed-websocket\10.1.54\tomcat-embed-websocket-10.1.54.jar;C:\Users\gowda\.m2\repository\org\springframework\spring-web\6.2.18\spring-web-6.2.18.jar;C:\Users\gowda\.m2\repository\org\springframework\spring-beans\6.2.18\spring-beans-6.2.18.jar;C:\Users\gowda\.m2\repository\org\springframework\spring-webmvc\6.2.18\spring-webmvc-6.2.18.jar;C:\Users\gowda\.m2\repository\org\springframework\spring-context\6.2.18\spring-context-6.2.18.jar;C:\Users\gowda\.m2\repository\org\springframework\spring-expression\6.2.18\spring-expression-6.2.18.jar;C:\Users\gowda\.m2\repository\org\springframework\boot\spring-boot-starter-security\3.5.14\spring-boot-starter-security-3.5.14.jar;C:\Users\gowda\.m2\repository\org\springframework\spring-aop\6.2.18\spring-aop-6.2.18.jar;C:\Users\gowda\.m2\repository\org\springframework\security\spring-security-config\6.5.10\spring-security-config-6.5.10.jar;C:\Users\gowda\.m2\repository\org\springframework\security\spring-security-web\6.5.10\spring-security-web-6.5.10.jar;C:\Users\gowda\.m2\repository\org\springframework\boot\spring-boot-starter-websocket\3.5.14\spring-boot-starter-websocket-3.5.14.jar;C:\Users\gowda\.m2\repository\org\springframework\spring-messaging\6.2.18\spring-messaging-6.2.18.jar;C:\Users\gowda\.m2\repository\org\springframework\spring-websocket\6.2.18\spring-websocket-6.2.18.jar;C:\Users\gowda\.m2\repository\org\springframework\boot\spring-boot-starter-data-redis\3.5.14\spring-boot-starter-data-redis-3.5.14.jar;C:\Users\gowda\.m2\repository\io\lettuce\lettuce-core\6.6.0.RELEASE\lettuce-core-6.6.0.RELEASE.jar;C:\Users\gowda\.m2\repository\redis\clients\authentication\redis-authx-core\0.1.1-beta2\redis-authx-core-0.1.1-beta2.jar;C:\Users\gowda\.m2\repository\io\netty\netty-common\4.1.132.Final\netty-common-4.1.132.Final.jar;C:\Users\gowda\.m2\repository\io\netty\netty-handler\4.1.132.Final\netty-handler-4.1.132.Final.jar;C:\Users\gowda\.m2\repository\io\netty\netty-resolver\4.1.132.Final\netty-resolver-4.1.132.Final.jar;C:\Users\gowda\.m2\repository\io\netty\netty-buffer\4.1.132.Final\netty-buffer-4.1.132.Final.jar;C:\Users\gowda\.m2\repository\io\netty\netty-transport-native-unix-common\4.1.132.Final\netty-transport-native-unix-common-4.1.132.Final.jar;C:\Users\gowda\.m2\repository\io\netty\netty-codec\4.1.132.Final\netty-codec-4.1.132.Final.jar;C:\Users\gowda\.m2\repository\io\netty\netty-transport\4.1.132.Final\netty-transport-4.1.132.Final.jar;C:\Users\gowda\.m2\repository\io\projectreactor\reactor-core\3.7.18\reactor-core-3.7.18.jar;C:\Users\gowda\.m2\repository\org\reactivestreams\reactive-streams\1.0.4\reactive-streams-1.0.4.jar;C:\Users\gowda\.m2\repository\org\springframework\data\spring-data-redis\3.5.11\spring-data-redis-3.5.11.jar;C:\Users\gowda\.m2\repository\org\springframework\data\spring-data-keyvalue\3.5.11\spring-data-keyvalue-3.5.11.jar;C:\Users\gowda\.m2\repository\org\springframework\data\spring-data-commons\3.5.11\spring-data-commons-3.5.11.jar;C:\Users\gowda\.m2\repository\org\springframework\spring-tx\6.2.18\spring-tx-6.2.18.jar;C:\Users\gowda\.m2\repository\org\springframework\spring-oxm\6.2.18\spring-oxm-6.2.18.jar;C:\Users\gowda\.m2\repository\org\springframework\spring-context-support\6.2.18\spring-context-support-6.2.18.jar;C:\Users\gowda\.m2\repository\org\springframework\boot\spring-boot-starter-validation\3.5.14\spring-boot-starter-validation-3.5.14.jar;C:\Users\gowda\.m2\repository\org\apache\tomcat\embed\tomcat-embed-el\10.1.54\tomcat-embed-el-10.1.54.jar;C:\Users\gowda\.m2\repository\org\hibernate\validator\hibernate-validator\8.0.3.Final\hibernate-validator-8.0.3.Final.jar;C:\Users\gowda\.m2\repository\jakarta\validation\jakarta.validation-api\3.0.2\jakarta.validation-api-3.0.2.jar;C:\Users\gowda\.m2\repository\org\jboss\logging\jboss-logging\3.6.3.Final\jboss-logging-3.6.3.Final.jar;C:\Users\gowda\.m2\repository\com\fasterxml\classmate\1.7.3\classmate-1.7.3.jar;C:\Users\gowda\.m2\repository\org\springframework\boot\spring-boot-starter-actuator\3.5.14\spring-boot-starter-actuator-3.5.14.jar;C:\Users\gowda\.m2\repository\org\springframework\boot\spring-boot-actuator-autoconfigure\3.5.14\spring-boot-actuator-autoconfigure-3.5.14.jar;C:\Users\gowda\.m2\repository\org\springframework\boot\spring-boot-actuator\3.5.14\spring-boot-actuator-3.5.14.jar;C:\Users\gowda\.m2\repository\io\micrometer\micrometer-observation\1.15.11\micrometer-observation-1.15.11.jar;C:\Users\gowda\.m2\repository\io\micrometer\micrometer-commons\1.15.11\micrometer-commons-1.15.11.jar;C:\Users\gowda\.m2\repository\io\micrometer\micrometer-jakarta9\1.15.11\micrometer-jakarta9-1.15.11.jar;C:\Users\gowda\.m2\repository\io\micrometer\micrometer-core\1.15.11\micrometer-core-1.15.11.jar;C:\Users\gowda\.m2\repository\org\hdrhistogram\HdrHistogram\2.2.2\HdrHistogram-2.2.2.jar;C:\Users\gowda\.m2\repository\org\latencyutils\LatencyUtils\2.0.3\LatencyUtils-2.0.3.jar;C:\Users\gowda\.m2\repository\io\jsonwebtoken\jjwt-api\0.12.6\jjwt-api-0.12.6.jar;C:\Users\gowda\.m2\repository\io\jsonwebtoken\jjwt-impl\0.12.6\jjwt-impl-0.12.6.jar;C:\Users\gowda\.m2\repository\io\jsonwebtoken\jjwt-jackson\0.12.6\jjwt-jackson-0.12.6.jar;C:\Users\gowda\.m2\repository\com\fasterxml\jackson\core\jackson-databind\2.21.2\jackson-databind-2.21.2.jar;C:\Users\gowda\.m2\repository\com\fasterxml\jackson\core\jackson-annotations\2.21\jackson-annotations-2.21.jar;C:\Users\gowda\.m2\repository\com\fasterxml\jackson\core\jackson-core\2.21.2\jackson-core-2.21.2.jar;C:\Users\gowda\.m2\repository\com\algotrade\common-cache-infrastructure\1.0.0-SNAPSHOT\common-cache-infrastructure-1.0.0-SNAPSHOT.jar;C:\Users\gowda\.m2\repository\io\github\resilience4j\resilience4j-spring-boot3\2.4.0\resilience4j-spring-boot3-2.4.0.jar;C:\Users\gowda\.m2\repository\io\github\resilience4j\resilience4j-spring6\2.4.0\resilience4j-spring6-2.4.0.jar;C:\Users\gowda\.m2\repository\io\github\resilience4j\resilience4j-annotations\2.4.0\resilience4j-annotations-2.4.0.jar;C:\Users\gowda\.m2\repository\io\github\resilience4j\resilience4j-consumer\2.4.0\resilience4j-consumer-2.4.0.jar;C:\Users\gowda\.m2\repository\io\github\resilience4j\resilience4j-circularbuffer\2.4.0\resilience4j-circularbuffer-2.4.0.jar;C:\Users\gowda\.m2\repository\io\github\resilience4j\resilience4j-framework-common\2.4.0\resilience4j-framework-common-2.4.0.jar;C:\Users\gowda\.m2\repository\org\slf4j\slf4j-api\2.0.17\slf4j-api-2.0.17.jar;C:\Users\gowda\.m2\repository\io\github\resilience4j\resilience4j-micrometer\2.4.0\resilience4j-micrometer-2.4.0.jar;C:\Users\gowda\.m2\repository\io\github\resilience4j\resilience4j-bulkhead\2.4.0\resilience4j-bulkhead-2.4.0.jar;C:\Users\gowda\.m2\repository\io\github\resilience4j\resilience4j-timelimiter\2.4.0\resilience4j-timelimiter-2.4.0.jar;C:\Users\gowda\.m2\repository\io\github\resilience4j\resilience4j-circuitbreaker\2.4.0\resilience4j-circuitbreaker-2.4.0.jar;C:\Users\gowda\.m2\repository\io\github\resilience4j\resilience4j-core\2.4.0\resilience4j-core-2.4.0.jar;C:\Users\gowda\.m2\repository\io\github\resilience4j\resilience4j-retry\2.4.0\resilience4j-retry-2.4.0.jar;C:\Users\gowda\.m2\repository\io\github\resilience4j\resilience4j-ratelimiter\2.4.0\resilience4j-ratelimiter-2.4.0.jar;C:\Users\gowda\.m2\repository\org\zeromq\jeromq\0.6.0\jeromq-0.6.0.jar;C:\Users\gowda\.m2\repository\eu\neilalexander\jnacl\1.0.0\jnacl-1.0.0.jar;C:\Users\gowda\.m2\repository\io\grpc\grpc-netty-shaded\1.81.0\grpc-netty-shaded-1.81.0.jar;C:\Users\gowda\.m2\repository\io\grpc\grpc-util\1.81.0\grpc-util-1.81.0.jar;C:\Users\gowda\.m2\repository\io\grpc\grpc-core\1.81.0\grpc-core-1.81.0.jar;C:\Users\gowda\.m2\repository\com\google\code\gson\gson\2.13.2\gson-2.13.2.jar;C:\Users\gowda\.m2\repository\com\google\android\annotations\4.1.1.4\annotations-4.1.1.4.jar;C:\Users\gowda\.m2\repository\io\grpc\grpc-context\1.81.0\grpc-context-1.81.0.jar;C:\Users\gowda\.m2\repository\com\google\guava\guava\33.5.0-android\guava-33.5.0-android.jar;C:\Users\gowda\.m2\repository\com\google\guava\failureaccess\1.0.3\failureaccess-1.0.3.jar;C:\Users\gowda\.m2\repository\com\google\guava\listenablefuture\9999.0-empty-to-avoid-conflict-with-guava\listenablefuture-9999.0-empty-to-avoid-conflict-with-guava.jar;C:\Users\gowda\.m2\repository\org\jspecify\jspecify\1.0.0\jspecify-1.0.0.jar;C:\Users\gowda\.m2\repository\com\google\j2objc\j2objc-annotations\3.1\j2objc-annotations-3.1.jar;C:\Users\gowda\.m2\repository\com\google\errorprone\error_prone_annotations\2.48.0\error_prone_annotations-2.48.0.jar;C:\Users\gowda\.m2\repository\io\perfmark\perfmark-api\0.27.0\perfmark-api-0.27.0.jar;C:\Users\gowda\.m2\repository\io\grpc\grpc-api\1.81.0\grpc-api-1.81.0.jar;C:\Users\gowda\.m2\repository\org\codehaus\mojo\animal-sniffer-annotations\1.27\animal-sniffer-annotations-1.27.jar;C:\Users\gowda\.m2\repository\io\grpc\grpc-protobuf\1.81.0\grpc-protobuf-1.81.0.jar;C:\Users\gowda\.m2\repository\com\google\code\findbugs\jsr305\3.0.2\jsr305-3.0.2.jar;C:\Users\gowda\.m2\repository\com\google\api\grpc\proto-google-common-protos\2.64.1\proto-google-common-protos-2.64.1.jar;C:\Users\gowda\.m2\repository\io\grpc\grpc-protobuf-lite\1.81.0\grpc-protobuf-lite-1.81.0.jar;C:\Users\gowda\.m2\repository\io\grpc\grpc-stub\1.81.0\grpc-stub-1.81.0.jar;C:\Users\gowda\.m2\repository\com\google\protobuf\protobuf-java\3.25.5\protobuf-java-3.25.5.jar;C:\Users\gowda\.m2\repository\jakarta\annotation\jakarta.annotation-api\3.0.0\jakarta.annotation-api-3.0.0.jar;C:\Users\gowda\.m2\repository\org\projectlombok\lombok\1.18.46\lombok-1.18.46.jar;C:\Users\gowda\.m2\repository\jakarta\xml\bind\jakarta.xml.bind-api\4.0.4\jakarta.xml.bind-api-4.0.4.jar;C:\Users\gowda\.m2\repository\jakarta\activation\jakarta.activation-api\2.1.4\jakarta.activation-api-2.1.4.jar;C:\Users\gowda\.m2\repository\org\springframework\spring-core\6.2.18\spring-core-6.2.18.jar;C:\Users\gowda\.m2\repository\org\springframework\spring-jcl\6.2.18\spring-jcl-6.2.18.jar;C:\Users\gowda\.m2\repository\org\springframework\security\spring-security-core\6.5.10\spring-security-core-6.5.10.jar;C:\Users\gowda\.m2\repository\org\springframework\security\spring-security-crypto\6.5.10\spring-security-crypto-6.5.10.jar
Launcher Type: SUN_STANDARD

[Global flags]
     intx CICompilerCount                          = 4                                         {product} {ergonomic}
     uint ConcGCThreads                            = 2                                         {product} {ergonomic}
     uint G1ConcRefinementThreads                  = 8                                         {product} {ergonomic}
   size_t G1HeapRegionSize                         = 1048576                                   {product} {ergonomic}
    uintx GCDrainStackTargetSize                   = 64                                        {product} {ergonomic}
   size_t InitialHeapSize                          = 132120576                                 {product} {ergonomic}
     bool ManagementServer                         = true                                      {product} {command line}
   size_t MarkStackSize                            = 4194304                                   {product} {ergonomic}
   size_t MaxHeapSize                              = 2086666240                                {product} {ergonomic}
   size_t MaxNewSize                               = 1251999744                                {product} {ergonomic}
   size_t MinHeapDeltaBytes                        = 1048576                                   {product} {ergonomic}
   size_t MinHeapSize                              = 8388608                                   {product} {ergonomic}
    uintx NonNMethodCodeHeapSize                   = 4096                                   {pd product} {ergonomic}
    uintx NonProfiledCodeHeapSize                  = 0                                      {pd product} {ergonomic}
     bool ProfileInterpreter                       = false                                  {pd product} {command line}
    uintx ProfiledCodeHeapSize                     = 0                                      {pd product} {ergonomic}
     bool ShowCodeDetailsInExceptionMessages       = true                                   {manageable} {command line}
   size_t SoftMaxHeapSize                          = 2086666240                             {manageable} {ergonomic}
     intx TieredStopAtLevel                        = 1                                         {product} {command line}
     bool UseCompressedOops                        = true                           {product lp64_product} {ergonomic}
     bool UseG1GC                                  = true                                      {product} {ergonomic}
     bool UseLargePagesIndividualAllocation        = false                                  {pd product} {ergonomic}

Logging:
Log output configuration:
 #0: stdout all=warning uptime,level,tags foldmultilines=false
 #1: stderr all=off uptime,level,tags foldmultilines=false

Environment Variables:
JAVA_HOME=C:\Program Files\Java\jdk-21
PATH=C:\Users\gowda\OneDrive\Documents\sts-4.30.0.RELEASE\plugins\org.eclipse.justj.openjdk.hotspot.jre.full.win32.x86_64_21.0.6.v20250130-0529\jre\bin;C:/Users/gowda/OneDrive/Documents/sts-4.30.0.RELEASE//plugins/org.eclipse.justj.openjdk.hotspot.jre.full.win32.x86_64_21.0.6.v20250130-0529/jre/bin/server;C:/Users/gowda/OneDrive/Documents/sts-4.30.0.RELEASE//plugins/org.eclipse.justj.openjdk.hotspot.jre.full.win32.x86_64_21.0.6.v20250130-0529/jre/bin;C:\Python313\Scripts\;C:\Python313\;C:\Program Files\Common Files\Oracle\Java\javapath;C:\WINDOWS\system32;C:\WINDOWS;C:\WINDOWS\System32\Wbem;C:\WINDOWS\System32\WindowsPowerShell\v1.0\;C:\WINDOWS\System32\OpenSSH\;C:\Program Files\nodejs\;C:\ProgramData\chocolatey\bin;C:\Program Files\Docker\Docker\resources\bin;C:\sqlite;C:\Python313\Scripts;C:\Program Files\Git\cmd;C:\Program Files\Redis\;C:\Program Files\apache-maven-3.9.15\bin;C:\Program Files\PostgreSQL\18\bin;;C:\Program Files\OpenSSL-Win64\bin;C:\Program Files\MySQL\MySQL Shell 8.0\bin\;C:\Users\gowda\AppData\Local\Programs\Python\Python310\Scripts\;C:\Users\gowda\AppData\Local\Programs\Python\Python310\;C:\Users\gowda\AppData\Local\Microsoft\WindowsApps;C:\Users\gowda\AppData\Local\Programs\Microsoft VS Code\bin;C:\Users\gowda\AppData\Roaming\npm;C:\Users\gowda\OneDrive\Documents\sts-4.30.0.RELEASE;
USERNAME=SUBHASH_GOWDA
OS=Windows_NT
PROCESSOR_IDENTIFIER=Intel64 Family 6 Model 126 Stepping 5, GenuineIntel
TMP=C:\Users\gowda\AppData\Local\Temp
TEMP=C:\Users\gowda\AppData\Local\Temp




Periodic native trim disabled

---------------  S Y S T E M  ---------------

OS:
 Windows 11 , 64 bit Build 26100 (10.0.26100.8737)
OS uptime: 0 days 15:42 hours
Hyper-V role detected

CPU: total 8 (initial active 8) (4 cores per cpu, 2 threads per core) family 6 model 126 stepping 5 microcode 0xc2, cx8, cmov, fxsr, ht, mmx, 3dnowpref, sse, sse2, sse3, ssse3, sse4.1, sse4.2, popcnt, lzcnt, tsc, tscinvbit, avx, avx2, aes, erms, clmul, bmi1, bmi2, adx, avx512f, avx512dq, avx512cd, avx512bw, avx512vl, sha, fma, vzeroupper, avx512_vpopcntdq, avx512_vpclmulqdq, avx512_vaes, avx512_vnni, clflush, clflushopt, avx512_vbmi2, avx512_vbmi, hv, rdtscp, rdpid, fsrm, gfni, avx512_bitalg, f16c, avx512_ifma
Processor Information for the first 8 processors :
  Max Mhz: 1190, Current Mhz: 991, Mhz Limit: 987

Memory: 4k page, system-wide physical 7959M (488M free)
TotalPageFile size 20247M (AvailPageFile size 4675M)
current process WorkingSet (physical memory assigned to process): 176M, peak: 245M
current process commit charge ("private bytes"): 277M, peak: 277M

vm_info: OpenJDK 64-Bit Server VM (21.0.6+7-LTS) for windows-amd64 JRE (21.0.6+7-LTS), built on 2025-01-21T00:00:00Z by "admin" with MS VC++ 17.7 (VS2022)

END.
