#
# A fatal error has been detected by the Java Runtime Environment:
#
#  EXCEPTION_ACCESS_VIOLATION (0xc0000005) at pc=0x00007ffb8483cf90, pid=2496, tid=9828
#
# JRE version: OpenJDK Runtime Environment Temurin-21.0.6+7 (21.0.6+7) (build 21.0.6+7-LTS)
# Java VM: OpenJDK 64-Bit Server VM Temurin-21.0.6+7 (21.0.6+7-LTS, mixed mode, emulated-client, sharing, tiered, compressed oops, compressed class ptrs, g1 gc, windows-amd64)
# Problematic frame:
# V  [jvm.dll+0x43cf90]
#
# No core dump will be written. Minidumps are not enabled by default on client versions of Windows
#
# If you would like to submit a bug report, please visit:
#   https://github.com/adoptium/adoptium-support/issues
#

---------------  S U M M A R Y ------------

Command Line: -XX:+ShowCodeDetailsInExceptionMessages -agentlib:jdwp=transport=dt_socket,suspend=y,address=localhost:62893 -Dcom.sun.management.jmxremote -Dcom.sun.management.jmxremote.port=59891 -Dcom.sun.management.jmxremote.authenticate=false -Dcom.sun.management.jmxremote.ssl=false -Djava.rmi.server.hostname=localhost -Dspring.jmx.enabled=true -Dmanagement.endpoints.jmx.exposure.include=* -Dspring.application.admin.enabled=true -Dspring.output.ansi.enabled=always -XX:TieredStopAtLevel=1 -Dspring.boot.project.name=broker-service -javaagent:C:\Users\gowda\OneDrive\Documents\sts-4.30.0.RELEASE\configuration\org.eclipse.osgi\270\0\.cp\lib\javaagent-shaded.jar -Dfile.encoding=UTF-8 -Dstdout.encoding=UTF-8 -Dstderr.encoding=UTF-8 com.algotrade.broker_service.BrokerServiceApplication

Host: Intel(R) Core(TM) i5-1035G1 CPU @ 1.00GHz, 8 cores, 7G,  Windows 11 , 64 bit Build 26100 (10.0.26100.8875)
Time: Fri Jul 24 01:45:00 2026 India Standard Time elapsed time: 605.305713 seconds (0d 0h 10m 5s)

---------------  T H R E A D  ---------------

Current thread (0x0000016c59545200):  JavaThread "JDWP Event Helper Thread" daemon [_thread_in_vm, id=9828, stack(0x00000064b5700000,0x00000064b5800000) (1024K)]

Stack: [0x00000064b5700000,0x00000064b5800000],  sp=0x00000064b57ff6c0,  free space=1021k
Native frames: (J=compiled Java code, j=interpreted, Vv=VM code, C=native code)
V  [jvm.dll+0x43cf90]
C  [jdwp.dll+0x28e12]


siginfo: EXCEPTION_ACCESS_VIOLATION (0xc0000005), reading address 0x0000016c845b27f8


Registers:
RAX=0x0000016c5e8e63a0, RBX=0x0000016c59545200, RCX=0x0000000000000038, RDX=0x0000000000000010
RSP=0x00000064b57ff6c0, RBP=0x0000016c0000e740, RSI=0x0000016c5e87b672, RDI=0x0000016c5e87b600
R8 =0x0000016c845b27c0, R9 =0x0000016c5e87b672, R10=0x00007ffc2c030000, R11=0x000000000000ff00
R12=0x00007ffc0ecf0250, R13=0x00007ffc0ecf0d38, R14=0x0000016c5939710a, R15=0x00007ffc0ecec408
RIP=0x00007ffb8483cf90, EFLAGS=0x0000000000010206

XMM[0]=0x0000000000000000 0x0000000000000000
XMM[1]=0x0000000000000000 0x42ac5420d13f9000
XMM[2]=0x0000000000000000 0x0000000000000000
XMM[3]=0x0000000000000000 0x0000000000000000
XMM[4]=0x0000000000000000 0x0000000000000000
XMM[5]=0x0000000000000000 0x0000000000000000
XMM[6]=0x0000000000000000 0x0000000000000000
XMM[7]=0x0000000000000000 0x0000000000000000
XMM[8]=0x0000000000000000 0x0000000000000000
XMM[9]=0x0000000000000000 0x0000000000000000
XMM[10]=0x0000000000000000 0x0000000000000000
XMM[11]=0x0000000000000000 0x0000000000000000
XMM[12]=0x0000000000000000 0x0000000000000000
XMM[13]=0x0000000000000000 0x0000000000000000
XMM[14]=0x0000000000000000 0x0000000000000000
XMM[15]=0x0000000000000000 0x0000000000000000
  MXCSR=0x00001fa0


Register to memory mapping:

RAX=0x0000016c5e8e63a0 points into unknown readable memory: 0x0000000088c355f8 | f8 55 c3 88 00 00 00 00
RBX=0x0000016c59545200 is a thread
RCX=0x0000000000000038 is an unknown value
RDX=0x0000000000000010 is an unknown value
RSP=0x00000064b57ff6c0 is pointing into the stack for thread: 0x0000016c59545200
RBP=0x0000016c0000e740 is a pointer to class: 
java.lang.String {0x0000016c0000e748}
 - instance size:     3
 - klass size:        82
 - access:            public final synchronized 
 - flags:             rewritten has_nonstatic_fields has_nonstatic_concrete_methods is_shared_boot_class has_localvariable_table has_resolved_methods 
 - state:             fully_initialized
 - name:              'java/lang/String'
 - super:             'java/lang/Object'
 - sub:               
 - arrays:            'java/lang/String'[]
 - methods:           Array<T>(0x0000016c00624fb8)
 - method ordering:   Array<T>(0x0000016c00625500)
 - local interfaces:  Array<T>(0x0000016c006221c8)
 - trans. interfaces: Array<T>(0x0000016c006221c8)
 - constants:         constant pool [1443]/operands[28] {0x0000016c00622220} for 'java/lang/String' cache=0x0000016c00452078
 - class loader data:  loader data: 0x0000016c59249f10 of 'bootstrap'
 - source file:       'String.java'
 - field annotations:       Array<T>(0x0000016c00beab60)
 - generic signature: 'Ljava/lang/Object;Ljava/io/Serializable;Ljava/lang/Comparable<Ljava/lang/String;>;Ljava/lang/CharSequence;Ljava/lang/constant/Constable;Ljava/lang/constant/ConstantDesc;'
 - inner classes:     Array<T>(0x0000016c00624f78)
 - nest members:     Array<T>(0x0000016c00625808)
 - permitted subclasses:     Array<T>(0x0000016c006114d0)
 - java mirror:       a 'java/lang/Class'{0x0000000083e86f50} = 'java/lang/String'
 - vtable length      5  (start addr: 0x0000016c0000e900)
 - itable length      20 (start addr: 0x0000016c0000e928)
 - ---- static fields (3 words):
 - private static final 'serialVersionUID' 'J' @120 
 - static final 'COMPACT_STRINGS' 'Z' @130 
 - private static final 'serialPersistentFields' '[Ljava/io/ObjectStreamField;' @112 
 - private static final 'REPL' 'C' @128 
 - public static final 'CASE_INSENSITIVE_ORDER' 'Ljava/util/Comparator;' @116 
 - static final 'LATIN1' 'B' @131 
 - static final 'UTF16' 'B' @132 
 - ---- non-static fields (3 words):
 - private 'hash' 'I' @12 
 - private final 'coder' 'B' @16 
 - private 'hashIsZero' 'Z' @17 
 - injected 'flags' 'B' @18 
 - private final 'value' '[B' @20 
 - non-static oop maps: 20-20 
RSI=0x0000016c5e87b672 is a global jni handle
RDI=0x0000016c5e87b600 points into unknown readable memory: 0x0000000086999cd0 | d0 9c 99 86 00 00 00 00
R8 =0x0000016c845b27c0 is an unknown value
R9 =0x0000016c5e87b672 is a global jni handle
R10=0x00007ffc2c030000 VCRUNTIME140.dll
R11=0x000000000000ff00 is an unknown value
R12=0x00007ffc0ecf0250 jdwp.dll
R13=0x00007ffc0ecf0d38 jdwp.dll
R14=0x0000016c5939710a is a global jni handle
R15=0x00007ffc0ecec408 jdwp.dll

Top of Stack: (sp=0x00000064b57ff6c0)
0x00000064b57ff6c0:   0000016c00000015 0000000000000000
0x00000064b57ff6d0:   0000016c00000000 0000000000000000
0x00000064b57ff6e0:   0000016c5e87b672 00007ffc0ece8e12
0x00000064b57ff6f0:   00007ffc0ecf2bb0 00007ffc0ecec3f0
0x00000064b57ff700:   0000016c595455b8 000000000000004c
0x00000064b57ff710:   00007ffc0ecf0c01 0000016c595455b8
0x00000064b57ff720:   0000000000000001 00007ffc0ecdbc1b
0x00000064b57ff730:   0000016c5e87b672 00000064b57ff8a0
0x00000064b57ff740:   00000064b57ff7d0 000000000000000e
0x00000064b57ff750:   00007ffc0ecf0c01 0000016c595455b8
0x00000064b57ff760:   0000000000000001 00007ffc0ecdb8cb
0x00000064b57ff770:   0000016c5e373f58 00000064b57ff8a0
0x00000064b57ff780:   00007ffc0ecf0c01 0000016c595455b8
0x00000064b57ff790:   0000016c5e373f88 00007ffc0ecd7da9
0x00000064b57ff7a0:   0000016c5e373f58 0000000000000001
0x00000064b57ff7b0:   0000000000000001 0000016c5e87b672
0x00000064b57ff7c0:   0000000000000064 0000000000000000
0x00000064b57ff7d0:   00000064b57ff84b 0000000000000101
0x00000064b57ff7e0:   00000064b57ff7e8 00007ffb0000002b
0x00000064b57ff7f0:   00000064b57ff820 0000000000000000
0x00000064b57ff800:   0000010000000000 000001de00000000
0x00000064b57ff810:   756e654700644000 00007ffb847ee715
0x00000064b57ff820:   00002a0100000001 000000000000eb00
0x00000064b57ff830:   000000000001ed00 606c010000440000
0x00000064b57ff840:   0000000000800072 00007ffb840e0000
0x00000064b57ff850:   ffffffffffffffff 00007ffb84998e6e
0x00000064b57ff860:   0000016c59545200 ffffffffffffffff
0x00000064b57ff870:   0000016c59545200 00007ffb8499877f
0x00000064b57ff880:   0000000000000000 0000000000000000
0x00000064b57ff890:   0000016c59545c00 0000000100000000
0x00000064b57ff8a0:   0000016c595366f0 00007ffb8499893d
0x00000064b57ff8b0:   0000016c59545200 00007ffc0ecf2bb0 

Instructions: (pc=0x00007ffb8483cf90)
0x00007ffb8483ce90:   08 48 8b cb e8 57 fe fa ff 80 3d e6 8b 85 00 00
0x00007ffb8483cea0:   c7 83 44 04 00 00 06 00 00 00 75 06 e8 3f 17 28
0x00007ffb8483ceb0:   00 90 48 8b 83 48 04 00 00 a8 01 74 0d 45 33 c0
0x00007ffb8483cec0:   b2 01 48 8b cb e8 e6 2a 2f 00 8b 83 40 04 00 00
0x00007ffb8483ced0:   a8 0c 74 08 48 8b cb e8 c4 12 fb ff c7 83 44 04
0x00007ffb8483cee0:   00 00 06 00 00 00 40 b7 01 48 85 f6 0f 84 c1 00
0x00007ffb8483cef0:   00 00 49 8b c6 48 89 6c 24 30 83 e0 03 40 32 ff
0x00007ffb8483cf00:   48 83 f8 01 75 0c 49 8d 4e ff ff 15 d0 ba 7e 00
0x00007ffb8483cf10:   eb 15 48 83 f8 02 75 0c 49 8d 4e fe ff 15 fe 30
0x00007ffb8483cf20:   7e 00 eb 03 49 8b 06 8b 15 53 9a 85 00 48 8b c8
0x00007ffb8483cf30:   e8 1b b7 27 00 48 8b e8 48 85 c0 74 71 48 8b c6
0x00007ffb8483cf40:   83 e0 03 48 83 f8 01 75 0c 48 8d 4e ff ff 15 8d
0x00007ffb8483cf50:   ba 7e 00 eb 15 48 83 f8 02 75 0c 48 8d 4e fe ff
0x00007ffb8483cf60:   15 bb 30 7e 00 eb 03 48 8b 06 40 38 3d a9 d6 7e
0x00007ffb8483cf70:   00 74 16 44 8b 40 08 8b 0d 3b c0 7e 00 49 d3 e0
0x00007ffb8483cf80:   4c 03 05 29 c0 7e 00 eb 04 4c 8b 40 08 8b 4d 14
0x00007ffb8483cf90:   4a 39 2c 01 75 05 40 b7 01 eb 13 83 f9 20 75 0e
0x00007ffb8483cfa0:   48 8b d5 49 8b c8 e8 c5 09 17 00 0f b6 f8 48 8b
0x00007ffb8483cfb0:   6c 24 30 48 8b b3 98 01 00 00 4c 8b 74 24 38 48
0x00007ffb8483cfc0:   8b 46 10 48 83 38 00 74 08 48 8b ce e8 af 21 f6
0x00007ffb8483cfd0:   ff 48 8b 56 08 48 8b 4e 10 48 89 4a 10 48 8b 56
0x00007ffb8483cfe0:   08 48 8b 4e 18 48 89 4a 18 48 8b 4e 20 48 8b 56
0x00007ffb8483cff0:   08 48 89 4a 20 48 8d 8b 98 03 00 00 e8 3f 8e ed
0x00007ffb8483d000:   ff 48 8b 74 24 48 90 c7 83 44 04 00 00 04 00 00
0x00007ffb8483d010:   00 40 0f b6 c7 48 8b 5c 24 40 48 83 c4 20 5f c3
0x00007ffb8483d020:   48 89 5c 24 08 48 89 6c 24 10 48 89 74 24 18 48
0x00007ffb8483d030:   89 7c 24 20 41 56 48 83 ec 50 8b 81 b0 00 00 00
0x00007ffb8483d040:   48 8d 99 48 fc ff ff 05 53 21 ff ff 49 8b f1 49
0x00007ffb8483d050:   8b e8 4c 8b f2 48 8b f9 83 f8 01 77 08 48 8b cb
0x00007ffb8483d060:   e8 8b fc fa ff 80 3d 1a 8a 85 00 00 c7 83 44 04
0x00007ffb8483d070:   00 00 06 00 00 00 75 06 e8 73 15 28 00 90 48 8b
0x00007ffb8483d080:   83 48 04 00 00 a8 01 74 0d 45 33 c0 b2 01 48 8b 


Stack slot to memory mapping:

stack at sp + 0 slots: 0x0000016c00000015 is pointing into metadata
stack at sp + 1 slots: 0x0 is null
stack at sp + 2 slots: 0x0000016c00000000 is pointing into metadata
stack at sp + 3 slots: 0x0 is null
stack at sp + 4 slots: 0x0000016c5e87b672 is a global jni handle
stack at sp + 5 slots: 0x00007ffc0ece8e12 jdwp.dll
stack at sp + 6 slots: 0x00007ffc0ecf2bb0 jdwp.dll
stack at sp + 7 slots: 0x00007ffc0ecec3f0 jdwp.dll


---------------  P R O C E S S  ---------------

Threads class SMR info:
_java_thread_list=0x0000016c5e60c3b0, length=36, elements={
0x0000016c593b0e20, 0x0000016c593b2250, 0x0000016c593b57c0, 0x0000016c593b82c0,
0x0000016c593bc140, 0x0000016c593c5f00, 0x0000016c593d34f0, 0x0000016c593c6590,
0x0000016c5953a740, 0x0000016c59545200, 0x0000016c59549eb0, 0x0000016c593c51e0,
0x0000016c593c4b50, 0x0000016c593c5870, 0x0000016c593c3e30, 0x0000016c593c72b0,
0x0000016c5eb83a70, 0x0000016c5eb86860, 0x0000016c5eb84100, 0x0000016c5eb84e20,
0x0000016c5eb85b40, 0x0000016c5eb86ef0, 0x0000016c5eb87580, 0x0000016c5eb84790,
0x0000016c5eb8aa00, 0x0000016c60a46160, 0x0000016c60a44720, 0x0000016c60a47510,
0x0000016c5eb88930, 0x0000016c5eb854b0, 0x0000016c5eb8a370, 0x0000016c5e920c30,
0x0000016c5e921fe0, 0x0000016c5e922670, 0x0000016c5e91ff10, 0x0000016c5e922d00
}

Java Threads: ( => current thread )
  0x0000016c593b0e20 JavaThread "Reference Handler"          daemon [_thread_blocked, id=3396, stack(0x00000064b4d00000,0x00000064b4e00000) (1024K)]
  0x0000016c593b2250 JavaThread "Finalizer"                  daemon [_thread_blocked, id=22280, stack(0x00000064b4e00000,0x00000064b4f00000) (1024K)]
  0x0000016c593b57c0 JavaThread "Signal Dispatcher"          daemon [_thread_blocked, id=14624, stack(0x00000064b4f00000,0x00000064b5000000) (1024K)]
  0x0000016c593b82c0 JavaThread "Attach Listener"            daemon [_thread_blocked, id=6116, stack(0x00000064b5000000,0x00000064b5100000) (1024K)]
  0x0000016c593bc140 JavaThread "Service Thread"             daemon [_thread_blocked, id=17988, stack(0x00000064b5100000,0x00000064b5200000) (1024K)]
  0x0000016c593c5f00 JavaThread "Monitor Deflation Thread"   daemon [_thread_blocked, id=20772, stack(0x00000064b5200000,0x00000064b5300000) (1024K)]
  0x0000016c593d34f0 JavaThread "C1 CompilerThread0"         daemon [_thread_blocked, id=9908, stack(0x00000064b5300000,0x00000064b5400000) (1024K)]
  0x0000016c593c6590 JavaThread "Common-Cleaner"             daemon [_thread_blocked, id=20252, stack(0x00000064b5400000,0x00000064b5500000) (1024K)]
  0x0000016c5953a740 JavaThread "JDWP Transport Listener: dt_socket" daemon [_thread_blocked, id=2352, stack(0x00000064b5600000,0x00000064b5700000) (1024K)]
=>0x0000016c59545200 JavaThread "JDWP Event Helper Thread"   daemon [_thread_in_vm, id=9828, stack(0x00000064b5700000,0x00000064b5800000) (1024K)]
  0x0000016c59549eb0 JavaThread "JDWP Command Reader"        daemon [_thread_in_native, id=19804, stack(0x00000064b5800000,0x00000064b5900000) (1024K)]
  0x0000016c593c51e0 JavaThread "Notification Thread"        daemon [_thread_blocked, id=6800, stack(0x00000064b5900000,0x00000064b5a00000) (1024K)]
  0x0000016c593c4b50 JavaThread "RMI TCP Accept-0"           daemon [_thread_in_native, id=19884, stack(0x00000064b5c00000,0x00000064b5d00000) (1024K)]
  0x0000016c593c5870 JavaThread "RMI TCP Accept-59891"       daemon [_thread_in_native, id=18872, stack(0x00000064b6400000,0x00000064b6500000) (1024K)]
  0x0000016c593c3e30 JavaThread "RMI TCP Accept-0"           daemon [_thread_in_native, id=15676, stack(0x00000064b6500000,0x00000064b6600000) (1024K)]
  0x0000016c593c72b0 JavaThread "RMI Scheduler(0)"           daemon [_thread_blocked, id=12160, stack(0x00000064b6700000,0x00000064b6800000) (1024K)]
  0x0000016c5eb83a70 JavaThread "JMX server connection timeout 38" daemon [_thread_blocked, id=20540, stack(0x00000064b6900000,0x00000064b6a00000) (1024K)]
  0x0000016c5eb86860 JavaThread "Catalina-utility-1"                [_thread_blocked, id=22304, stack(0x00000064b6a00000,0x00000064b6b00000) (1024K)]
  0x0000016c5eb84100 JavaThread "Catalina-utility-2"                [_thread_blocked, id=16260, stack(0x00000064b6c00000,0x00000064b6d00000) (1024K)]
  0x0000016c5eb84e20 JavaThread "container-0"                       [_thread_blocked, id=7596, stack(0x00000064b6d00000,0x00000064b6e00000) (1024K)]
  0x0000016c5eb85b40 JavaThread "lettuce-timer-3-1"          daemon [_thread_blocked, id=22012, stack(0x00000064b6e00000,0x00000064b6f00000) (1024K)]
  0x0000016c5eb86ef0 JavaThread "http-nio-8082-Poller"       daemon [_thread_in_native, id=524, stack(0x00000064b6f00000,0x00000064b7000000) (1024K)]
  0x0000016c5eb87580 JavaThread "http-nio-8082-Acceptor"     daemon [_thread_in_native, id=15760, stack(0x00000064b7000000,0x00000064b7100000) (1024K)]
  0x0000016c5eb84790 JavaThread "DestroyJavaVM"                     [_thread_blocked, id=16920, stack(0x00000064b4500000,0x00000064b4600000) (1024K)]
  0x0000016c5eb8aa00 JavaThread "RMI TCP Connection(20)-127.0.0.1" daemon [_thread_in_native, id=10640, stack(0x00000064b7700000,0x00000064b7800000) (1024K)]
  0x0000016c60a46160 JavaThread "RMI TCP Connection(10)-127.0.0.1" daemon [_thread_in_native, id=9672, stack(0x00000064b7100000,0x00000064b7200000) (1024K)]
  0x0000016c60a44720 JavaThread "JMX server connection timeout 62" daemon [_thread_blocked, id=3736, stack(0x00000064b7400000,0x00000064b7500000) (1024K)]
  0x0000016c60a47510 JavaThread "Read-Poller"                daemon [_thread_in_native, id=12036, stack(0x00000064b4300000,0x00000064b4400000) (1024K)]
  0x0000016c5eb88930 JavaThread "Read-Updater"               daemon [_thread_blocked, id=3564, stack(0x00000064b4400000,0x00000064b4500000) (1024K)]
  0x0000016c5eb854b0 JavaThread "Write-Poller"               daemon [_thread_in_native, id=20524, stack(0x00000064b7e00000,0x00000064b7f00000) (1024K)]
  0x0000016c5eb8a370 JavaThread "Write-Updater"              daemon [_thread_blocked, id=7032, stack(0x00000064b7f00000,0x00000064b8000000) (1024K)]
  0x0000016c5e920c30 JavaThread "lettuce-nioEventLoop-4-1"   daemon [_thread_in_native, id=1232, stack(0x00000064b8000000,0x00000064b8100000) (1024K)]
  0x0000016c5e921fe0 JavaThread "VirtualThread-unparker"     daemon [_thread_blocked, id=8724, stack(0x00000064b6600000,0x00000064b6700000) (1024K)]
  0x0000016c5e922670 JavaThread "ForkJoinPool-1-worker-7"    daemon [_thread_blocked, id=11348, stack(0x00000064b5a00000,0x00000064b5b00000) (1024K)]
  0x0000016c5e91ff10 JavaThread "ForkJoinPool-1-worker-8"    daemon [_thread_blocked, id=6228, stack(0x00000064b5b00000,0x00000064b5c00000) (1024K)]
  0x0000016c5e922d00 JavaThread "ForkJoinPool-1-worker-9"    daemon [_thread_blocked, id=20516, stack(0x00000064b6800000,0x00000064b6900000) (1024K)]
Total: 36

Other Threads:
  0x0000016c59391a20 VMThread "VM Thread"                           [id=20904, stack(0x00000064b4c00000,0x00000064b4d00000) (1024K)]
  0x0000016c593823d0 WatcherThread "VM Periodic Task Thread"        [id=22224, stack(0x00000064b4b00000,0x00000064b4c00000) (1024K)]
  0x0000016c4d82bdb0 WorkerThread "GC Thread#0"                     [id=15408, stack(0x00000064b4600000,0x00000064b4700000) (1024K)]
  0x0000016c5e512430 WorkerThread "GC Thread#1"                     [id=6632, stack(0x00000064b5d00000,0x00000064b5e00000) (1024K)]
  0x0000016c5e5127d0 WorkerThread "GC Thread#2"                     [id=8368, stack(0x00000064b5e00000,0x00000064b5f00000) (1024K)]
  0x0000016c5e524cc0 WorkerThread "GC Thread#3"                     [id=5508, stack(0x00000064b5f00000,0x00000064b6000000) (1024K)]
  0x0000016c5e52d6a0 WorkerThread "GC Thread#4"                     [id=8332, stack(0x00000064b6000000,0x00000064b6100000) (1024K)]
  0x0000016c5e52da40 WorkerThread "GC Thread#5"                     [id=14572, stack(0x00000064b6100000,0x00000064b6200000) (1024K)]
  0x0000016c5e53ddf0 WorkerThread "GC Thread#6"                     [id=9616, stack(0x00000064b6200000,0x00000064b6300000) (1024K)]
  0x0000016c5e53e190 WorkerThread "GC Thread#7"                     [id=10660, stack(0x00000064b6300000,0x00000064b6400000) (1024K)]
  0x0000016c4d83c560 ConcurrentGCThread "G1 Main Marker"            [id=21028, stack(0x00000064b4700000,0x00000064b4800000) (1024K)]
  0x0000016c4d83e590 WorkerThread "G1 Conc#0"                       [id=6796, stack(0x00000064b4800000,0x00000064b4900000) (1024K)]
  0x0000016c5ec36b30 WorkerThread "G1 Conc#1"                       [id=3412, stack(0x00000064b6b00000,0x00000064b6c00000) (1024K)]
  0x0000016c4d87e3e0 ConcurrentGCThread "G1 Refine#0"               [id=18976, stack(0x00000064b4900000,0x00000064b4a00000) (1024K)]
  0x0000016c4d87e970 ConcurrentGCThread "G1 Service"                [id=8512, stack(0x00000064b4a00000,0x00000064b4b00000) (1024K)]
Total: 15

Threads with active compile tasks:
Total: 0

VM state: not at safepoint (normal execution)

VM Mutex/Monitor currently owned by a thread: None

Heap address: 0x0000000083a00000, size: 1990 MB, Compressed Oops mode: 32-bit

CDS archive(s) mapped at: [0x0000016c00000000-0x0000016c00c80000-0x0000016c00c80000), size 13107200, SharedBaseAddress: 0x0000016c00000000, ArchiveRelocationMode: 1.
Compressed class space mapped at: 0x0000016c01000000-0x0000016c41000000, reserved size: 1073741824
Narrow klass base: 0x0000016c00000000, Narrow klass shift: 0, Narrow klass range: 0x100000000

GC Precious Log:
 CardTable entry size: 512
 Card Set container configuration: InlinePtr #cards 5 size 8 Array Of Cards #cards 12 size 40 Howl #buckets 4 coarsen threshold 1843 Howl Bitmap #cards 512 size 80 coarsen threshold 460 Card regions per heap region 1 cards per card region 2048
 CPUs: 8 total, 8 available
 Memory: 7959M
 Large Page Support: Disabled
 NUMA Support: Disabled
 Compressed Oops: Enabled (32-bit)
 Heap Region Size: 1M
 Heap Min Capacity: 8M
 Heap Initial Capacity: 126M
 Heap Max Capacity: 1990M
 Pre-touch: Disabled
 Parallel Workers: 8
 Concurrent Workers: 2
 Concurrent Refinement Workers: 8
 Periodic GC: Disabled

Heap:
 garbage-first heap   total 95232K, used 50085K [0x0000000083a00000, 0x0000000100000000)
  region size 1024K, 16 young (16384K), 5 survivors (5120K)
 Metaspace       used 67354K, committed 68096K, reserved 1114112K
  class space    used 9285K, committed 9664K, reserved 1048576K

Heap Regions: E=young(eden), S=young(survivor), O=old, HS=humongous(starts), HC=humongous(continues), CS=collection set, F=free, TAMS=top-at-mark-start, PB=parsable bottom
|   0|0x0000000083a00000, 0x0000000083b00000, 0x0000000083b00000|100%| O|  |TAMS 0x0000000083a00000| PB 0x0000000083a00000| Untracked 
|   1|0x0000000083b00000, 0x0000000083c00000, 0x0000000083c00000|100%| O|  |TAMS 0x0000000083b00000| PB 0x0000000083b00000| Untracked 
|   2|0x0000000083c00000, 0x0000000083d00000, 0x0000000083d00000|100%| O|  |TAMS 0x0000000083c00000| PB 0x0000000083c00000| Untracked 
|   3|0x0000000083d00000, 0x0000000083e00000, 0x0000000083e00000|100%| O|  |TAMS 0x0000000083d00000| PB 0x0000000083d00000| Untracked 
|   4|0x0000000083e00000, 0x0000000083f00000, 0x0000000083f00000|100%| O|  |TAMS 0x0000000083e00000| PB 0x0000000083e00000| Untracked 
|   5|0x0000000083f00000, 0x0000000084000000, 0x0000000084000000|100%| O|  |TAMS 0x0000000083f00000| PB 0x0000000083f00000| Untracked 
|   6|0x0000000084000000, 0x0000000084100000, 0x0000000084100000|100%| O|  |TAMS 0x0000000084000000| PB 0x0000000084000000| Untracked 
|   7|0x0000000084100000, 0x0000000084200000, 0x0000000084200000|100%| O|  |TAMS 0x0000000084100000| PB 0x0000000084100000| Untracked 
|   8|0x0000000084200000, 0x0000000084300000, 0x0000000084300000|100%| O|  |TAMS 0x0000000084200000| PB 0x0000000084200000| Untracked 
|   9|0x0000000084300000, 0x0000000084400000, 0x0000000084400000|100%| O|  |TAMS 0x0000000084300000| PB 0x0000000084300000| Untracked 
|  10|0x0000000084400000, 0x0000000084500000, 0x0000000084500000|100%| O|  |TAMS 0x0000000084400000| PB 0x0000000084400000| Untracked 
|  11|0x0000000084500000, 0x0000000084600000, 0x0000000084600000|100%| O|  |TAMS 0x0000000084500000| PB 0x0000000084500000| Untracked 
|  12|0x0000000084600000, 0x0000000084700000, 0x0000000084700000|100%| O|  |TAMS 0x0000000084600000| PB 0x0000000084600000| Untracked 
|  13|0x0000000084700000, 0x0000000084800000, 0x0000000084800000|100%| O|  |TAMS 0x0000000084700000| PB 0x0000000084700000| Untracked 
|  14|0x0000000084800000, 0x0000000084900000, 0x0000000084900000|100%| O|  |TAMS 0x0000000084800000| PB 0x0000000084800000| Untracked 
|  15|0x0000000084900000, 0x0000000084a00000, 0x0000000084a00000|100%| O|Cm|TAMS 0x0000000084900000| PB 0x0000000084900000| Complete 
|  16|0x0000000084a00000, 0x0000000084b00000, 0x0000000084b00000|100%| O|  |TAMS 0x0000000084a00000| PB 0x0000000084a00000| Untracked 
|  17|0x0000000084b00000, 0x0000000084c00000, 0x0000000084c00000|100%| O|Cm|TAMS 0x0000000084b00000| PB 0x0000000084b00000| Complete 
|  18|0x0000000084c00000, 0x0000000084d00000, 0x0000000084d00000|100%| O|  |TAMS 0x0000000084c00000| PB 0x0000000084c00000| Untracked 
|  19|0x0000000084d00000, 0x0000000084e00000, 0x0000000084e00000|100%| O|  |TAMS 0x0000000084d00000| PB 0x0000000084d00000| Untracked 
|  20|0x0000000084e00000, 0x0000000084f00000, 0x0000000084f00000|100%| O|Cm|TAMS 0x0000000084e00000| PB 0x0000000084e00000| Complete 
|  21|0x0000000084f00000, 0x0000000085000000, 0x0000000085000000|100%| O|  |TAMS 0x0000000084f00000| PB 0x0000000084f00000| Untracked 
|  22|0x0000000085000000, 0x0000000085100000, 0x0000000085100000|100%| O|Cm|TAMS 0x0000000085000000| PB 0x0000000085000000| Complete 
|  23|0x0000000085100000, 0x0000000085200000, 0x0000000085200000|100%| O|  |TAMS 0x0000000085100000| PB 0x0000000085100000| Untracked 
|  24|0x0000000085200000, 0x0000000085300000, 0x0000000085300000|100%| O|  |TAMS 0x0000000085200000| PB 0x0000000085200000| Untracked 
|  25|0x0000000085300000, 0x0000000085400000, 0x0000000085400000|100%| O|  |TAMS 0x0000000085300000| PB 0x0000000085300000| Untracked 
|  26|0x0000000085400000, 0x0000000085500000, 0x0000000085500000|100%| O|Cm|TAMS 0x0000000085400000| PB 0x0000000085400000| Complete 
|  27|0x0000000085500000, 0x0000000085600000, 0x0000000085600000|100%| O|  |TAMS 0x0000000085500000| PB 0x0000000085500000| Untracked 
|  28|0x0000000085600000, 0x0000000085700000, 0x0000000085700000|100%| O|  |TAMS 0x0000000085600000| PB 0x0000000085600000| Untracked 
|  29|0x0000000085700000, 0x0000000085800000, 0x0000000085800000|100%| O|  |TAMS 0x0000000085700000| PB 0x0000000085700000| Untracked 
|  30|0x0000000085800000, 0x00000000858f7e00, 0x0000000085900000| 96%| O|  |TAMS 0x0000000085800000| PB 0x0000000085800000| Untracked 
|  31|0x0000000085900000, 0x0000000085a00000, 0x0000000085a00000|100%| O|  |TAMS 0x0000000085900000| PB 0x0000000085900000| Untracked 
|  32|0x0000000085a00000, 0x0000000085b00000, 0x0000000085b00000|100%| O|  |TAMS 0x0000000085a00000| PB 0x0000000085a00000| Untracked 
|  33|0x0000000085b00000, 0x0000000085c00000, 0x0000000085c00000|100%| O|Cm|TAMS 0x0000000085b00000| PB 0x0000000085b00000| Complete 
|  34|0x0000000085c00000, 0x0000000085c00000, 0x0000000085d00000|  0%| F|  |TAMS 0x0000000085c00000| PB 0x0000000085c00000| Untracked 
|  35|0x0000000085d00000, 0x0000000085d00000, 0x0000000085e00000|  0%| F|  |TAMS 0x0000000085d00000| PB 0x0000000085d00000| Untracked 
|  36|0x0000000085e00000, 0x0000000085e00000, 0x0000000085f00000|  0%| F|  |TAMS 0x0000000085e00000| PB 0x0000000085e00000| Untracked 
|  37|0x0000000085f00000, 0x0000000085f00000, 0x0000000086000000|  0%| F|  |TAMS 0x0000000085f00000| PB 0x0000000085f00000| Untracked 
|  38|0x0000000086000000, 0x0000000086000000, 0x0000000086100000|  0%| F|  |TAMS 0x0000000086000000| PB 0x0000000086000000| Untracked 
|  39|0x0000000086100000, 0x0000000086100000, 0x0000000086200000|  0%| F|  |TAMS 0x0000000086100000| PB 0x0000000086100000| Untracked 
|  40|0x0000000086200000, 0x0000000086200000, 0x0000000086300000|  0%| F|  |TAMS 0x0000000086200000| PB 0x0000000086200000| Untracked 
|  41|0x0000000086300000, 0x0000000086300000, 0x0000000086400000|  0%| F|  |TAMS 0x0000000086300000| PB 0x0000000086300000| Untracked 
|  42|0x0000000086400000, 0x0000000086400000, 0x0000000086500000|  0%| F|  |TAMS 0x0000000086400000| PB 0x0000000086400000| Untracked 
|  43|0x0000000086500000, 0x00000000865f16b8, 0x0000000086600000| 94%| S|CS|TAMS 0x0000000086500000| PB 0x0000000086500000| Complete 
|  44|0x0000000086600000, 0x0000000086700000, 0x0000000086700000|100%| S|CS|TAMS 0x0000000086600000| PB 0x0000000086600000| Complete 
|  45|0x0000000086700000, 0x0000000086800000, 0x0000000086800000|100%| S|CS|TAMS 0x0000000086700000| PB 0x0000000086700000| Complete 
|  46|0x0000000086800000, 0x0000000086900000, 0x0000000086900000|100%| S|CS|TAMS 0x0000000086800000| PB 0x0000000086800000| Complete 
|  47|0x0000000086900000, 0x0000000086a00000, 0x0000000086a00000|100%| S|CS|TAMS 0x0000000086900000| PB 0x0000000086900000| Complete 
|  48|0x0000000086a00000, 0x0000000086a00000, 0x0000000086b00000|  0%| F|  |TAMS 0x0000000086a00000| PB 0x0000000086a00000| Untracked 
|  49|0x0000000086b00000, 0x0000000086b00000, 0x0000000086c00000|  0%| F|  |TAMS 0x0000000086b00000| PB 0x0000000086b00000| Untracked 
|  50|0x0000000086c00000, 0x0000000086c00000, 0x0000000086d00000|  0%| F|  |TAMS 0x0000000086c00000| PB 0x0000000086c00000| Untracked 
|  51|0x0000000086d00000, 0x0000000086d00000, 0x0000000086e00000|  0%| F|  |TAMS 0x0000000086d00000| PB 0x0000000086d00000| Untracked 
|  52|0x0000000086e00000, 0x0000000086e00000, 0x0000000086f00000|  0%| F|  |TAMS 0x0000000086e00000| PB 0x0000000086e00000| Untracked 
|  53|0x0000000086f00000, 0x0000000086f00000, 0x0000000087000000|  0%| F|  |TAMS 0x0000000086f00000| PB 0x0000000086f00000| Untracked 
|  54|0x0000000087000000, 0x0000000087000000, 0x0000000087100000|  0%| F|  |TAMS 0x0000000087000000| PB 0x0000000087000000| Untracked 
|  55|0x0000000087100000, 0x0000000087100000, 0x0000000087200000|  0%| F|  |TAMS 0x0000000087100000| PB 0x0000000087100000| Untracked 
|  56|0x0000000087200000, 0x0000000087200000, 0x0000000087300000|  0%| F|  |TAMS 0x0000000087200000| PB 0x0000000087200000| Untracked 
|  57|0x0000000087300000, 0x0000000087300000, 0x0000000087400000|  0%| F|  |TAMS 0x0000000087300000| PB 0x0000000087300000| Untracked 
|  58|0x0000000087400000, 0x0000000087400000, 0x0000000087500000|  0%| F|  |TAMS 0x0000000087400000| PB 0x0000000087400000| Untracked 
|  59|0x0000000087500000, 0x0000000087500000, 0x0000000087600000|  0%| F|  |TAMS 0x0000000087500000| PB 0x0000000087500000| Untracked 
|  60|0x0000000087600000, 0x0000000087600000, 0x0000000087700000|  0%| F|  |TAMS 0x0000000087600000| PB 0x0000000087600000| Untracked 
|  61|0x0000000087700000, 0x0000000087700000, 0x0000000087800000|  0%| F|  |TAMS 0x0000000087700000| PB 0x0000000087700000| Untracked 
|  62|0x0000000087800000, 0x0000000087800000, 0x0000000087900000|  0%| F|  |TAMS 0x0000000087800000| PB 0x0000000087800000| Untracked 
|  63|0x0000000087900000, 0x0000000087900000, 0x0000000087a00000|  0%| F|  |TAMS 0x0000000087900000| PB 0x0000000087900000| Untracked 
|  64|0x0000000087a00000, 0x0000000087a00000, 0x0000000087b00000|  0%| F|  |TAMS 0x0000000087a00000| PB 0x0000000087a00000| Untracked 
|  65|0x0000000087b00000, 0x0000000087b00000, 0x0000000087c00000|  0%| F|  |TAMS 0x0000000087b00000| PB 0x0000000087b00000| Untracked 
|  66|0x0000000087c00000, 0x0000000087c00000, 0x0000000087d00000|  0%| F|  |TAMS 0x0000000087c00000| PB 0x0000000087c00000| Untracked 
|  67|0x0000000087d00000, 0x0000000087d00000, 0x0000000087e00000|  0%| F|  |TAMS 0x0000000087d00000| PB 0x0000000087d00000| Untracked 
|  68|0x0000000087e00000, 0x0000000087e00000, 0x0000000087f00000|  0%| F|  |TAMS 0x0000000087e00000| PB 0x0000000087e00000| Untracked 
|  69|0x0000000087f00000, 0x0000000087f00000, 0x0000000088000000|  0%| F|  |TAMS 0x0000000087f00000| PB 0x0000000087f00000| Untracked 
|  70|0x0000000088000000, 0x0000000088000000, 0x0000000088100000|  0%| F|  |TAMS 0x0000000088000000| PB 0x0000000088000000| Untracked 
|  71|0x0000000088100000, 0x0000000088100000, 0x0000000088200000|  0%| F|  |TAMS 0x0000000088100000| PB 0x0000000088100000| Untracked 
|  72|0x0000000088200000, 0x0000000088200000, 0x0000000088300000|  0%| F|  |TAMS 0x0000000088200000| PB 0x0000000088200000| Untracked 
|  73|0x0000000088300000, 0x0000000088300000, 0x0000000088400000|  0%| F|  |TAMS 0x0000000088300000| PB 0x0000000088300000| Untracked 
|  74|0x0000000088400000, 0x0000000088400000, 0x0000000088500000|  0%| F|  |TAMS 0x0000000088400000| PB 0x0000000088400000| Untracked 
|  75|0x0000000088500000, 0x0000000088500000, 0x0000000088600000|  0%| F|  |TAMS 0x0000000088500000| PB 0x0000000088500000| Untracked 
|  76|0x0000000088600000, 0x0000000088600000, 0x0000000088700000|  0%| F|  |TAMS 0x0000000088600000| PB 0x0000000088600000| Untracked 
|  77|0x0000000088700000, 0x0000000088700000, 0x0000000088800000|  0%| F|  |TAMS 0x0000000088700000| PB 0x0000000088700000| Untracked 
|  78|0x0000000088800000, 0x0000000088800000, 0x0000000088900000|  0%| F|  |TAMS 0x0000000088800000| PB 0x0000000088800000| Untracked 
|  79|0x0000000088900000, 0x0000000088900000, 0x0000000088a00000|  0%| F|  |TAMS 0x0000000088900000| PB 0x0000000088900000| Untracked 
|  80|0x0000000088a00000, 0x0000000088a00000, 0x0000000088b00000|  0%| F|  |TAMS 0x0000000088a00000| PB 0x0000000088a00000| Untracked 
|  81|0x0000000088b00000, 0x0000000088b00000, 0x0000000088c00000|  0%| F|  |TAMS 0x0000000088b00000| PB 0x0000000088b00000| Untracked 
|  82|0x0000000088c00000, 0x0000000088ce9be0, 0x0000000088d00000| 91%| E|  |TAMS 0x0000000088c00000| PB 0x0000000088c00000| Complete 
|  83|0x0000000088d00000, 0x0000000088e00000, 0x0000000088e00000|100%| E|CS|TAMS 0x0000000088d00000| PB 0x0000000088d00000| Complete 
|  84|0x0000000088e00000, 0x0000000088f00000, 0x0000000088f00000|100%| E|CS|TAMS 0x0000000088e00000| PB 0x0000000088e00000| Complete 
|  85|0x0000000088f00000, 0x0000000089000000, 0x0000000089000000|100%| E|CS|TAMS 0x0000000088f00000| PB 0x0000000088f00000| Complete 
| 118|0x000000008b000000, 0x000000008b100000, 0x000000008b100000|100%| E|CS|TAMS 0x000000008b000000| PB 0x000000008b000000| Complete 
| 119|0x000000008b100000, 0x000000008b200000, 0x000000008b200000|100%| E|CS|TAMS 0x000000008b100000| PB 0x000000008b100000| Complete 
| 120|0x000000008b200000, 0x000000008b300000, 0x000000008b300000|100%| E|CS|TAMS 0x000000008b200000| PB 0x000000008b200000| Complete 
| 121|0x000000008b300000, 0x000000008b400000, 0x000000008b400000|100%| E|CS|TAMS 0x000000008b300000| PB 0x000000008b300000| Complete 
| 122|0x000000008b400000, 0x000000008b500000, 0x000000008b500000|100%| E|CS|TAMS 0x000000008b400000| PB 0x000000008b400000| Complete 
| 124|0x000000008b600000, 0x000000008b700000, 0x000000008b700000|100%| E|CS|TAMS 0x000000008b600000| PB 0x000000008b600000| Complete 
| 125|0x000000008b700000, 0x000000008b800000, 0x000000008b800000|100%| E|CS|TAMS 0x000000008b700000| PB 0x000000008b700000| Complete 

Card table byte_map: [0x0000016c54660000,0x0000016c54a50000] _byte_map_base: 0x0000016c54243000

Marking Bits: (CMBitMap*) 0x0000016c4d82c3c0
 Bits: [0x0000016c54a50000, 0x0000016c56968000)

Polling page: 0x0000016c4b540000

Metaspace:

Usage:
  Non-class:     56.71 MB used.
      Class:      9.07 MB used.
       Both:     65.78 MB used.

Virtual space:
  Non-class space:       64.00 MB reserved,      57.06 MB ( 89%) committed,  1 nodes.
      Class space:        1.00 GB reserved,       9.44 MB ( <1%) committed,  1 nodes.
             Both:        1.06 GB reserved,      66.50 MB (  6%) committed. 

Chunk freelists:
   Non-Class:  6.87 MB
       Class:  6.56 MB
        Both:  13.43 MB

MaxMetaspaceSize: unlimited
CompressedClassSpaceSize: 1.00 GB
Initial GC threshold: 21.00 MB
Current GC threshold: 103.75 MB
CDS: on
 - commit_granule_bytes: 65536.
 - commit_granule_words: 8192.
 - virtual_space_node_default_size: 8388608.
 - enlarge_chunks_in_place: 1.
 - use_allocation_guard: 0.


Internal statistics:

num_allocs_failed_limit: 6.
num_arena_births: 1394.
num_arena_deaths: 462.
num_vsnodes_births: 2.
num_vsnodes_deaths: 0.
num_space_committed: 1064.
num_space_uncommitted: 0.
num_chunks_returned_to_freelist: 520.
num_chunks_taken_from_freelist: 4125.
num_chunk_merges: 131.
num_chunk_splits: 2620.
num_chunks_enlarged: 1967.
num_inconsistent_stats: 0.

CodeCache: size=49152Kb used=13429Kb max_used=14383Kb free=35722Kb
 bounds [0x0000016c51150000, 0x0000016c51ff0000, 0x0000016c54150000]
 total_blobs=7607 nmethods=6917 adapters=614
 compilation: enabled
              stopped_count=0, restarted_count=0
 full_count=0

Compilation events (20 events):
Event: 569.028 Thread 0x0000016c593d34f0 7527       1       org.apache.catalina.connector.Request::getDispatcherType (14 bytes)
Event: 569.028 Thread 0x0000016c593d34f0 nmethod 7527 0x0000016c51501810 code [0x0000016c515019a0, 0x0000016c51501ab8]
Event: 569.028 Thread 0x0000016c593d34f0 7529       1       java.util.Collections::list (33 bytes)
Event: 569.028 Thread 0x0000016c593d34f0 nmethod 7529 0x0000016c51501090 code [0x0000016c51501280, 0x0000016c51501618]
Event: 569.029 Thread 0x0000016c593d34f0 7528       1       org.springframework.util.StringUtils::toStringArray (18 bytes)
Event: 569.029 Thread 0x0000016c593d34f0 nmethod 7528 0x0000016c51500710 code [0x0000016c51500920, 0x0000016c51500dd0]
Event: 569.029 Thread 0x0000016c593d34f0 7530       1       org.springframework.http.MediaType::isLessSpecific (12 bytes)
Event: 569.030 Thread 0x0000016c593d34f0 nmethod 7530 0x0000016c51500290 code [0x0000016c51500460, 0x0000016c51500618]
Event: 569.030 Thread 0x0000016c593d34f0 7531   !   1       org.apache.catalina.connector.Request::notifyAttributeRemoved (153 bytes)
Event: 569.031 Thread 0x0000016c593d34f0 nmethod 7531 0x0000016c514ff110 code [0x0000016c514ff3a0, 0x0000016c514ffc20]
Event: 576.835 Thread 0x0000016c593d34f0 7532       1       java.time.LocalDateTime::getLong (47 bytes)
Event: 576.837 Thread 0x0000016c593d34f0 nmethod 7532 0x0000016c514feb90 code [0x0000016c514fed60, 0x0000016c514fefc8]
Event: 576.837 Thread 0x0000016c593d34f0 7533       1       java.time.temporal.ChronoField::isTimeBased (19 bytes)
Event: 576.838 Thread 0x0000016c593d34f0 nmethod 7533 0x0000016c514fe890 code [0x0000016c514fea20, 0x0000016c514feaf8]
Event: 576.838 Thread 0x0000016c593d34f0 7534       1       java.time.format.DateTimePrintContext::getDecimalStyle (8 bytes)
Event: 576.838 Thread 0x0000016c593d34f0 nmethod 7534 0x0000016c514fe590 code [0x0000016c514fe720, 0x0000016c514fe7f0]
Event: 576.838 Thread 0x0000016c593d34f0 7535       1       java.time.format.DateTimeFormatter::getDecimalStyle (5 bytes)
Event: 576.838 Thread 0x0000016c593d34f0 nmethod 7535 0x0000016c514fe290 code [0x0000016c514fe420, 0x0000016c514fe4e8]
Event: 576.838 Thread 0x0000016c593d34f0 7536       1       java.time.format.DecimalStyle::getZeroDigit (5 bytes)
Event: 576.838 Thread 0x0000016c593d34f0 nmethod 7536 0x0000016c514fdf90 code [0x0000016c514fe120, 0x0000016c514fe1f0]

GC Heap History (20 events):
Event: 4.733 GC heap before
{Heap before GC invocations=16 (full 0):
 garbage-first heap   total 65536K, used 56184K [0x0000000083a00000, 0x0000000100000000)
  region size 1024K, 37 young (37888K), 4 survivors (4096K)
 Metaspace       used 37474K, committed 38080K, reserved 1114112K
  class space    used 4984K, committed 5248K, reserved 1048576K
}
Event: 4.741 GC heap after
{Heap after GC invocations=17 (full 0):
 garbage-first heap   total 65536K, used 24199K [0x0000000083a00000, 0x0000000100000000)
  region size 1024K, 5 young (5120K), 5 survivors (5120K)
 Metaspace       used 37474K, committed 38080K, reserved 1114112K
  class space    used 4984K, committed 5248K, reserved 1048576K
}
Event: 5.133 GC heap before
{Heap before GC invocations=17 (full 0):
 garbage-first heap   total 65536K, used 54919K [0x0000000083a00000, 0x0000000100000000)
  region size 1024K, 35 young (35840K), 5 survivors (5120K)
 Metaspace       used 40382K, committed 41024K, reserved 1114112K
  class space    used 5392K, committed 5696K, reserved 1048576K
}
Event: 5.138 GC heap after
{Heap after GC invocations=18 (full 0):
 garbage-first heap   total 78848K, used 26020K [0x0000000083a00000, 0x0000000100000000)
  region size 1024K, 4 young (4096K), 4 survivors (4096K)
 Metaspace       used 40382K, committed 41024K, reserved 1114112K
  class space    used 5392K, committed 5696K, reserved 1048576K
}
Event: 5.551 GC heap before
{Heap before GC invocations=18 (full 0):
 garbage-first heap   total 78848K, used 68004K [0x0000000083a00000, 0x0000000100000000)
  region size 1024K, 46 young (47104K), 4 survivors (4096K)
 Metaspace       used 44144K, committed 44800K, reserved 1114112K
  class space    used 5991K, committed 6272K, reserved 1048576K
}
Event: 5.557 GC heap after
{Heap after GC invocations=19 (full 0):
 garbage-first heap   total 78848K, used 29457K [0x0000000083a00000, 0x0000000100000000)
  region size 1024K, 6 young (6144K), 6 survivors (6144K)
 Metaspace       used 44144K, committed 44800K, reserved 1114112K
  class space    used 5991K, committed 6272K, reserved 1048576K
}
Event: 5.861 GC heap before
{Heap before GC invocations=19 (full 0):
 garbage-first heap   total 78848K, used 66321K [0x0000000083a00000, 0x0000000100000000)
  region size 1024K, 42 young (43008K), 6 survivors (6144K)
 Metaspace       used 47372K, committed 48000K, reserved 1114112K
  class space    used 6427K, committed 6720K, reserved 1048576K
}
Event: 5.865 GC heap after
{Heap after GC invocations=20 (full 0):
 garbage-first heap   total 78848K, used 30747K [0x0000000083a00000, 0x0000000100000000)
  region size 1024K, 2 young (2048K), 2 survivors (2048K)
 Metaspace       used 47372K, committed 48000K, reserved 1114112K
  class space    used 6427K, committed 6720K, reserved 1048576K
}
Event: 5.977 GC heap before
{Heap before GC invocations=20 (full 0):
 garbage-first heap   total 78848K, used 40987K [0x0000000083a00000, 0x0000000100000000)
  region size 1024K, 13 young (13312K), 2 survivors (2048K)
 Metaspace       used 48249K, committed 48896K, reserved 1114112K
  class space    used 6560K, committed 6848K, reserved 1048576K
}
Event: 5.979 GC heap after
{Heap after GC invocations=21 (full 0):
 garbage-first heap   total 78848K, used 30840K [0x0000000083a00000, 0x0000000100000000)
  region size 1024K, 2 young (2048K), 2 survivors (2048K)
 Metaspace       used 48249K, committed 48896K, reserved 1114112K
  class space    used 6560K, committed 6848K, reserved 1048576K
}
Event: 6.543 GC heap before
{Heap before GC invocations=22 (full 0):
 garbage-first heap   total 78848K, used 70776K [0x0000000083a00000, 0x0000000100000000)
  region size 1024K, 41 young (41984K), 2 survivors (2048K)
 Metaspace       used 50905K, committed 51648K, reserved 1114112K
  class space    used 7032K, committed 7360K, reserved 1048576K
}
Event: 6.547 GC heap after
{Heap after GC invocations=23 (full 0):
 garbage-first heap   total 95232K, used 33287K [0x0000000083a00000, 0x0000000100000000)
  region size 1024K, 4 young (4096K), 4 survivors (4096K)
 Metaspace       used 50905K, committed 51648K, reserved 1114112K
  class space    used 7032K, committed 7360K, reserved 1048576K
}
Event: 7.067 GC heap before
{Heap before GC invocations=23 (full 0):
 garbage-first heap   total 95232K, used 84487K [0x0000000083a00000, 0x0000000100000000)
  region size 1024K, 54 young (55296K), 4 survivors (4096K)
 Metaspace       used 54628K, committed 55488K, reserved 1114112K
  class space    used 7560K, committed 7936K, reserved 1048576K
}
Event: 7.072 GC heap after
{Heap after GC invocations=24 (full 0):
 garbage-first heap   total 95232K, used 35650K [0x0000000083a00000, 0x0000000100000000)
  region size 1024K, 7 young (7168K), 7 survivors (7168K)
 Metaspace       used 54628K, committed 55488K, reserved 1114112K
  class space    used 7560K, committed 7936K, reserved 1048576K
}
Event: 16.120 GC heap before
{Heap before GC invocations=24 (full 0):
 garbage-first heap   total 95232K, used 80706K [0x0000000083a00000, 0x0000000100000000)
  region size 1024K, 51 young (52224K), 7 survivors (7168K)
 Metaspace       used 58134K, committed 59008K, reserved 1114112K
  class space    used 8080K, committed 8512K, reserved 1048576K
}
Event: 16.128 GC heap after
{Heap after GC invocations=25 (full 0):
 garbage-first heap   total 95232K, used 36562K [0x0000000083a00000, 0x0000000100000000)
  region size 1024K, 4 young (4096K), 4 survivors (4096K)
 Metaspace       used 58134K, committed 59008K, reserved 1114112K
  class space    used 8080K, committed 8512K, reserved 1048576K
}
Event: 76.381 GC heap before
{Heap before GC invocations=25 (full 0):
 garbage-first heap   total 95232K, used 83666K [0x0000000083a00000, 0x0000000100000000)
  region size 1024K, 51 young (52224K), 4 survivors (4096K)
 Metaspace       used 62821K, committed 63680K, reserved 1114112K
  class space    used 8675K, committed 9088K, reserved 1048576K
}
Event: 76.386 GC heap after
{Heap after GC invocations=26 (full 0):
 garbage-first heap   total 95232K, used 38561K [0x0000000083a00000, 0x0000000100000000)
  region size 1024K, 4 young (4096K), 4 survivors (4096K)
 Metaspace       used 62821K, committed 63680K, reserved 1114112K
  class space    used 8675K, committed 9088K, reserved 1048576K
}
Event: 278.000 GC heap before
{Heap before GC invocations=27 (full 0):
 garbage-first heap   total 95232K, used 83617K [0x0000000083a00000, 0x0000000100000000)
  region size 1024K, 49 young (50176K), 4 survivors (4096K)
 Metaspace       used 66802K, committed 67392K, reserved 1114112K
  class space    used 9202K, committed 9472K, reserved 1048576K
}
Event: 278.039 GC heap after
{Heap after GC invocations=28 (full 0):
 garbage-first heap   total 95232K, used 39845K [0x0000000083a00000, 0x0000000100000000)
  region size 1024K, 5 young (5120K), 5 survivors (5120K)
 Metaspace       used 66802K, committed 67392K, reserved 1114112K
  class space    used 9202K, committed 9472K, reserved 1048576K
}

Dll operation events (12 events):
Event: 0.016 Loaded shared library C:\Users\gowda\OneDrive\Documents\sts-4.30.0.RELEASE\plugins\org.eclipse.justj.openjdk.hotspot.jre.full.win32.x86_64_21.0.6.v20250130-0529\jre\bin\java.dll
Event: 0.062 Loaded shared library C:\Users\gowda\OneDrive\Documents\sts-4.30.0.RELEASE\plugins\org.eclipse.justj.openjdk.hotspot.jre.full.win32.x86_64_21.0.6.v20250130-0529\jre\bin\zip.dll
Event: 0.529 Loaded shared library C:\Users\gowda\OneDrive\Documents\sts-4.30.0.RELEASE\plugins\org.eclipse.justj.openjdk.hotspot.jre.full.win32.x86_64_21.0.6.v20250130-0529\jre\bin\instrument.dll
Event: 0.536 Loaded shared library C:\Users\gowda\OneDrive\Documents\sts-4.30.0.RELEASE\plugins\org.eclipse.justj.openjdk.hotspot.jre.full.win32.x86_64_21.0.6.v20250130-0529\jre\bin\net.dll
Event: 0.539 Loaded shared library C:\Users\gowda\OneDrive\Documents\sts-4.30.0.RELEASE\plugins\org.eclipse.justj.openjdk.hotspot.jre.full.win32.x86_64_21.0.6.v20250130-0529\jre\bin\nio.dll
Event: 0.544 Loaded shared library C:\Users\gowda\OneDrive\Documents\sts-4.30.0.RELEASE\plugins\org.eclipse.justj.openjdk.hotspot.jre.full.win32.x86_64_21.0.6.v20250130-0529\jre\bin\zip.dll
Event: 0.699 Loaded shared library C:\Users\gowda\OneDrive\Documents\sts-4.30.0.RELEASE\plugins\org.eclipse.justj.openjdk.hotspot.jre.full.win32.x86_64_21.0.6.v20250130-0529\jre\bin\jimage.dll
Event: 0.752 Loaded shared library C:\Users\gowda\OneDrive\Documents\sts-4.30.0.RELEASE\plugins\org.eclipse.justj.openjdk.hotspot.jre.full.win32.x86_64_21.0.6.v20250130-0529\jre\bin\management.dll
Event: 0.766 Loaded shared library C:\Users\gowda\OneDrive\Documents\sts-4.30.0.RELEASE\plugins\org.eclipse.justj.openjdk.hotspot.jre.full.win32.x86_64_21.0.6.v20250130-0529\jre\bin\management_ext.dll
Event: 1.050 Loaded shared library C:\Users\gowda\OneDrive\Documents\sts-4.30.0.RELEASE\plugins\org.eclipse.justj.openjdk.hotspot.jre.full.win32.x86_64_21.0.6.v20250130-0529\jre\bin\extnet.dll
Event: 1.087 Loaded shared library C:\Users\gowda\OneDrive\Documents\sts-4.30.0.RELEASE\plugins\org.eclipse.justj.openjdk.hotspot.jre.full.win32.x86_64_21.0.6.v20250130-0529\jre\bin\verify.dll
Event: 2.747 Loaded shared library C:\Users\gowda\OneDrive\Documents\sts-4.30.0.RELEASE\plugins\org.eclipse.justj.openjdk.hotspot.jre.full.win32.x86_64_21.0.6.v20250130-0529\jre\bin\sunmscapi.dll

Deoptimization events (20 events):
Event: 334.181 Thread 0x0000016c60a467f0 DEOPT PACKING pc=0x0000016c512f584c sp=0x00000064b79febd0
Event: 334.181 Thread 0x0000016c60a467f0 DEOPT UNPACKING pc=0x0000016c511a88e2 sp=0x00000064b79fe110 mode 1
Event: 334.181 Thread 0x0000016c60a467f0 DEOPT PACKING pc=0x0000016c512f6c4c sp=0x00000064b79febd0
Event: 334.181 Thread 0x0000016c60a467f0 DEOPT UNPACKING pc=0x0000016c511a88e2 sp=0x00000064b79fe118 mode 1
Event: 334.181 Thread 0x0000016c60a467f0 DEOPT PACKING pc=0x0000016c512f76b4 sp=0x00000064b79fec90
Event: 334.181 Thread 0x0000016c60a467f0 DEOPT UNPACKING pc=0x0000016c511a88e2 sp=0x00000064b79fe138 mode 1
Event: 334.181 Thread 0x0000016c60a467f0 DEOPT PACKING pc=0x0000016c512f7a74 sp=0x00000064b79fec70
Event: 334.181 Thread 0x0000016c60a467f0 DEOPT UNPACKING pc=0x0000016c511a88e2 sp=0x00000064b79fe128 mode 1
Event: 402.068 Thread 0x0000016c5e922670 DEOPT PACKING pc=0x0000016c512f831c sp=0x00000064b5afedf0
Event: 402.069 Thread 0x0000016c5e922670 DEOPT UNPACKING pc=0x0000016c511a88e2 sp=0x00000064b5afe2a8 mode 1
Event: 402.069 Thread 0x0000016c5e922670 DEOPT PACKING pc=0x0000016c512f584c sp=0x00000064b5afed80
Event: 402.069 Thread 0x0000016c5e922670 DEOPT UNPACKING pc=0x0000016c511a88e2 sp=0x00000064b5afe2c0 mode 1
Event: 402.070 Thread 0x0000016c5e922670 DEOPT PACKING pc=0x0000016c512f6c4c sp=0x00000064b5afed80
Event: 402.070 Thread 0x0000016c5e922670 DEOPT UNPACKING pc=0x0000016c511a88e2 sp=0x00000064b5afe2c8 mode 1
Event: 402.070 Thread 0x0000016c5e922670 DEOPT PACKING pc=0x0000016c512f76b4 sp=0x00000064b5afee40
Event: 402.070 Thread 0x0000016c5e922670 DEOPT UNPACKING pc=0x0000016c511a88e2 sp=0x00000064b5afe2e8 mode 1
Event: 402.070 Thread 0x0000016c5e922670 DEOPT PACKING pc=0x0000016c512f7a74 sp=0x00000064b5afee20
Event: 402.070 Thread 0x0000016c5e922670 DEOPT UNPACKING pc=0x0000016c511a88e2 sp=0x00000064b5afe2d8 mode 1
Event: 584.411 Thread 0x0000016c5e922670 DEOPT PACKING pc=0x0000016c51347e2c sp=0x00000064b5aff1c0
Event: 584.411 Thread 0x0000016c5e922670 DEOPT UNPACKING pc=0x0000016c511a88e2 sp=0x00000064b5afe698 mode 0

Classes loaded (20 events):
Event: 278.275 Loading class sun/security/util/ArrayUtil
Event: 278.276 Loading class sun/security/util/ArrayUtil done
Event: 278.276 Loading class com/sun/crypto/provider/GaloisCounterMode$GCMEncrypt
Event: 278.278 Loading class com/sun/crypto/provider/GaloisCounterMode$GCMEngine
Event: 278.279 Loading class com/sun/crypto/provider/GaloisCounterMode$GCMEngine done
Event: 278.279 Loading class com/sun/crypto/provider/GaloisCounterMode$GCMEncrypt done
Event: 278.280 Loading class com/sun/crypto/provider/GCTR
Event: 278.281 Loading class com/sun/crypto/provider/GCM
Event: 278.282 Loading class com/sun/crypto/provider/GCM done
Event: 278.282 Loading class com/sun/crypto/provider/CounterMode
Event: 278.283 Loading class com/sun/crypto/provider/CounterMode done
Event: 278.283 Loading class com/sun/crypto/provider/GCTR done
Event: 278.283 Loading class com/sun/crypto/provider/GHASH
Event: 278.284 Loading class com/sun/crypto/provider/GHASH done
Event: 278.285 Loading class com/sun/crypto/provider/GaloisCounterMode$EncryptOp
Event: 278.286 Loading class com/sun/crypto/provider/GaloisCounterMode$GCMOperation
Event: 278.286 Loading class com/sun/crypto/provider/GaloisCounterMode$GCMOperation done
Event: 278.286 Loading class com/sun/crypto/provider/GaloisCounterMode$EncryptOp done
Event: 397.055 Loading class java/util/concurrent/ForkJoinTask$AdaptedRunnableAction
Event: 397.055 Loading class java/util/concurrent/ForkJoinTask$AdaptedRunnableAction done

Classes unloaded (20 events):
Event: 76.408 Thread 0x0000016c59391a20 Unloading class 0x0000016c010c0800 'java/lang/invoke/LambdaForm$MH+0x0000016c010c0800'
Event: 76.408 Thread 0x0000016c59391a20 Unloading class 0x0000016c010c0400 'java/lang/invoke/LambdaForm$DMH+0x0000016c010c0400'
Event: 76.408 Thread 0x0000016c59391a20 Unloading class 0x0000016c010c0000 'java/lang/invoke/LambdaForm$DMH+0x0000016c010c0000'
Event: 76.408 Thread 0x0000016c59391a20 Unloading class 0x0000016c0100b800 'java/lang/invoke/LambdaForm$MH+0x0000016c0100b800'
Event: 76.408 Thread 0x0000016c59391a20 Unloading class 0x0000016c0100ac00 'java/lang/invoke/LambdaForm$MH+0x0000016c0100ac00'
Event: 76.408 Thread 0x0000016c59391a20 Unloading class 0x0000016c0100a800 'java/lang/invoke/LambdaForm$MH+0x0000016c0100a800'
Event: 76.408 Thread 0x0000016c59391a20 Unloading class 0x0000016c0100a400 'java/lang/invoke/LambdaForm$MH+0x0000016c0100a400'
Event: 76.408 Thread 0x0000016c59391a20 Unloading class 0x0000016c01009c00 'java/lang/invoke/LambdaForm$MH+0x0000016c01009c00'
Event: 76.408 Thread 0x0000016c59391a20 Unloading class 0x0000016c01009000 'java/lang/invoke/LambdaForm$MH+0x0000016c01009000'
Event: 76.408 Thread 0x0000016c59391a20 Unloading class 0x0000016c01008000 'java/lang/invoke/LambdaForm$MH+0x0000016c01008000'
Event: 76.408 Thread 0x0000016c59391a20 Unloading class 0x0000016c01007c00 'java/lang/invoke/LambdaForm$MH+0x0000016c01007c00'
Event: 76.408 Thread 0x0000016c59391a20 Unloading class 0x0000016c01007400 'java/lang/invoke/LambdaForm$MH+0x0000016c01007400'
Event: 76.408 Thread 0x0000016c59391a20 Unloading class 0x0000016c01006c00 'java/lang/invoke/LambdaForm$MH+0x0000016c01006c00'
Event: 76.408 Thread 0x0000016c59391a20 Unloading class 0x0000016c01006400 'java/lang/invoke/LambdaForm$MH+0x0000016c01006400'
Event: 76.408 Thread 0x0000016c59391a20 Unloading class 0x0000016c01005c00 'java/lang/invoke/LambdaForm$MH+0x0000016c01005c00'
Event: 76.408 Thread 0x0000016c59391a20 Unloading class 0x0000016c01005400 'java/lang/invoke/LambdaForm$MH+0x0000016c01005400'
Event: 76.408 Thread 0x0000016c59391a20 Unloading class 0x0000016c01004000 'java/lang/invoke/LambdaForm$MH+0x0000016c01004000'
Event: 76.408 Thread 0x0000016c59391a20 Unloading class 0x0000016c01003c00 'java/lang/invoke/LambdaForm$MH+0x0000016c01003c00'
Event: 76.408 Thread 0x0000016c59391a20 Unloading class 0x0000016c01003800 'java/lang/invoke/LambdaForm$MH+0x0000016c01003800'
Event: 76.408 Thread 0x0000016c59391a20 Unloading class 0x0000016c01003400 'java/lang/invoke/LambdaForm$MH+0x0000016c01003400'

Classes redefined (0 events):
No events

Internal exceptions (20 events):
Event: 7.796 Thread 0x0000016c60a46160 Exception <a 'java/lang/ClassNotFoundException'{0x00000000884fd660}: org/springframework/boot/actuate/endpoint/jmx/EndpointMBean> (0x00000000884fd660) 
thrown [s\src\hotspot\share\classfile\systemDictionary.cpp, line 312]
Event: 7.796 Thread 0x0000016c60a46160 Exception <a 'java/lang/ClassNotFoundException'{0x00000000884fda28}: org/springframework/boot/actuate/endpoint/jmx/DataEndpointMBean> (0x00000000884fda28) 
thrown [s\src\hotspot\share\classfile\systemDictionary.cpp, line 312]
Event: 7.796 Thread 0x0000016c60a46160 Exception <a 'java/lang/ClassNotFoundException'{0x00000000884fdde8}: org/springframework/context/support/LiveBeansView> (0x00000000884fdde8) 
thrown [s\src\hotspot\share\classfile\systemDictionary.cpp, line 312]
Event: 7.809 Thread 0x0000016c60a46160 Exception <a 'java/lang/NoSuchMethodError'{0x0000000088358ca0}: 'java.lang.Object java.lang.invoke.DirectMethodHandle$Holder.newInvokeSpecial(java.lang.Object, java.lang.Object, java.lang.Object, java.lang.Object, int)'> (0x0000000088358ca0) 
thrown [s\src\hotspot\share\interpreter\linkResolver.cpp, line 773]
Event: 7.810 Thread 0x0000016c60a46160 Exception <a 'java/lang/NoSuchMethodError'{0x000000008835cd20}: 'java.lang.Object java.lang.invoke.DirectMethodHandle$Holder.invokeSpecial(java.lang.Object, java.lang.Object, java.lang.Object, java.lang.Object, java.lang.Object, int)'> (0x000000008835cd20) 
thrown [s\src\hotspot\share\interpreter\linkResolver.cpp, line 773]
Event: 7.810 Thread 0x0000016c60a46160 Exception <a 'java/lang/NoSuchMethodError'{0x00000000883605b0}: 'java.lang.Object java.lang.invoke.Invokers$Holder.linkToTargetMethod(java.lang.Object, java.lang.Object, java.lang.Object, int, java.lang.Object)'> (0x00000000883605b0) 
thrown [s\src\hotspot\share\interpreter\linkResolver.cpp, line 773]
Event: 15.902 Thread 0x0000016c5eb87580 Exception <a 'java/lang/NoSuchMethodError'{0x0000000087588858}: 'java.lang.Object java.lang.invoke.DirectMethodHandle$Holder.invokeStatic(java.lang.Object, java.lang.Object, java.lang.Object, int, int)'> (0x0000000087588858) 
thrown [s\src\hotspot\share\interpreter\linkResolver.cpp, line 773]
Event: 15.903 Thread 0x0000016c5eb87580 Exception <a 'java/lang/NoSuchMethodError'{0x000000008758c038}: 'java.lang.Object java.lang.invoke.DirectMethodHandle$Holder.invokeStaticInit(java.lang.Object, java.lang.Object, java.lang.Object, int, int)'> (0x000000008758c038) 
thrown [s\src\hotspot\share\interpreter\linkResolver.cpp, line 773]
Event: 15.974 Thread 0x0000016c60a44090 Exception <a 'java/lang/NoSuchMethodError'{0x000000008717d850}: 'java.lang.Object java.lang.invoke.DirectMethodHandle$Holder.invokeSpecial(java.lang.Object, java.lang.Object, java.lang.Object, java.lang.Object, java.lang.Object, long)'> (0x000000008717d850) 
thrown [s\src\hotspot\share\interpreter\linkResolver.cpp, line 773]
Event: 15.974 Thread 0x0000016c60a44090 Exception <a 'java/lang/NoSuchMethodError'{0x0000000087181030}: 'java.lang.Object java.lang.invoke.Invokers$Holder.linkToTargetMethod(java.lang.Object, java.lang.Object, java.lang.Object, long, java.lang.Object)'> (0x0000000087181030) 
thrown [s\src\hotspot\share\interpreter\linkResolver.cpp, line 773]
Event: 16.099 Thread 0x0000016c60a44090 Exception <a 'java/lang/NoSuchMethodError'{0x0000000086b35b20}: 'java.lang.Object java.lang.invoke.DirectMethodHandle$Holder.invokeStatic(java.lang.Object, int, int)'> (0x0000000086b35b20) 
thrown [s\src\hotspot\share\interpreter\linkResolver.cpp, line 773]
Event: 65.633 Thread 0x0000016c60a44090 Exception <a 'java/lang/IncompatibleClassChangeError'{0x0000000088295120}: Found class java.lang.Object, but interface was expected> (0x0000000088295120) 
thrown [s\src\hotspot\share\interpreter\linkResolver.cpp, line 840]
Event: 77.360 Thread 0x0000016c60a44090 Exception <a 'java/lang/NoSuchMethodError'{0x0000000088d3edf8}: 'long java.lang.invoke.DelegatingMethodHandle$Holder.reinvoke_L(java.lang.Object, java.lang.Object)'> (0x0000000088d3edf8) 
thrown [s\src\hotspot\share\interpreter\linkResolver.cpp, line 773]
Event: 77.696 Thread 0x0000016c5e920c30 Exception <a 'java/lang/NoSuchMethodError'{0x000000008855aae8}: 'java.lang.Object java.lang.invoke.DirectMethodHandle$Holder.invokeStaticInit(java.lang.Object, java.lang.Object, java.lang.Object, java.lang.Object, java.lang.Object, java.lang.Object)'> (0x000000008855aae8) 
thrown [s\src\hotspot\share\interpreter\linkResolver.cpp, line 773]
Event: 77.706 Thread 0x0000016c5e920c30 Exception <a 'java/lang/NoSuchMethodError'{0x00000000885b8310}: 'void java.lang.invoke.DirectMethodHandle$Holder.invokeSpecial(java.lang.Object, java.lang.Object, java.lang.Object, java.lang.Object, java.lang.Object, java.lang.Object, java.lang.Object, java.lang.Object)'> (0x00000000885b8310) 
thrown [s\src\hotspot\share\interpreter\linkResolver.cpp, line 773]
Event: 77.957 Thread 0x0000016c60a44090 Exception <a 'java/lang/NoSuchMethodError'{0x00000000880ca7b8}: 'java.lang.Object java.lang.invoke.DirectMethodHandle$Holder.newInvokeSpecial(java.lang.Object, java.lang.Object, java.lang.Object, java.lang.Object, long)'> (0x00000000880ca7b8) 
thrown [s\src\hotspot\share\interpreter\linkResolver.cpp, line 773]
Event: 100.465 Thread 0x0000016c60a44090 Exception <a 'java/lang/NoSuchMethodError'{0x00000000879e3518}: 'java.lang.Object java.lang.invoke.DirectMethodHandle$Holder.invokeStatic(java.lang.Object, int, java.lang.Object)'> (0x00000000879e3518) 
thrown [s\src\hotspot\share\interpreter\linkResolver.cpp, line 773]
Event: 277.758 Thread 0x0000016c5e921950 Exception <a 'java/lang/NoSuchMethodError'{0x0000000086ff68f0}: method resolution failed> (0x0000000086ff68f0) 
thrown [s\src\hotspot\share\prims\methodHandles.cpp, line 1144]
Event: 307.759 Thread 0x0000016c60a46160 Exception <a 'java/lang/NoSuchMethodError'{0x0000000088f224c0}: static [B.<clinit>()V> (0x0000000088f224c0) 
thrown [s\src\hotspot\share\prims\jni.cpp, line 1111]
Event: 307.759 Thread 0x0000016c5eb8aa00 Exception <a 'java/lang/NoSuchMethodError'{0x0000000088f40a20}: static [B.<clinit>()V> (0x0000000088f40a20) 
thrown [s\src\hotspot\share\prims\jni.cpp, line 1111]

ZGC Phase Switch (0 events):
No events

VM Operations (20 events):
Event: 591.554 Executing VM operation: virtual thread get/set locals
Event: 591.554 Executing VM operation: virtual thread get/set locals done
Event: 591.555 Executing VM operation: virtual thread get/set locals
Event: 591.555 Executing VM operation: virtual thread get/set locals done
Event: 591.555 Executing VM operation: virtual thread get/set locals
Event: 591.555 Executing VM operation: virtual thread get/set locals done
Event: 591.556 Executing VM operation: virtual thread get/set locals
Event: 591.556 Executing VM operation: virtual thread get/set locals done
Event: 591.556 Executing VM operation: virtual thread get/set locals
Event: 591.556 Executing VM operation: virtual thread get/set locals done
Event: 601.326 Executing VM operation: HandshakeAllThreads (HandshakeForDeflation)
Event: 601.326 Executing VM operation: HandshakeAllThreads (HandshakeForDeflation) done
Event: 601.326 Executing VM operation: RendezvousGCThreads
Event: 601.326 Executing VM operation: RendezvousGCThreads done
Event: 605.275 Executing VM operation: ChangeSingleStep
Event: 605.275 Executing VM operation: ChangeSingleStep done
Event: 605.276 Executing VM operation: ChangeSingleStep
Event: 605.276 Executing VM operation: ChangeSingleStep done
Event: 605.279 Executing VM operation: ChangeSingleStep
Event: 605.279 Executing VM operation: ChangeSingleStep done

Memory protections (0 events):
No events

Nmethod flushes (20 events):
Event: 76.416 Thread 0x0000016c59391a20 flushing  nmethod 0x0000016c516f2090
Event: 76.416 Thread 0x0000016c59391a20 flushing  nmethod 0x0000016c516f2d90
Event: 76.416 Thread 0x0000016c59391a20 flushing  nmethod 0x0000016c516f3310
Event: 76.416 Thread 0x0000016c59391a20 flushing  nmethod 0x0000016c51703690
Event: 76.416 Thread 0x0000016c59391a20 flushing  nmethod 0x0000016c51705890
Event: 76.416 Thread 0x0000016c59391a20 flushing  nmethod 0x0000016c51799390
Event: 76.416 Thread 0x0000016c59391a20 flushing  nmethod 0x0000016c51799990
Event: 76.416 Thread 0x0000016c59391a20 flushing  nmethod 0x0000016c5179a290
Event: 76.416 Thread 0x0000016c59391a20 flushing  nmethod 0x0000016c5179d190
Event: 76.416 Thread 0x0000016c59391a20 flushing  nmethod 0x0000016c5179d590
Event: 76.416 Thread 0x0000016c59391a20 flushing  nmethod 0x0000016c517a8c90
Event: 76.416 Thread 0x0000016c59391a20 flushing  nmethod 0x0000016c517a9a90
Event: 76.416 Thread 0x0000016c59391a20 flushing  nmethod 0x0000016c517aba10
Event: 76.416 Thread 0x0000016c59391a20 flushing  nmethod 0x0000016c517abd90
Event: 76.416 Thread 0x0000016c59391a20 flushing  nmethod 0x0000016c517ad090
Event: 76.416 Thread 0x0000016c59391a20 flushing  nmethod 0x0000016c51816a10
Event: 76.416 Thread 0x0000016c59391a20 flushing  nmethod 0x0000016c51816d10
Event: 76.416 Thread 0x0000016c59391a20 flushing  nmethod 0x0000016c51817b90
Event: 76.416 Thread 0x0000016c59391a20 flushing  nmethod 0x0000016c51818310
Event: 76.416 Thread 0x0000016c59391a20 flushing  nmethod 0x0000016c5181de90

Events (20 events):
Event: 91.584 Thread 0x0000016c60a45440 Thread exited: 0x0000016c60a45440
Event: 91.584 Thread 0x0000016c5eb89650 Thread exited: 0x0000016c5eb89650
Event: 91.584 Thread 0x0000016c5eb89ce0 Thread exited: 0x0000016c5eb89ce0
Event: 101.160 Thread 0x0000016c60a44090 Thread added: 0x0000016c5e921fe0
Event: 159.333 Thread 0x0000016c60a44090 Thread exited: 0x0000016c60a44090
Event: 164.934 Thread 0x0000016c60a46e80 Thread added: 0x0000016c5e921950
Event: 194.987 Thread 0x0000016c60a46e80 Thread exited: 0x0000016c60a46e80
Event: 225.215 Thread 0x0000016c60a44db0 Thread exited: 0x0000016c60a44db0
Event: 263.722 Thread 0x0000016c60a45ad0 Thread exited: 0x0000016c60a45ad0
Event: 277.734 Thread 0x0000016c5e921950 Thread added: 0x0000016c5e922670
Event: 277.735 Thread 0x0000016c5e921950 Thread added: 0x0000016c5e91ff10
Event: 277.782 Thread 0x0000016c5e921950 Thread added: 0x0000016c5e922d00
Event: 308.612 Thread 0x0000016c5e921950 Thread exited: 0x0000016c5e921950
Event: 326.877 Thread 0x0000016c593d34f0 Thread added: 0x0000016c5fe64860
Event: 326.877 Thread 0x0000016c593d34f0 Thread added: 0x0000016c5fe65600
Event: 331.895 Thread 0x0000016c5fe65600 Thread exited: 0x0000016c5fe65600
Event: 331.895 Thread 0x0000016c5fe64860 Thread exited: 0x0000016c5fe64860
Event: 364.218 Thread 0x0000016c60a467f0 Thread exited: 0x0000016c60a467f0
Event: 402.080 Thread 0x0000016c593d34f0 Thread added: 0x0000016c5fe64860
Event: 407.094 Thread 0x0000016c5fe64860 Thread exited: 0x0000016c5fe64860


Dynamic libraries:
0x00007ff62dc80000 - 0x00007ff62dc8e000 	C:\Users\gowda\OneDrive\Documents\sts-4.30.0.RELEASE\plugins\org.eclipse.justj.openjdk.hotspot.jre.full.win32.x86_64_21.0.6.v20250130-0529\jre\bin\javaw.exe
0x00007ffc37d60000 - 0x00007ffc37fc6000 	C:\WINDOWS\SYSTEM32\ntdll.dll
0x00007ffc372e0000 - 0x00007ffc373a9000 	C:\WINDOWS\System32\KERNEL32.DLL
0x00007ffc350a0000 - 0x00007ffc3549e000 	C:\WINDOWS\System32\KERNELBASE.dll
0x00007ffc354b0000 - 0x00007ffc355fc000 	C:\WINDOWS\System32\ucrtbase.dll
0x00007ffc11040000 - 0x00007ffc11058000 	C:\Users\gowda\OneDrive\Documents\sts-4.30.0.RELEASE\plugins\org.eclipse.justj.openjdk.hotspot.jre.full.win32.x86_64_21.0.6.v20250130-0529\jre\bin\jli.dll
0x00007ffc2c030000 - 0x00007ffc2c04e000 	C:\Users\gowda\OneDrive\Documents\sts-4.30.0.RELEASE\plugins\org.eclipse.justj.openjdk.hotspot.jre.full.win32.x86_64_21.0.6.v20250130-0529\jre\bin\VCRUNTIME140.dll
0x00007ffc35a60000 - 0x00007ffc35c27000 	C:\WINDOWS\System32\USER32.dll
0x00007ffc20670000 - 0x00007ffc20902000 	C:\WINDOWS\WinSxS\amd64_microsoft.windows.common-controls_6595b64144ccf1df_6.0.26100.8894_none_3e0f749ee32e02ea\COMCTL32.dll
0x00007ffc357f0000 - 0x00007ffc35817000 	C:\WINDOWS\System32\win32u.dll
0x00007ffc37200000 - 0x00007ffc372a9000 	C:\WINDOWS\System32\msvcrt.dll
0x00007ffc372b0000 - 0x00007ffc372db000 	C:\WINDOWS\System32\GDI32.dll
0x00007ffc356c0000 - 0x00007ffc357ea000 	C:\WINDOWS\System32\gdi32full.dll
0x00007ffc35610000 - 0x00007ffc356b3000 	C:\WINDOWS\System32\msvcp_win.dll
0x00007ffc35c30000 - 0x00007ffc35c62000 	C:\WINDOWS\System32\IMM32.DLL
0x00007ffc2c220000 - 0x00007ffc2c22c000 	C:\Users\gowda\OneDrive\Documents\sts-4.30.0.RELEASE\plugins\org.eclipse.justj.openjdk.hotspot.jre.full.win32.x86_64_21.0.6.v20250130-0529\jre\bin\vcruntime140_1.dll
0x00007ffbf90f0000 - 0x00007ffbf917d000 	C:\Users\gowda\OneDrive\Documents\sts-4.30.0.RELEASE\plugins\org.eclipse.justj.openjdk.hotspot.jre.full.win32.x86_64_21.0.6.v20250130-0529\jre\bin\msvcp140.dll
0x00007ffb84400000 - 0x00007ffb85190000 	C:\Users\gowda\OneDrive\Documents\sts-4.30.0.RELEASE\plugins\org.eclipse.justj.openjdk.hotspot.jre.full.win32.x86_64_21.0.6.v20250130-0529\jre\bin\server\jvm.dll
0x00007ffc37140000 - 0x00007ffc371f7000 	C:\WINDOWS\System32\ADVAPI32.dll
0x00007ffc36560000 - 0x00007ffc3660a000 	C:\WINDOWS\System32\sechost.dll
0x00007ffc36f80000 - 0x00007ffc37098000 	C:\WINDOWS\System32\RPCRT4.dll
0x00007ffc361d0000 - 0x00007ffc36250000 	C:\WINDOWS\System32\WS2_32.dll
0x00007ffc26ae0000 - 0x00007ffc26aeb000 	C:\WINDOWS\SYSTEM32\VERSION.dll
0x00007ffc34dd0000 - 0x00007ffc34e2e000 	C:\WINDOWS\SYSTEM32\POWRPROF.dll
0x00007ffc20af0000 - 0x00007ffc20b26000 	C:\WINDOWS\SYSTEM32\WINMM.dll
0x00007ffc34db0000 - 0x00007ffc34dc4000 	C:\WINDOWS\SYSTEM32\UMPDC.dll
0x00007ffc33c30000 - 0x00007ffc33c4b000 	C:\WINDOWS\SYSTEM32\kernel.appcore.dll
0x00007ffc30d60000 - 0x00007ffc30d6a000 	C:\Users\gowda\OneDrive\Documents\sts-4.30.0.RELEASE\plugins\org.eclipse.justj.openjdk.hotspot.jre.full.win32.x86_64_21.0.6.v20250130-0529\jre\bin\jimage.dll
0x00007ffc32400000 - 0x00007ffc32642000 	C:\WINDOWS\SYSTEM32\DBGHELP.DLL
0x00007ffc36a50000 - 0x00007ffc36dd3000 	C:\WINDOWS\System32\combase.dll
0x00007ffc36960000 - 0x00007ffc36a39000 	C:\WINDOWS\System32\OLEAUT32.dll
0x00007ffc184f0000 - 0x00007ffc1852b000 	C:\WINDOWS\SYSTEM32\dbgcore.DLL
0x00007ffc34fe0000 - 0x00007ffc3508c000 	C:\WINDOWS\System32\bcryptPrimitives.dll
0x00007ffc0ecc0000 - 0x00007ffc0ecfc000 	C:\Users\gowda\OneDrive\Documents\sts-4.30.0.RELEASE\plugins\org.eclipse.justj.openjdk.hotspot.jre.full.win32.x86_64_21.0.6.v20250130-0529\jre\bin\jdwp.dll
0x00007ffc2d2e0000 - 0x00007ffc2d2ef000 	C:\Users\gowda\OneDrive\Documents\sts-4.30.0.RELEASE\plugins\org.eclipse.justj.openjdk.hotspot.jre.full.win32.x86_64_21.0.6.v20250130-0529\jre\bin\instrument.dll
0x00007ffc10dd0000 - 0x00007ffc10def000 	C:\Users\gowda\OneDrive\Documents\sts-4.30.0.RELEASE\plugins\org.eclipse.justj.openjdk.hotspot.jre.full.win32.x86_64_21.0.6.v20250130-0529\jre\bin\java.dll
0x00007ffc373b0000 - 0x00007ffc37b42000 	C:\WINDOWS\System32\SHELL32.dll
0x00007ffc32a10000 - 0x00007ffc332a2000 	C:\WINDOWS\SYSTEM32\windows.storage.dll
0x00007ffc36860000 - 0x00007ffc36957000 	C:\WINDOWS\System32\SHCORE.dll
0x00007ffc364f0000 - 0x00007ffc36557000 	C:\WINDOWS\System32\shlwapi.dll
0x00007ffc34e70000 - 0x00007ffc34e99000 	C:\WINDOWS\SYSTEM32\profapi.dll
0x00007ffc0f880000 - 0x00007ffc0f898000 	C:\Users\gowda\OneDrive\Documents\sts-4.30.0.RELEASE\plugins\org.eclipse.justj.openjdk.hotspot.jre.full.win32.x86_64_21.0.6.v20250130-0529\jre\bin\zip.dll
0x00007ffc13e90000 - 0x00007ffc13e9b000 	C:\Users\gowda\OneDrive\Documents\sts-4.30.0.RELEASE\plugins\org.eclipse.justj.openjdk.hotspot.jre.full.win32.x86_64_21.0.6.v20250130-0529\jre\bin\dt_socket.dll
0x00007ffc335e0000 - 0x00007ffc33613000 	C:\WINDOWS\SYSTEM32\IPHLPAPI.DLL
0x00007ffc341e0000 - 0x00007ffc3424c000 	C:\WINDOWS\system32\mswsock.dll
0x00007ffc336d0000 - 0x00007ffc33826000 	C:\WINDOWS\SYSTEM32\DNSAPI.dll
0x00007ffc33fc0000 - 0x00007ffc33fcd000 	C:\WINDOWS\SYSTEM32\DSPARSE.dll
0x00007ffc36a40000 - 0x00007ffc36a4a000 	C:\WINDOWS\System32\NSI.dll
0x00007ffc2af80000 - 0x00007ffc2af8b000 	C:\Windows\System32\rasadhlp.dll
0x00007ffc275e0000 - 0x00007ffc27666000 	C:\WINDOWS\System32\fwpuclnt.dll
0x00007ffc2cf30000 - 0x00007ffc2cf40000 	C:\Users\gowda\OneDrive\Documents\sts-4.30.0.RELEASE\plugins\org.eclipse.justj.openjdk.hotspot.jre.full.win32.x86_64_21.0.6.v20250130-0529\jre\bin\net.dll
0x00007ffc2bcb0000 - 0x00007ffc2bdd7000 	C:\WINDOWS\SYSTEM32\WINHTTP.dll
0x00007ffc0f860000 - 0x00007ffc0f876000 	C:\Users\gowda\OneDrive\Documents\sts-4.30.0.RELEASE\plugins\org.eclipse.justj.openjdk.hotspot.jre.full.win32.x86_64_21.0.6.v20250130-0529\jre\bin\nio.dll
0x00007ffc2c0d0000 - 0x00007ffc2c0da000 	C:\Users\gowda\OneDrive\Documents\sts-4.30.0.RELEASE\plugins\org.eclipse.justj.openjdk.hotspot.jre.full.win32.x86_64_21.0.6.v20250130-0529\jre\bin\management.dll
0x00007ffc1f840000 - 0x00007ffc1f84b000 	C:\Users\gowda\OneDrive\Documents\sts-4.30.0.RELEASE\plugins\org.eclipse.justj.openjdk.hotspot.jre.full.win32.x86_64_21.0.6.v20250130-0529\jre\bin\management_ext.dll
0x00007ffc37130000 - 0x00007ffc37138000 	C:\WINDOWS\System32\PSAPI.DLL
0x00007ffc14030000 - 0x00007ffc14048000 	C:\WINDOWS\system32\napinsp.dll
0x00007ffc1dd40000 - 0x00007ffc1dd53000 	C:\WINDOWS\System32\winrnr.dll
0x00007ffc117e0000 - 0x00007ffc11802000 	C:\WINDOWS\system32\nlansp_c.dll
0x00007ffc2c480000 - 0x00007ffc2c496000 	C:\WINDOWS\system32\wshbth.dll
0x00007ffc344e0000 - 0x00007ffc344fb000 	C:\WINDOWS\SYSTEM32\CRYPTSP.dll
0x00007ffc33b90000 - 0x00007ffc33bc9000 	C:\WINDOWS\system32\rsaenh.dll
0x00007ffc342a0000 - 0x00007ffc342d2000 	C:\WINDOWS\SYSTEM32\USERENV.dll
0x00007ffc34e40000 - 0x00007ffc34e6a000 	C:\WINDOWS\SYSTEM32\bcrypt.dll
0x00007ffc34500000 - 0x00007ffc3450c000 	C:\WINDOWS\SYSTEM32\CRYPTBASE.dll
0x00007ffc2c170000 - 0x00007ffc2c179000 	C:\Users\gowda\OneDrive\Documents\sts-4.30.0.RELEASE\plugins\org.eclipse.justj.openjdk.hotspot.jre.full.win32.x86_64_21.0.6.v20250130-0529\jre\bin\extnet.dll
0x00007ffc2d320000 - 0x00007ffc2d330000 	C:\Users\gowda\OneDrive\Documents\sts-4.30.0.RELEASE\plugins\org.eclipse.justj.openjdk.hotspot.jre.full.win32.x86_64_21.0.6.v20250130-0529\jre\bin\verify.dll
0x00007ffc2c230000 - 0x00007ffc2c23e000 	C:\Users\gowda\OneDrive\Documents\sts-4.30.0.RELEASE\plugins\org.eclipse.justj.openjdk.hotspot.jre.full.win32.x86_64_21.0.6.v20250130-0529\jre\bin\sunmscapi.dll
0x00007ffc358e0000 - 0x00007ffc35a58000 	C:\WINDOWS\System32\CRYPT32.dll
0x00007ffc34720000 - 0x00007ffc34750000 	C:\WINDOWS\SYSTEM32\ncrypt.dll
0x00007ffc346d0000 - 0x00007ffc3470f000 	C:\WINDOWS\SYSTEM32\NTASN1.dll
0x00007ffc1dc90000 - 0x00007ffc1dc98000 	C:\WINDOWS\system32\wshunix.dll

dbghelp: loaded successfully - version: 4.0.5 - missing functions: none
symbol engine: initialized successfully - sym options: 0x614 - pdb path: .;C:\Users\gowda\OneDrive\Documents\sts-4.30.0.RELEASE\plugins\org.eclipse.justj.openjdk.hotspot.jre.full.win32.x86_64_21.0.6.v20250130-0529\jre\bin;C:\WINDOWS\SYSTEM32;C:\WINDOWS\WinSxS\amd64_microsoft.windows.common-controls_6595b64144ccf1df_6.0.26100.8894_none_3e0f749ee32e02ea;C:\Users\gowda\OneDrive\Documents\sts-4.30.0.RELEASE\plugins\org.eclipse.justj.openjdk.hotspot.jre.full.win32.x86_64_21.0.6.v20250130-0529\jre\bin\server

VM Arguments:
jvm_args: -XX:+ShowCodeDetailsInExceptionMessages -agentlib:jdwp=transport=dt_socket,suspend=y,address=localhost:62893 -Dcom.sun.management.jmxremote -Dcom.sun.management.jmxremote.port=59891 -Dcom.sun.management.jmxremote.authenticate=false -Dcom.sun.management.jmxremote.ssl=false -Djava.rmi.server.hostname=localhost -Dspring.jmx.enabled=true -Dmanagement.endpoints.jmx.exposure.include=* -Dspring.application.admin.enabled=true -Dspring.output.ansi.enabled=always -XX:TieredStopAtLevel=1 -Dspring.boot.project.name=broker-service -javaagent:C:\Users\gowda\OneDrive\Documents\sts-4.30.0.RELEASE\configuration\org.eclipse.osgi\270\0\.cp\lib\javaagent-shaded.jar -Dfile.encoding=UTF-8 -Dstdout.encoding=UTF-8 -Dstderr.encoding=UTF-8 
java_command: com.algotrade.broker_service.BrokerServiceApplication
java_class_path (initial): D:\Algo Trading Microservice Application\AlgoTrading springboot workspace\broker-service\target\classes;C:\Users\gowda\.m2\repository\org\springframework\boot\spring-boot-starter-web\3.5.14\spring-boot-starter-web-3.5.14.jar;C:\Users\gowda\.m2\repository\org\springframework\boot\spring-boot-starter\3.5.14\spring-boot-starter-3.5.14.jar;C:\Users\gowda\.m2\repository\org\springframework\boot\spring-boot\3.5.14\spring-boot-3.5.14.jar;C:\Users\gowda\.m2\repository\org\springframework\boot\spring-boot-autoconfigure\3.5.14\spring-boot-autoconfigure-3.5.14.jar;C:\Users\gowda\.m2\repository\org\springframework\boot\spring-boot-starter-logging\3.5.14\spring-boot-starter-logging-3.5.14.jar;C:\Users\gowda\.m2\repository\ch\qos\logback\logback-classic\1.5.32\logback-classic-1.5.32.jar;C:\Users\gowda\.m2\repository\ch\qos\logback\logback-core\1.5.32\logback-core-1.5.32.jar;C:\Users\gowda\.m2\repository\org\apache\logging\log4j\log4j-to-slf4j\2.24.3\log4j-to-slf4j-2.24.3.jar;C:\Users\gowda\.m2\repository\org\apache\logging\log4j\log4j-api\2.24.3\log4j-api-2.24.3.jar;C:\Users\gowda\.m2\repository\org\slf4j\jul-to-slf4j\2.0.17\jul-to-slf4j-2.0.17.jar;C:\Users\gowda\.m2\repository\org\yaml\snakeyaml\2.4\snakeyaml-2.4.jar;C:\Users\gowda\.m2\repository\org\springframework\boot\spring-boot-starter-json\3.5.14\spring-boot-starter-json-3.5.14.jar;C:\Users\gowda\.m2\repository\com\fasterxml\jackson\datatype\jackson-datatype-jdk8\2.21.2\jackson-datatype-jdk8-2.21.2.jar;C:\Users\gowda\.m2\repository\com\fasterxml\jackson\datatype\jackson-datatype-jsr310\2.21.2\jackson-datatype-jsr310-2.21.2.jar;C:\Users\gowda\.m2\repository\com\fasterxml\jackson\module\jackson-module-parameter-names\2.21.2\jackson-module-parameter-names-2.21.2.jar;C:\Users\gowda\.m2\repository\org\springframework\boot\spring-boot-starter-tomcat\3.5.14\spring-boot-starter-tomcat-3.5.14.jar;C:\Users\gowda\.m2\repository\org\apache\tomcat\embed\tomcat-embed-core\10.1.54\tomcat-embed-core-10.1.54.jar;C:\Users\gowda\.m2\repository\org\apache\tomcat\embed\tomcat-embed-websocket\10.1.54\tomcat-embed-websocket-10.1.54.jar;C:\Users\gowda\.m2\repository\org\springframework\spring-web\6.2.18\spring-web-6.2.18.jar;C:\Users\gowda\.m2\repository\org\springframework\spring-beans\6.2.18\spring-beans-6.2.18.jar;C:\Users\gowda\.m2\repository\org\springframework\spring-webmvc\6.2.18\spring-webmvc-6.2.18.jar;C:\Users\gowda\.m2\repository\org\springframework\spring-context\6.2.18\spring-context-6.2.18.jar;C:\Users\gowda\.m2\repository\org\springframework\spring-expression\6.2.18\spring-expression-6.2.18.jar;C:\Users\gowda\.m2\repository\org\springframework\boot\spring-boot-starter-security\3.5.14\spring-boot-starter-security-3.5.14.jar;C:\Users\gowda\.m2\repository\org\springframework\spring-aop\6.2.18\spring-aop-6.2.18.jar;C:\Users\gowda\.m2\repository\org\springframework\security\spring-security-config\6.5.10\spring-security-config-6.5.10.jar;C:\Users\gowda\.m2\repository\org\springframework\security\spring-security-web\6.5.10\spring-security-web-6.5.10.jar;C:\Users\gowda\.m2\repository\org\springframework\boot\spring-boot-starter-websocket\3.5.14\spring-boot-starter-websocket-3.5.14.jar;C:\Users\gowda\.m2\repository\org\springframework\spring-messaging\6.2.18\spring-messaging-6.2.18.jar;C:\Users\gowda\.m2\repository\org\springframework\spring-websocket\6.2.18\spring-websocket-6.2.18.jar;C:\Users\gowda\.m2\repository\org\springframework\boot\spring-boot-starter-data-redis\3.5.14\spring-boot-starter-data-redis-3.5.14.jar;C:\Users\gowda\.m2\repository\io\lettuce\lettuce-core\6.6.0.RELEASE\lettuce-core-6.6.0.RELEASE.jar;C:\Users\gowda\.m2\repository\redis\clients\authentication\redis-authx-core\0.1.1-beta2\redis-authx-core-0.1.1-beta2.jar;C:\Users\gowda\.m2\repository\io\netty\netty-common\4.1.132.Final\netty-common-4.1.132.Final.jar;C:\Users\gowda\.m2\repository\io\netty\netty-handler\4.1.132.Final\netty-handler-4.1.132.Final.jar;C:\Users\gowda\.m2\repository\io\netty\netty-resolver\4.1.132.Final\netty-resolver-4.1.132.Final.jar;C:\Users\gowda\.m2\repository\io\netty\netty-buffer\4.1.132.Final\netty-buffer-4.1.132.Final.jar;C:\Users\gowda\.m2\repository\io\netty\netty-transport-native-unix-common\4.1.132.Final\netty-transport-native-unix-common-4.1.132.Final.jar;C:\Users\gowda\.m2\repository\io\netty\netty-codec\4.1.132.Final\netty-codec-4.1.132.Final.jar;C:\Users\gowda\.m2\repository\io\netty\netty-transport\4.1.132.Final\netty-transport-4.1.132.Final.jar;C:\Users\gowda\.m2\repository\io\projectreactor\reactor-core\3.7.18\reactor-core-3.7.18.jar;C:\Users\gowda\.m2\repository\org\reactivestreams\reactive-streams\1.0.4\reactive-streams-1.0.4.jar;C:\Users\gowda\.m2\repository\org\springframework\data\spring-data-redis\3.5.11\spring-data-redis-3.5.11.jar;C:\Users\gowda\.m2\repository\org\springframework\data\spring-data-keyvalue\3.5.11\spring-data-keyvalue-3.5.11.jar;C:\Users\gowda\.m2\repository\org\springframework\data\spring-data-commons\3.5.11\spring-data-commons-3.5.11.jar;C:\Users\gowda\.m2\repository\org\springframework\spring-tx\6.2.18\spring-tx-6.2.18.jar;C:\Users\gowda\.m2\repository\org\springframework\spring-oxm\6.2.18\spring-oxm-6.2.18.jar;C:\Users\gowda\.m2\repository\org\springframework\spring-context-support\6.2.18\spring-context-support-6.2.18.jar;C:\Users\gowda\.m2\repository\org\springframework\boot\spring-boot-starter-validation\3.5.14\spring-boot-starter-validation-3.5.14.jar;C:\Users\gowda\.m2\repository\org\apache\tomcat\embed\tomcat-embed-el\10.1.54\tomcat-embed-el-10.1.54.jar;C:\Users\gowda\.m2\repository\org\hibernate\validator\hibernate-validator\8.0.3.Final\hibernate-validator-8.0.3.Final.jar;C:\Users\gowda\.m2\repository\jakarta\validation\jakarta.validation-api\3.0.2\jakarta.validation-api-3.0.2.jar;C:\Users\gowda\.m2\repository\org\jboss\logging\jboss-logging\3.6.3.Final\jboss-logging-3.6.3.Final.jar;C:\Users\gowda\.m2\repository\com\fasterxml\classmate\1.7.3\classmate-1.7.3.jar;C:\Users\gowda\.m2\repository\org\springframework\boot\spring-boot-starter-actuator\3.5.14\spring-boot-starter-actuator-3.5.14.jar;C:\Users\gowda\.m2\repository\org\springframework\boot\spring-boot-actuator-autoconfigure\3.5.14\spring-boot-actuator-autoconfigure-3.5.14.jar;C:\Users\gowda\.m2\repository\org\springframework\boot\spring-boot-actuator\3.5.14\spring-boot-actuator-3.5.14.jar;C:\Users\gowda\.m2\repository\io\micrometer\micrometer-observation\1.15.11\micrometer-observation-1.15.11.jar;C:\Users\gowda\.m2\repository\io\micrometer\micrometer-commons\1.15.11\micrometer-commons-1.15.11.jar;C:\Users\gowda\.m2\repository\io\micrometer\micrometer-jakarta9\1.15.11\micrometer-jakarta9-1.15.11.jar;C:\Users\gowda\.m2\repository\io\micrometer\micrometer-core\1.15.11\micrometer-core-1.15.11.jar;C:\Users\gowda\.m2\repository\org\hdrhistogram\HdrHistogram\2.2.2\HdrHistogram-2.2.2.jar;C:\Users\gowda\.m2\repository\org\latencyutils\LatencyUtils\2.0.3\LatencyUtils-2.0.3.jar;C:\Users\gowda\.m2\repository\org\apache\httpcomponents\client5\httpclient5\5.5.2\httpclient5-5.5.2.jar;C:\Users\gowda\.m2\repository\org\apache\httpcomponents\core5\httpcore5\5.3.6\httpcore5-5.3.6.jar;C:\Users\gowda\.m2\repository\org\apache\httpcomponents\core5\httpcore5-h2\5.3.6\httpcore5-h2-5.3.6.jar;C:\Users\gowda\.m2\repository\org\slf4j\slf4j-api\2.0.17\slf4j-api-2.0.17.jar;C:\Users\gowda\.m2\repository\io\jsonwebtoken\jjwt-api\0.12.6\jjwt-api-0.12.6.jar;C:\Users\gowda\.m2\repository\io\jsonwebtoken\jjwt-impl\0.12.6\jjwt-impl-0.12.6.jar;C:\Users\gowda\.m2\repository\io\jsonwebtoken\jjwt-jackson\0.12.6\jjwt-jackson-0.12.6.jar;C:\Users\gowda\.m2\repository\com\fasterxml\jackson\core\jackson-databind\2.21.2\jackson-databind-2.21.2.jar;C:\Users\gowda\.m2\repository\com\fasterxml\jackson\core\jackson-annotations\2.21\jackson-annotations-2.21.jar;C:\Users\gowda\.m2\repository\com\fasterxml\jackson\core\jackson-core\2.21.2\jackson-core-2.21.2.jar;D:\Algo Trading Microservice Application\AlgoTrading springboot workspace\common-cache-infrastructure\target\classes;C:\Users\gowda\.m2\repository\com\github\ben-manes\caffeine\caffeine\3.2.3\caffeine-3.2.3.jar;C:\Users\gowda\.m2\repository\org\jspecify\jspecify\1.0.0\jspecify-1.0.0.jar;C:\Users\gowda\.m2\repository\io\github\resilience4j\resilience4j-spring-boot3\2.4.0\resilience4j-spring-boot3-2.4.0.jar;C:\Users\gowda\.m2\repository\io\github\resilience4j\resilience4j-spring6\2.4.0\resilience4j-spring6-2.4.0.jar;C:\Users\gowda\.m2\repository\io\github\resilience4j\resilience4j-annotations\2.4.0\resilience4j-annotations-2.4.0.jar;C:\Users\gowda\.m2\repository\io\github\resilience4j\resilience4j-consumer\2.4.0\resilience4j-consumer-2.4.0.jar;C:\Users\gowda\.m2\repository\io\github\resilience4j\resilience4j-circularbuffer\2.4.0\resilience4j-circularbuffer-2.4.0.jar;C:\Users\gowda\.m2\repository\io\github\resilience4j\resilience4j-framework-common\2.4.0\resilience4j-framework-common-2.4.0.jar;C:\Users\gowda\.m2\repository\io\github\resilience4j\resilience4j-micrometer\2.4.0\resilience4j-micrometer-2.4.0.jar;C:\Users\gowda\.m2\repository\io\github\resilience4j\resilience4j-bulkhead\2.4.0\resilience4j-bulkhead-2.4.0.jar;C:\Users\gowda\.m2\repository\io\github\resilience4j\resilience4j-timelimiter\2.4.0\resilience4j-timelimiter-2.4.0.jar;C:\Users\gowda\.m2\repository\io\github\resilience4j\resilience4j-circuitbreaker\2.4.0\resilience4j-circuitbreaker-2.4.0.jar;C:\Users\gowda\.m2\repository\io\github\resilience4j\resilience4j-core\2.4.0\resilience4j-core-2.4.0.jar;C:\Users\gowda\.m2\repository\io\github\resilience4j\resilience4j-retry\2.4.0\resilience4j-retry-2.4.0.jar;C:\Users\gowda\.m2\repository\io\github\resilience4j\resilience4j-ratelimiter\2.4.0\resilience4j-ratelimiter-2.4.0.jar;C:\Users\gowda\.m2\repository\org\zeromq\jeromq\0.6.0\jeromq-0.6.0.jar;C:\Users\gowda\.m2\repository\eu\neilalexander\jnacl\1.0.0\jnacl-1.0.0.jar;C:\Users\gowda\.m2\repository\io\grpc\grpc-netty-shaded\1.81.0\grpc-netty-shaded-1.81.0.jar;C:\Users\gowda\.m2\repository\io\grpc\grpc-util\1.81.0\grpc-util-1.81.0.jar;C:\Users\gowda\.m2\repository\io\grpc\grpc-core\1.81.0\grpc-core-1.81.0.jar;C:\Users\gowda\.m2\repository\com\google\code\gson\gson\2.13.2\gson-2.13.2.jar;C:\Users\gowda\.m2\repository\com\google\android\annotations\4.1.1.4\annotations-4.1.1.4.jar;C:\Users\gowda\.m2\repository\io\grpc\grpc-context\1.81.0\grpc-context-1.81.0.jar;C:\Users\gowda\.m2\repository\com\google\guava\guava\33.5.0-android\guava-33.5.0-android.jar;C:\Users\gowda\.m2\repository\com\google\guava\failureaccess\1.0.3\failureaccess-1.0.3.jar;C:\Users\gowda\.m2\repository\com\google\guava\listenablefuture\9999.0-empty-to-avoid-conflict-with-guava\listenablefuture-9999.0-empty-to-avoid-conflict-with-guava.jar;C:\Users\gowda\.m2\repository\com\google\j2objc\j2objc-annotations\3.1\j2objc-annotations-3.1.jar;C:\Users\gowda\.m2\repository\com\google\errorprone\error_prone_annotations\2.48.0\error_prone_annotations-2.48.0.jar;C:\Users\gowda\.m2\repository\io\perfmark\perfmark-api\0.27.0\perfmark-api-0.27.0.jar;C:\Users\gowda\.m2\repository\io\grpc\grpc-api\1.81.0\grpc-api-1.81.0.jar;C:\Users\gowda\.m2\repository\org\codehaus\mojo\animal-sniffer-annotations\1.27\animal-sniffer-annotations-1.27.jar;C:\Users\gowda\.m2\repository\io\grpc\grpc-protobuf\1.81.0\grpc-protobuf-1.81.0.jar;C:\Users\gowda\.m2\repository\com\google\code\findbugs\jsr305\3.0.2\jsr305-3.0.2.jar;C:\Users\gowda\.m2\repository\com\google\api\grpc\proto-google-common-protos\2.64.1\proto-google-common-protos-2.64.1.jar;C:\Users\gowda\.m2\repository\io\grpc\grpc-protobuf-lite\1.81.0\grpc-protobuf-lite-1.81.0.jar;C:\Users\gowda\.m2\repository\io\grpc\grpc-stub\1.81.0\grpc-stub-1.81.0.jar;C:\Users\gowda\.m2\repository\com\google\protobuf\protobuf-java\3.25.5\protobuf-java-3.25.5.jar;C:\Users\gowda\.m2\repository\jakarta\annotation\jakarta.annotation-api\2.1.1\jakarta.annotation-api-2.1.1.jar;C:\Users\gowda\.m2\repository\org\projectlombok\lombok\1.18.46\lombok-1.18.46.jar;C:\Users\gowda\.m2\repository\jakarta\xml\bind\jakarta.xml.bind-api\4.0.4\jakarta.xml.bind-api-4.0.4.jar;C:\Users\gowda\.m2\repository\jakarta\activation\jakarta.activation-api\2.1.4\jakarta.activation-api-2.1.4.jar;C:\Users\gowda\.m2\repository\org\springframework\spring-core\6.2.18\spring-core-6.2.18.jar;C:\Users\gowda\.m2\repository\org\springframework\spring-jcl\6.2.18\spring-jcl-6.2.18.jar;C:\Users\gowda\.m2\repository\org\springframework\security\spring-security-core\6.5.10\spring-security-core-6.5.10.jar;C:\Users\gowda\.m2\repository\org\springframework\security\spring-security-crypto\6.5.10\spring-security-crypto-6.5.10.jar
Launcher Type: SUN_STANDARD

[Global flags]
     intx CICompilerCount                          = 4                                         {product} {ergonomic}
     uint ConcGCThreads                            = 2                                         {product} {ergonomic}
     uint G1ConcRefinementThreads                  = 8                                         {product} {ergonomic}
   size_t G1HeapRegionSize                         = 1048576                                   {product} {ergonomic}
    uintx GCDrainStackTargetSize                   = 64                                        {product} {ergonomic}
   size_t InitialHeapSize                          = 132120576                                 {product} {ergonomic}
     bool ManagementServer                         = true                                      {product} {command line}
   size_t MarkStackSize                            = 4194304                                   {product} {ergonomic}
   size_t MaxHeapSize                              = 2086666240                                {product} {ergonomic}
   size_t MaxNewSize                               = 1251999744                                {product} {ergonomic}
   size_t MinHeapDeltaBytes                        = 1048576                                   {product} {ergonomic}
   size_t MinHeapSize                              = 8388608                                   {product} {ergonomic}
    uintx NonNMethodCodeHeapSize                   = 4096                                   {pd product} {ergonomic}
    uintx NonProfiledCodeHeapSize                  = 0                                      {pd product} {ergonomic}
     bool ProfileInterpreter                       = false                                  {pd product} {command line}
    uintx ProfiledCodeHeapSize                     = 0                                      {pd product} {ergonomic}
     bool ShowCodeDetailsInExceptionMessages       = true                                   {manageable} {command line}
   size_t SoftMaxHeapSize                          = 2086666240                             {manageable} {ergonomic}
     intx TieredStopAtLevel                        = 1                                         {product} {command line}
     bool UseCompressedOops                        = true                           {product lp64_product} {ergonomic}
     bool UseG1GC                                  = true                                      {product} {ergonomic}
     bool UseLargePagesIndividualAllocation        = false                                  {pd product} {ergonomic}

Logging:
Log output configuration:
 #0: stdout all=warning uptime,level,tags foldmultilines=false
 #1: stderr all=off uptime,level,tags foldmultilines=false

Environment Variables:
JAVA_HOME=C:\Program Files\Java\jdk-21
PATH=C:\Users\gowda\OneDrive\Documents\sts-4.30.0.RELEASE\plugins\org.eclipse.justj.openjdk.hotspot.jre.full.win32.x86_64_21.0.6.v20250130-0529\jre\bin;C:/Users/gowda/OneDrive/Documents/sts-4.30.0.RELEASE//plugins/org.eclipse.justj.openjdk.hotspot.jre.full.win32.x86_64_21.0.6.v20250130-0529/jre/bin/server;C:/Users/gowda/OneDrive/Documents/sts-4.30.0.RELEASE//plugins/org.eclipse.justj.openjdk.hotspot.jre.full.win32.x86_64_21.0.6.v20250130-0529/jre/bin;C:\Python313\Scripts\;C:\Python313\;C:\Program Files\Common Files\Oracle\Java\javapath;C:\WINDOWS\system32;C:\WINDOWS;C:\WINDOWS\System32\Wbem;C:\WINDOWS\System32\WindowsPowerShell\v1.0\;C:\WINDOWS\System32\OpenSSH\;C:\Program Files\nodejs\;C:\ProgramData\chocolatey\bin;C:\Program Files\Docker\Docker\resources\bin;C:\sqlite;C:\Python313\Scripts;C:\Program Files\Git\cmd;C:\Program Files\Redis\;C:\Program Files\apache-maven-3.9.15\bin;C:\Program Files\PostgreSQL\18\bin;;C:\Program Files\OpenSSL-Win64\bin;C:\Program Files\MySQL\MySQL Shell 8.0\bin\;C:\Users\gowda\AppData\Local\Programs\Python\Python310\Scripts\;C:\Users\gowda\AppData\Local\Programs\Python\Python310\;C:\Users\gowda\AppData\Local\Microsoft\WindowsApps;C:\Users\gowda\AppData\Local\Programs\Microsoft VS Code\bin;C:\Users\gowda\AppData\Roaming\npm;C:\Users\gowda\OneDrive\Documents\sts-4.30.0.RELEASE;
USERNAME=SUBHASH_GOWDA
OS=Windows_NT
PROCESSOR_IDENTIFIER=Intel64 Family 6 Model 126 Stepping 5, GenuineIntel
TMP=C:\Users\gowda\AppData\Local\Temp
TEMP=C:\Users\gowda\AppData\Local\Temp




Periodic native trim disabled

---------------  S Y S T E M  ---------------

OS:
 Windows 11 , 64 bit Build 26100 (10.0.26100.8875)
OS uptime: 0 days 4:19 hours
Hyper-V role detected

CPU: total 8 (initial active 8) (4 cores per cpu, 2 threads per core) family 6 model 126 stepping 5 microcode 0xc2, cx8, cmov, fxsr, ht, mmx, 3dnowpref, sse, sse2, sse3, ssse3, sse4.1, sse4.2, popcnt, lzcnt, tsc, tscinvbit, avx, avx2, aes, erms, clmul, bmi1, bmi2, adx, avx512f, avx512dq, avx512cd, avx512bw, avx512vl, sha, fma, vzeroupper, avx512_vpopcntdq, avx512_vpclmulqdq, avx512_vaes, avx512_vnni, clflush, clflushopt, avx512_vbmi2, avx512_vbmi, hv, rdtscp, rdpid, fsrm, gfni, avx512_bitalg, f16c, avx512_ifma
Processor Information for the first 8 processors :
  Max Mhz: 1190, Current Mhz: 991, Mhz Limit: 987

Memory: 4k page, system-wide physical 7959M (303M free)
TotalPageFile size 20247M (AvailPageFile size 2125M)
current process WorkingSet (physical memory assigned to process): 158M, peak: 271M
current process commit charge ("private bytes"): 303M, peak: 303M

vm_info: OpenJDK 64-Bit Server VM (21.0.6+7-LTS) for windows-amd64 JRE (21.0.6+7-LTS), built on 2025-01-21T00:00:00Z by "admin" with MS VC++ 17.7 (VS2022)

END.
